<html>
<body>
<pre>
<h1>礦ision Build Log</h1>
<h2>Project:</h2>
D:\兼职项目\姿态测量系统\姿态测量系统后期文档\软件\数据采集板_V1.1.1\Project\Project.uvproj
Project File Date:  06/09/2014

<h2>Output:</h2>
Rebuild target 'ESC_v1.0'
compiling main.c...
compiling RTX_Config.c...
assembling startup_stm32f10x_md.s...
compiling misc.c...
compiling stm32f10x_crc.c...
compiling stm32f10x_dbgmcu.c...
compiling stm32f10x_dma.c...
compiling stm32f10x_exti.c...
compiling stm32f10x_gpio.c...
compiling stm32f10x_rcc.c...
compiling stm32f10x_tim.c...
compiling stm32f10x_usart.c...
compiling stm32f10x_adc.c...
compiling system_stm32f10x.c...
compiling TIM_INIT.c...
compiling USART_INIT.c...
compiling GPIO_Init.c...
linking...
Program Size: Code=16908 RO-data=312 RW-data=112 ZI-data=17976  
FromELF: creating hex file...
".\Output\Data_Board.axf" - 0 Error(s), 0 Warning(s).
</pre>
</body>
</html>
