ARM Linker, 5.02 [Build 28] [MDK-ARM Professional]

==============================================================================

Section Cross References

    system_stm32f10x.o(.text) refers to system_stm32f10x.o(.data) for SystemCoreClock
    startup_stm32f10x_md.o(STACK) refers (Special) to heapauxi.o(.text) for __use_two_region_memory
    startup_stm32f10x_md.o(HEAP) refers (Special) to heapauxi.o(.text) for __use_two_region_memory
    startup_stm32f10x_md.o(RESET) refers (Special) to heapauxi.o(.text) for __use_two_region_memory
    startup_stm32f10x_md.o(RESET) refers to startup_stm32f10x_md.o(STACK) for __initial_sp
    startup_stm32f10x_md.o(RESET) refers to startup_stm32f10x_md.o(.text) for Reset_Handler
    startup_stm32f10x_md.o(RESET) refers to stm32f10x_it.o(.text) for NMI_Handler
    startup_stm32f10x_md.o(RESET) refers to comm.o(.text) for USART1_IRQHandler
    startup_stm32f10x_md.o(RESET) refers to uart2.o(.text) for USART2_IRQHandler
    startup_stm32f10x_md.o(.text) refers (Special) to heapauxi.o(.text) for __use_two_region_memory
    startup_stm32f10x_md.o(.text) refers to system_stm32f10x.o(.text) for SystemInit
    startup_stm32f10x_md.o(.text) refers to __main.o(!!!main) for __main
    startup_stm32f10x_md.o(.text) refers to startup_stm32f10x_md.o(HEAP) for Heap_Mem
    startup_stm32f10x_md.o(.text) refers to startup_stm32f10x_md.o(STACK) for Stack_Mem
    delay.o(.text) refers to delay.o(.data) for fac_us
    ioi2c.o(.text) refers to stm32f10x_rcc.o(.text) for RCC_APB2PeriphClockCmd
    ioi2c.o(.text) refers to stm32f10x_gpio.o(.text) for GPIO_Init
    ioi2c.o(.text) refers to delay.o(.text) for delay_us
    hmc5883l.o(.text) refers to stm32f10x_gpio.o(.text) for GPIO_ReadInputDataBit
    hmc5883l.o(.text) refers to ioi2c.o(.text) for IICreadBytes
    hmc5883l.o(.text) refers to delay.o(.text) for delay_us
    hmc5883l.o(.text) refers to led.o(.text) for LED_Change
    hmc5883l.o(.text) refers to fflt_clz.o(x$fpl$fflt) for __aeabi_i2f
    hmc5883l.o(.text) refers to hmc5883l.o(.bss) for HMC5883_FIFO
    hmc5883l.o(.text) refers to hmc5883l.o(.data) for Hx_offset
    imu.o(.text) refers to stm32f10x_rcc.o(.text) for RCC_APB1PeriphClockCmd
    imu.o(.text) refers to stm32f10x_tim.o(.text) for TIM_TimeBaseStructInit
    imu.o(.text) refers to mpu6050.o(.text) for MPU6050_initialize
    imu.o(.text) refers to hmc5883l.o(.text) for HMC5883L_SetUp
    imu.o(.text) refers to bmp180.o(.text) for BMP180_init
    imu.o(.text) refers to delay.o(.text) for delay_ms
    imu.o(.text) refers to fflt_clz.o(x$fpl$fflt) for __aeabi_i2f
    imu.o(.text) refers to feqf.o(x$fpl$feqf) for __aeabi_cfcmpeq
    imu.o(.text) refers to fdiv.o(x$fpl$fdiv) for __aeabi_fdiv
    imu.o(.text) refers to fmul.o(x$fpl$fmul) for __aeabi_fmul
    imu.o(.text) refers to faddsub_clz.o(x$fpl$fadd) for __aeabi_fadd
    imu.o(.text) refers to f2d.o(x$fpl$f2d) for __aeabi_f2d
    imu.o(.text) refers to drleqf.o(x$fpl$drleqf) for __aeabi_cdrcmple
    imu.o(.text) refers to dleqf.o(x$fpl$dleqf) for __aeabi_cdcmple
    imu.o(.text) refers to asin.o(i.asin) for asin
    imu.o(.text) refers to d2f.o(x$fpl$d2f) for __aeabi_d2f
    imu.o(.text) refers to atan2.o(i.atan2) for atan2
    imu.o(.text) refers to cos.o(i.cos) for cos
    imu.o(.text) refers to sin.o(i.sin) for sin
    imu.o(.text) refers to dmul.o(x$fpl$dmul) for __aeabi_dmul
    imu.o(.text) refers to ddiv.o(x$fpl$ddiv) for __aeabi_ddiv
    imu.o(.text) refers to daddsub_clz.o(x$fpl$dsub) for __aeabi_dsub
    imu.o(.text) refers to calcquat.o(.data) for q0
    imu.o(.text) refers to imu.o(.data) for exInt
    imu.o(.text) refers to main.o(.data) for GyrAndAccSettings
    imu.o(.text) refers to imu.o(.bss) for mygetqval
    imu.o(.text) refers to fleqf.o(x$fpl$fleqf) for __aeabi_cfcmple
    imu.o(.text) refers to calcquat.o(.text) for EulorToQuat
    imu.o(.text) refers to fflt_clz.o(x$fpl$ffltu) for __aeabi_ui2f
    imu.o(.text) refers to faddsub_clz.o(x$fpl$fsub) for __aeabi_fsub
    imu.o(.text) refers to ffixu.o(x$fpl$ffixu) for __aeabi_f2uiz
    imu.o(.text) refers to frleqf.o(x$fpl$frleqf) for __aeabi_cfrcmple
    imu.o(.text) refers to uart2.o(.text) for myabs
    imu.o(.text) refers to comm.o(.data) for weightlessness
    led.o(.text) refers to stm32f10x_rcc.o(.text) for RCC_APB2PeriphClockCmd
    led.o(.text) refers to stm32f10x_gpio.o(.text) for GPIO_Init
    led.o(.text) refers to stm32f10x_tim.o(.text) for TIM_TimeBaseInit
    led.o(.text) refers to led.o(.data) for LightLevel
    mpu6050.o(.text) refers to ioi2c.o(.text) for IICwriteBits
    mpu6050.o(.text) refers to stm32f10x_gpio.o(.text) for GPIO_ReadInputDataBit
    mpu6050.o(.text) refers to delay.o(.text) for delay_us
    mpu6050.o(.text) refers to fflt_clz.o(x$fpl$fflt) for __aeabi_i2f
    mpu6050.o(.text) refers to uart2.o(.text) for myabs
    mpu6050.o(.text) refers to frleqf.o(x$fpl$frleqf) for __aeabi_cfrcmple
    mpu6050.o(.text) refers to mpu6050.o(.bss) for MPU6050_FIFO
[...]
    .data                                    0x2000014e   Section        4  uart2.o(.data)
    .data                                    0x20000152   Section        2  uarts.o(.data)
    .data                                    0x20000154   Section       76  bmp180.o(.data)
    .data                                    0x200001a0   Section        1  comm.o(.data)
    .data                                    0x200001a4   Section       52  main.o(.data)
    .data                                    0x200001d8   Section       20  stm32f10x_rcc.o(.data)
    APBAHBPrescTable                         0x200001d8   Data          16  stm32f10x_rcc.o(.data)
    ADCPrescTable                            0x200001e8   Data           4  stm32f10x_rcc.o(.data)
    .data                                    0x200001ec   Section       16  calcquat.o(.data)
    .bss                                     0x200001fc   Section       66  hmc5883l.o(.bss)
    .bss                                     0x20000240   Section      108  imu.o(.bss)
    .bss                                     0x200002ac   Section      146  mpu6050.o(.bss)
    .bss                                     0x2000033e   Section      358  uart2.o(.bss)
    .bss                                     0x200004a4   Section      258  uarts.o(.bss)
    .bss                                     0x200005a8   Section      384  bmp180.o(.bss)
    .bss                                     0x20000728   Section      166  comm.o(.bss)
    .bss                                     0x200007d0   Section       96  libspace.o(.bss)
    HEAP                                     0x20000830   Section      512  startup_stm32f10x_md.o(HEAP)
    Heap_Mem                                 0x20000830   Data         512  startup_stm32f10x_md.o(HEAP)
    STACK                                    0x20000a30   Section     1024  startup_stm32f10x_md.o(STACK)
    Stack_Mem                                0x20000a30   Data        1024  startup_stm32f10x_md.o(STACK)
    __initial_sp                             0x20000e30   Data           0  startup_stm32f10x_md.o(STACK)

    Global Symbols

    Symbol Name                              Value     Ov Type        Size  Object(Section)

    BuildAttributes$$THM_ISAv4$P$D$K$B$S$PE$A:L22UL41UL21$X:L11$S22US41US21$IEEE1$IW$USESV6$~STKCKD$USESV7$~SHL$OTIME$ROPI$IEEEX$EBA8$UX$STANDARDLIB$REQ8$PRES8$EABIv2 0x00000000   Number         0  anon$$obj.o ABSOLUTE
    __ARM_use_no_argv                        0x00000000   Number         0  main.o ABSOLUTE
    __ARM_exceptions_init                     - Undefined Weak Reference
    __alloca_initialize                       - Undefined Weak Reference
    __cpp_initialize__aeabi_                  - Undefined Weak Reference
    __cxa_finalize                            - Undefined Weak Reference
    __rt_locale                               - Undefined Weak Reference
    __sigvec_lookup                           - Undefined Weak Reference
    _atexit_init                              - Undefined Weak Reference
    _call_atexit_fns                          - Undefined Weak Reference
    _clock_init                               - Undefined Weak Reference
    _fp_trap_init                             - Undefined Weak Reference
    _fp_trap_shutdown                         - Undefined Weak Reference
    _get_lc_collate                           - Undefined Weak Reference
    _get_lc_ctype                             - Undefined Weak Reference
    _get_lc_monetary                          - Undefined Weak Reference
    _get_lc_numeric                           - Undefined Weak Reference
    _get_lc_time                              - Undefined Weak Reference
    _getenv_init                              - Undefined Weak Reference
    _handle_redirection                       - Undefined Weak Reference
    _init_alloc                               - Undefined Weak Reference
    _init_user_alloc                          - Undefined Weak Reference
    _initio                                   - Undefined Weak Reference
    _rand_init                                - Undefined Weak Reference
    _signal_finish                            - Undefined Weak Reference
    _signal_init                              - Undefined Weak Reference
    _terminate_alloc                          - Undefined Weak Reference
    _terminate_user_alloc                     - Undefined Weak Reference
    _terminateio                              - Undefined Weak Reference
    __Vectors_Size                           0x000000ec   Number         0  startup_stm32f10x_md.o ABSOLUTE
    __Vectors                                0x08000000   Data           4  startup_stm32f10x_md.o(RESET)
    __Vectors_End                            0x080000ec   Data           0  startup_stm32f10x_md.o(RESET)
    __main                                   0x080000ed   Thumb Code     8  __main.o(!!!main)
    __scatterload                            0x080000f5   Thumb Code     0  __scatter.o(!!!scatter)
    __scatterload_rt2                        0x080000f5   Thumb Code    44  __scatter.o(!!!scatter)
    __scatterload_rt2_thumb_only             0x080000f5   Thumb Code     0  __scatter.o(!!!scatter)
    __scatterload_null                       0x08000103   Thumb Code     0  __scatter.o(!!!scatter)
    __decompress                             0x08000129   Thumb Code    90  __dczerorl2.o(!!dczerorl2)
    __decompress1                            0x08000129   Thumb Code     0  __dczerorl2.o(!!dczerorl2)
    __scatterload_zeroinit                   0x08000185   Thumb Code    28  __scatter_zi.o(!!handler_zi)
    __rt_lib_init                            0x080001a1   Thumb Code     0  libinit.o(.ARM.Collect$$libinit$$00000000)
    __rt_lib_init_alloca_1                   0x080001a3   Thumb Code     0  libinit2.o(.ARM.Collect$$libinit$$0000002C)
    __rt_lib_init_argv_1                     0x080001a3   Thumb Code     0  libinit2.o(.ARM.Collect$$libinit$$0000002A)
    __rt_lib_init_atexit_1                   0x080001a3   Thumb Code     0  libinit2.o(.ARM.Collect$$libinit$$00000019)
    __rt_lib_init_clock_1                    0x080001a3   Thumb Code     0  libinit2.o(.ARM.Collect$$libinit$$0000001F)
    __rt_lib_init_cpp_1                      0x080001a3   Thumb Code     0  libinit2.o(.ARM.Collect$$libinit$$00000030)
    __rt_lib_init_exceptions_1               0x080001a3   Thumb Code     0  libinit2.o(.ARM.Collect$$libinit$$0000002E)
    __rt_lib_init_fp_1                       0x080001a3   Thumb Code     0  libinit2.o(.ARM.Collect$$libinit$$00000002)
    __rt_lib_init_fp_trap_1                  0x080001a3   Thumb Code     0  libinit2.o(.ARM.Collect$$libinit$$0000001D)
    __rt_lib_init_getenv_1                   0x080001a3   Thumb Code     0  libinit2.o(.ARM.Collect$$libinit$$00000021)
    __rt_lib_init_heap_1                     0x080001a3   Thumb Code     0  libinit2.o(.ARM.Collect$$libinit$$00000008)
    __rt_lib_init_lc_collate_1               0x080001a3   Thumb Code     0  libinit2.o(.ARM.Collect$$libinit$$0000000F)
    __rt_lib_init_lc_ctype_1                 0x080001a3   Thumb Code     0  libinit2.o(.ARM.Collect$$libinit$$00000011)
    __rt_lib_init_lc_monetary_1              0x080001a3   Thumb Code     0  libinit2.o(.ARM.Collect$$libinit$$00000013)
    __rt_lib_init_lc_numeric_1               0x080001a3   Thumb Code     0  libinit2.o(.ARM.Collect$$libinit$$00000015)
    __rt_lib_init_lc_time_1                  0x080001a3   Thumb Code     0  libinit2.o(.ARM.Collect$$libinit$$00000017)
    __rt_lib_init_rand_1                     0x080001a3   Thumb Code     0  libinit2.o(.ARM.Collect$$libinit$$0000000C)
    __rt_lib_init_return                     0x080001a3   Thumb Code     0  libinit2.o(.ARM.Collect$$libinit$$00000031)
    __rt_lib_init_signal_1                   0x080001a3   Thumb Code     0  libinit2.o(.ARM.Collect$$libinit$$0000001B)
    __rt_lib_init_stdio_1                    0x080001a3   Thumb Code     0  libinit2.o(.ARM.Collect$$libinit$$00000023)
    __rt_lib_init_user_alloc_1               0x080001a3   Thumb Code     0  libinit2.o(.ARM.Collect$$libinit$$0000000A)
    __rt_lib_shutdown                        0x080001a5   Thumb Code     0  libshutdown.o(.ARM.Collect$$libshutdown$$00000000)
    __rt_lib_shutdown_fp_trap_1              0x080001a7   Thumb Code     0  libshutdown2.o(.ARM.Collect$$libshutdown$$00000006)
    __rt_lib_shutdown_heap_1                 0x080001a7   Thumb Code     0  libshutdown2.o(.ARM.Collect$$libshutdown$$0000000E)
    __rt_lib_shutdown_return                 0x080001a7   Thumb Code     0  libshutdown2.o(.ARM.Collect$$libshutdown$$0000000F)
    __rt_lib_shutdown_signal_1               0x080001a7   Thumb Code     0  libshutdown2.o(.ARM.Collect$$libshutdown$$00000009)
    __rt_lib_shutdown_stdio_1                0x080001a7   Thumb Code     0  libshutdown2.o(.ARM.Collect$$libshutdown$$00000003)
    __rt_lib_shutdown_user_alloc_1           0x080001a7   Thumb Code     0  libshutdown2.o(.ARM.Collect$$libshutdown$$0000000B)
    __rt_entry                               0x080001a9   Thumb Code     0  rtentry.o(.ARM.Collect$$rtentry$$00000000)
    __rt_entry_presh_1                       0x080001a9   Thumb Code     0  rtentry2.o(.ARM.Collect$$rtentry$$00000002)
    __rt_entry_sh                            0x080001a9   Thumb Code     0  rtentry4.o(.ARM.Collect$$rtentry$$00000004)
    __rt_entry_li                            0x080001af   Thumb Code     0  rtentry2.o(.ARM.Collect$$rtentry$$0000000A)
    __rt_entry_postsh_1                      0x080001af   Thumb Code     0  rtentry2.o(.ARM.Collect$$rtentry$$00000009)
    __rt_entry_main                          0x080001b3   Thumb Code     0  rtentry2.o(.ARM.Collect$$rtentry$$0000000D)
    __rt_entry_postli_1                      0x080001b3   Thumb Code     0  rtentry2.o(.ARM.Collect$$rtentry$$0000000C)
    __rt_exit                                0x080001bb   Thumb Code     0  rtexit.o(.ARM.Collect$$rtexit$$00000000)
    __rt_exit_ls                             0x080001bd   Thumb Code     0  rtexit2.o(.ARM.Collect$$rtexit$$00000003)
    __rt_exit_prels_1                        0x080001bd   Thumb Code     0  rtexit2.o(.ARM.Collect$$rtexit$$00000002)
    __rt_exit_exit                           0x080001c1   Thumb Code     0  rtexit2.o(.ARM.Collect$$rtexit$$00000004)
    SystemInit                               0x08000291   Thumb Code    78  system_stm32f10x.o(.text)
    SystemCoreClockUpdate                    0x080002df   Thumb Code   142  system_stm32f10x.o(.text)
    Reset_Handler                            0x08000391   Thumb Code     8  startup_stm32f10x_md.o(.text)
    ADC1_2_IRQHandler                        0x080003ab   Thumb Code     0  startup_stm32f10x_md.o(.text)
    CAN1_RX1_IRQHandler                      0x080003ab   Thumb Code     0  startup_stm32f10x_md.o(.text)
    CAN1_SCE_IRQHandler                      0x080003ab   Thumb Code     0  startup_stm32f10x_md.o(.text)
    DMA1_Channel1_IRQHandler                 0x080003ab   Thumb Code     0  startup_stm32f10x_md.o(.text)
    DMA1_Channel2_IRQHandler                 0x080003ab   Thumb Code     0  startup_stm32f10x_md.o(.text)
    DMA1_Channel3_IRQHandler                 0x080003ab   Thumb Code     0  startup_stm32f10x_md.o(.text)
    DMA1_Channel4_IRQHandler                 0x080003ab   Thumb Code     0  startup_stm32f10x_md.o(.text)
    DMA1_Channel5_IRQHandler                 0x080003ab   Thumb Code     0  startup_stm32f10x_md.o(.text)
    DMA1_Channel6_IRQHandler                 0x080003ab   Thumb Code     0  startup_stm32f10x_md.o(.text)
    DMA1_Channel7_IRQHandler                 0x080003ab   Thumb Code     0  startup_stm32f10x_md.o(.text)
    EXTI0_IRQHandler                         0x080003ab   Thumb Code     0  startup_stm32f10x_md.o(.text)
    EXTI15_10_IRQHandler                     0x080003ab   Thumb Code     0  startup_stm32f10x_md.o(.text)
    EXTI1_IRQHandler                         0x080003ab   Thumb Code     0  startup_stm32f10x_md.o(.text)
    EXTI2_IRQHandler                         0x080003ab   Thumb Code     0  startup_stm32f10x_md.o(.text)
    EXTI3_IRQHandler                         0x080003ab   Thumb Code     0  startup_stm32f10x_md.o(.text)
    EXTI4_IRQHandler                         0x080003ab   Thumb Code     0  startup_stm32f10x_md.o(.text)
    EXTI9_5_IRQHandler                       0x080003ab   Thumb Code     0  startup_stm32f10x_md.o(.text)
    FLASH_IRQHandler                         0x080003ab   Thumb Code     0  startup_stm32f10x_md.o(.text)
    I2C1_ER_IRQHandler                       0x080003ab   Thumb Code     0  startup_stm32f10x_md.o(.text)
    I2C1_EV_IRQHandler                       0x080003ab   Thumb Code     0  startup_stm32f10x_md.o(.text)
    I2C2_ER_IRQHandler                       0x080003ab   Thumb Code     0  startup_stm32f10x_md.o(.text)
    I2C2_EV_IRQHandler                       0x080003ab   Thumb Code     0  startup_stm32f10x_md.o(.text)
    PVD_IRQHandler                           0x080003ab   Thumb Code     0  startup_stm32f10x_md.o(.text)
    RCC_IRQHandler                           0x080003ab   Thumb Code     0  startup_stm32f10x_md.o(.text)
    RTCAlarm_IRQHandler                      0x080003ab   Thumb Code     0  startup_stm32f10x_md.o(.text)
    RTC_IRQHandler                           0x080003ab   Thumb Code     0  startup_stm32f10x_md.o(.text)
    SPI1_IRQHandler                          0x080003ab   Thumb Code     0  startup_stm32f10x_md.o(.text)
    SPI2_IRQHandler                          0x080003ab   Thumb Code     0  startup_stm32f10x_md.o(.text)
    TAMPER_IRQHandler                        0x080003ab   Thumb Code     0  startup_stm32f10x_md.o(.text)
    TIM1_BRK_IRQHandler                      0x080003ab   Thumb Code     0  startup_stm32f10x_md.o(.text)
    TIM1_CC_IRQHandler                       0x080003ab   Thumb Code     0  startup_stm32f10x_md.o(.text)
    TIM1_TRG_COM_IRQHandler                  0x080003ab   Thumb Code     0  startup_stm32f10x_md.o(.text)
    TIM1_UP_IRQHandler                       0x080003ab   Thumb Code     0  startup_stm32f10x_md.o(.text)
    TIM2_IRQHandler                          0x080003ab   Thumb Code     0  startup_stm32f10x_md.o(.text)
    TIM3_IRQHandler                          0x080003ab   Thumb Code     0  startup_stm32f10x_md.o(.text)
    TIM4_IRQHandler                          0x080003ab   Thumb Code     0  startup_stm32f10x_md.o(.text)
    USART3_IRQHandler                        0x080003ab   Thumb Code     0  startup_stm32f10x_md.o(.text)
    USBWakeUp_IRQHandler                     0x080003ab   Thumb Code     0  startup_stm32f10x_md.o(.text)
    USB_HP_CAN1_TX_IRQHandler                0x080003ab   Thumb Code     0  startup_stm32f10x_md.o(.text)
    USB_LP_CAN1_RX0_IRQHandler               0x080003ab   Thumb Code     0  startup_stm32f10x_md.o(.text)
    WWDG_IRQHandler                          0x080003ab   Thumb Code     0  startup_stm32f10x_md.o(.text)
    __user_initial_stackheap                 0x080003ad   Thumb Code     0  startup_stm32f10x_md.o(.text)
    delay_init                               0x080003d1   Thumb Code    54  delay.o(.text)
    delay_ms                                 0x08000407   Thumb Code    54  delay.o(.text)
    delay_us                                 0x0800043d   Thumb Code    54  delay.o(.text)
    IIC_Init                                 0x0800047d   Thumb Code    38  ioi2c.o(.text)
    IIC_Start                                0x080004a3   Thumb Code    68  ioi2c.o(.text)
    IIC_Stop                                 0x080004e7   Thumb Code    66  ioi2c.o(.text)
    IIC_Wait_Ack                             0x08000529   Thumb Code    88  ioi2c.o(.text)
    IIC_Ack                                  0x08000581   Thumb Code    72  ioi2c.o(.text)
    IIC_NAck                                 0x080005c9   Thumb Code    72  ioi2c.o(.text)
    IIC_Send_Byte                            0x08000611   Thumb Code    96  ioi2c.o(.text)
    IIC_Read_Byte                            0x08000671   Thumb Code    98  ioi2c.o(.text)
    I2C_ReadOneByte                          0x080006d3   Thumb Code    70  ioi2c.o(.text)
    IICreadBytes                             0x08000719   Thumb Code   100  ioi2c.o(.text)
    IICwriteBytes                            0x0800077d   Thumb Code    70  ioi2c.o(.text)
    IICreadByte                              0x080007c3   Thumb Code    22  ioi2c.o(.text)
    IICwriteByte                             0x080007d9   Thumb Code    20  ioi2c.o(.text)
    IICwriteBits                             0x080007ed   Thumb Code   106  ioi2c.o(.text)
    IICwriteBit                              0x08000857   Thumb Code    84  ioi2c.o(.text)
    HMC5883_IS_newdata                       0x080008ad   Thumb Code    20  hmc5883l.o(.text)
    HMC58X3_newValues                        0x080008c1   Thumb Code   114  hmc5883l.o(.text)
    HMC58X3_getRaw                           0x08000933   Thumb Code   118  hmc5883l.o(.text)
    HMC58X3_FIFO_init                        0x080009a9   Thumb Code    36  hmc5883l.o(.text)
    HMC58X3_writeReg                         0x080009cd   Thumb Code    18  hmc5883l.o(.text)
    HMC58X3_getlastValues                    0x080009df   Thumb Code    22  hmc5883l.o(.text)
    HMC58X3_mgetValues                       0x080009f5   Thumb Code    58  hmc5883l.o(.text)
    HMC58X3_setGain                          0x08000a2f   Thumb Code    24  hmc5883l.o(.text)
    HMC58X3_setMode                          0x08000a47   Thumb Code    28  hmc5883l.o(.text)
    HMC58X3_init                             0x08000a63   Thumb Code    38  hmc5883l.o(.text)
    HMC58X3_setDOR                           0x08000a89   Thumb Code    24  hmc5883l.o(.text)
    HMC58X3_getID                            0x08000aa1   Thumb Code    36  hmc5883l.o(.text)
    HMC5883L_SetUp                           0x08000ac5   Thumb Code    26  hmc5883l.o(.text)
    Initial_Timer3                           0x08000b01   Thumb Code   192  imu.o(.text)
    micros                                   0x08000bc1   Thumb Code    20  imu.o(.text)
    IMU_init                                 0x08000bd5   Thumb Code    88  imu.o(.text)
    IMU_getValues                            0x08000c2d   Thumb Code   162  imu.o(.text)
    matrixmultipoint                         0x08000ccf   Thumb Code   162  imu.o(.text)
    initquat                                 0x08000d71   Thumb Code  1072  imu.o(.text)
    IMU_AHRSupdate                           0x080011a1   Thumb Code   338  imu.o(.text)
    IMU_getQ                                 0x080012f3   Thumb Code   148  imu.o(.text)
    IMU_getgravity                           0x08001387   Thumb Code    20  imu.o(.text)
    IMU_getQuat                              0x0800139b   Thumb Code   902  imu.o(.text)
    IMU_getYawPitchRollAndQuat               0x08001721   Thumb Code   564  imu.o(.text)
    IMU_getYPRAngle                          0x08001955   Thumb Code  1648  imu.o(.text)
    Initial_LED_GPIO                         0x08001ffd   Thumb Code   100  led.o(.text)
    Initial_PWMLED                           0x08002061   Thumb Code   178  led.o(.text)
    LED_Change                               0x08002113   Thumb Code    38  led.o(.text)
    LED_Reverse                              0x08002139   Thumb Code    32  led.o(.text)
    MPU6050_newValues                        0x08002171   Thumb Code   208  mpu6050.o(.text)
    MPU6050_setClockSource                   0x08002241   Thumb Code    20  mpu6050.o(.text)
    MPU6050_setFullScaleGyroRange            0x08002255   Thumb Code    20  mpu6050.o(.text)
    MPU6050_setFullScaleAccelRange           0x08002269   Thumb Code    20  mpu6050.o(.text)
    MPU6050_setSleepEnabled                  0x0800227d   Thumb Code    18  mpu6050.o(.text)
    MPU6050_getDeviceID                      0x0800228f   Thumb Code    20  mpu6050.o(.text)
    MPU6050_testConnection                   0x080022a3   Thumb Code    18  mpu6050.o(.text)
    MPU6050_setI2CMasterModeEnabled          0x080022b5   Thumb Code    18  mpu6050.o(.text)
    MPU6050_setI2CBypassEnabled              0x080022c7   Thumb Code    18  mpu6050.o(.text)
    MPU6050_InitGyro_Offset                  0x080022d9   Thumb Code    24  mpu6050.o(.text)
    MPU6050_is_DRY                           0x080022f1   Thumb Code    20  mpu6050.o(.text)
    MPU6050_getMotion6                       0x08002305   Thumb Code   386  mpu6050.o(.text)
    MPU6050_initialize                       0x08002487   Thumb Code   190  mpu6050.o(.text)
    MPU6050_getlastMotion6                   0x08002545   Thumb Code   100  mpu6050.o(.text)
    MPU6050_SetAccEextremevalue              0x080025a9   Thumb Code   604  mpu6050.o(.text)
    HMC5883L_SetHmcoffset                    0x08002805   Thumb Code    42  mpu6050.o(.text)
    MPU6050_SetAccOffset                     0x0800282f   Thumb Code    68  mpu6050.o(.text)
    U2NVIC_Configuration                     0x080028a9   Thumb Code    34  uart2.o(.text)
    Initial_UART2                            0x080028cb   Thumb Code   142  uart2.o(.text)
    UART2_Put_Char                           0x08002959   Thumb Code    34  uart2.o(.text)
    UART2_Get_Char                           0x0800297b   Thumb Code    24  uart2.o(.text)
    UART2_Put_String                         0x08002993   Thumb Code    46  uart2.o(.text)
    UART2_Putc_Hex                           0x080029c1   Thumb Code    80  uart2.o(.text)
    UART2_Putw_Hex                           0x08002a11   Thumb Code    18  uart2.o(.text)
    UART2_Putdw_Hex                          0x08002a23   Thumb Code    18  uart2.o(.text)
    UART2_Putw_Dec                           0x08002a35   Thumb Code    60  uart2.o(.text)
    UART2_Putint_Dec                         0x08002a71   Thumb Code    26  uart2.o(.text)
    UART2_Putintp_Dec                        0x08002a8b   Thumb Code    54  uart2.o(.text)
    UART2_Reportuint16                       0x08002ac1   Thumb Code    48  uart2.o(.text)
    UART2_Reportint16                        0x08002af1   Thumb Code    38  uart2.o(.text)
    UART2_Reportfloat                        0x08002b17   Thumb Code    38  uart2.o(.text)
    UART2_ReportData                         0x08002b3d   Thumb Code    84  uart2.o(.text)
    Int16ToChar                              0x08002b91   Thumb Code    12  uart2.o(.text)
    FloatToChar                              0x08002b9d   Thumb Code    38  uart2.o(.text)
    YawPitchRollToChar                       0x08002bc3   Thumb Code   100  uart2.o(.text)
    MotionAndGravToChar                      0x08002c27   Thumb Code   330  uart2.o(.text)
    QuatToChar                               0x08002d71   Thumb Code    82  uart2.o(.text)
    UART2_ReportChipID                       0x08002dc3   Thumb Code    56  uart2.o(.text)
    UART2_ReportQuat                         0x08002dfb   Thumb Code    86  uart2.o(.text)
    UART2_ReportYawPitchRoll                 0x08002e51   Thumb Code    76  uart2.o(.text)
    UART2_ReportMotionAndGrav                0x08002e9d   Thumb Code   164  uart2.o(.text)
    UART2_ReportAccOffset                    0x08002f41   Thumb Code    76  uart2.o(.text)
    UART2_ReportComOffset                    0x08002f8d   Thumb Code    76  uart2.o(.text)
    UART2_ReportIMU                          0x08002fd9   Thumb Code   300  uart2.o(.text)
    UART2_ReportMotion                       0x08003105   Thumb Code   400  uart2.o(.text)
    USART2_IRQHandler                        0x08003295   Thumb Code   268  uart2.o(.text)
    Sum_check                                0x080033a1   Thumb Code    58  uart2.o(.text)
    UART2_CommandRoute                       0x080033db   Thumb Code    44  uart2.o(.text)
    UART2_CommandRoutedata                   0x08003407   Thumb Code     8  uart2.o(.text)
    UART2_GetAccOffset                       0x0800340f   Thumb Code    52  uart2.o(.text)
    UART2_GetHmcOffset                       0x08003443   Thumb Code    52  uart2.o(.text)
    myabs                                    0x08003477   Thumb Code    24  uart2.o(.text)
    NVIC_Configuration                       0x080034ad   Thumb Code    34  uarts.o(.text)
    Initial_UART1                            0x080034cf   Thumb Code   164  uarts.o(.text)
    UART1_Put_Char                           0x08003573   Thumb Code    34  uarts.o(.text)
    UART1_Get_Char                           0x08003595   Thumb Code    24  uarts.o(.text)
    UART1_Put_String                         0x080035ad   Thumb Code    46  uarts.o(.text)
    UART1_Putc_Hex                           0x080035db   Thumb Code    80  uarts.o(.text)
    UART1_Putw_Hex                           0x0800362b   Thumb Code    18  uarts.o(.text)
    UART1_Putdw_Hex                          0x0800363d   Thumb Code    18  uarts.o(.text)
    UART1_Putw_Dec                           0x0800364f   Thumb Code    60  uarts.o(.text)
    UART1_Putint_Dec                         0x0800368b   Thumb Code    26  uarts.o(.text)
    UART1_Putintp_Dec                        0x080036a5   Thumb Code    54  uarts.o(.text)
    UART1_Reportuint16                       0x080036db   Thumb Code    48  uarts.o(.text)
    UART1_Reportint16                        0x0800370b   Thumb Code    38  uarts.o(.text)
    UART1_Reportfloat                        0x08003731   Thumb Code    38  uarts.o(.text)
    UART1_ReportChipID                       0x08003757   Thumb Code    56  uarts.o(.text)
    UART1_ReportData                         0x0800378f   Thumb Code    84  uarts.o(.text)
    UART1_ReportQuat                         0x080037e3   Thumb Code    86  uarts.o(.text)
    UART1_ReportYawPitchRoll                 0x08003839   Thumb Code    76  uarts.o(.text)
    UART1_ReportMotionAndGrav                0x08003885   Thumb Code   186  uarts.o(.text)
    UART1_ReportAccOffset                    0x0800393f   Thumb Code    76  uarts.o(.text)
    UART1_ReportComOffset                    0x0800398b   Thumb Code    76  uarts.o(.text)
    UART1_ReportIMU                          0x080039d7   Thumb Code   300  uarts.o(.text)
    UART1_ReportMotion                       0x08003b03   Thumb Code   400  uarts.o(.text)
    MS561101BA_getAvg                        0x08003c95   Thumb Code    64  bmp180.o(.text)
    BMP180_newTemperature                    0x08003cd5   Thumb Code    50  bmp180.o(.text)
    BMP180_newPressure                       0x08003d07   Thumb Code    50  bmp180.o(.text)
    BMP180_newALT                            0x08003d39   Thumb Code    50  bmp180.o(.text)
    BMP180_getAlt                            0x08003d6b   Thumb Code     8  bmp180.o(.text)
    BMP180_getPress                          0x08003d73   Thumb Code     8  bmp180.o(.text)
    BMP180_getTemperat                       0x08003d7b   Thumb Code     8  bmp180.o(.text)
    BMP180_readmem                           0x08003d83   Thumb Code    22  bmp180.o(.text)
    BMP180_writemem                          0x08003d99   Thumb Code    18  bmp180.o(.text)
    BMP180_calcTruePressure                  0x08003dab   Thumb Code   280  bmp180.o(.text)
    BMP180_getAltitude                       0x08003ec3   Thumb Code   130  bmp180.o(.text)
    BMP180_calcTrueTemperature               0x08003f45   Thumb Code    92  bmp180.o(.text)
    BMP180_getTemperature                    0x08003fa1   Thumb Code    24  bmp180.o(.text)
    BMP180_Routing                           0x08003fb9   Thumb Code   184  bmp180.o(.text)
    BMP180_getCalData                        0x08004071   Thumb Code   434  bmp180.o(.text)
    BMP180_setMode                           0x08004223   Thumb Code     6  bmp180.o(.text)
    BMP180_getPressure                       0x08004229   Thumb Code   120  bmp180.o(.text)
    BMP180_setLocalAbsAlt                    0x080042a1   Thumb Code    24  bmp180.o(.text)
    BMP180_ResetAlt                          0x080042b9   Thumb Code    22  bmp180.o(.text)
    BMP180_setLocalPressure                  0x080042cf   Thumb Code    24  bmp180.o(.text)
    BMP_init                                 0x080042e7   Thumb Code    44  bmp180.o(.text)
    BMP180_init                              0x08004313   Thumb Code    24  bmp180.o(.text)
    EulorToIMU_Reg                           0x08004371   Thumb Code   186  comm.o(.text)
    QuatToIMU_Reg                            0x0800442b   Thumb Code   262  comm.o(.text)
    accgyrhmctoIMU_Reg                       0x08004531   Thumb Code   572  comm.o(.text)
    Write_FIFO                               0x0800476d   Thumb Code    94  comm.o(.text)
    Update_OutputIMU_Reg                     0x080047cb   Thumb Code     2  comm.o(.text)
    Add_Uint32_To_List                       0x080047cd   Thumb Code    16  comm.o(.text)
    Add_Uint16_To_List                       0x080047dd   Thumb Code     8  comm.o(.text)
    Add_Uint8_To_List                        0x080047e5   Thumb Code     4  comm.o(.text)
    IRQ_Get_IMU_Data_Package                 0x080047e9   Thumb Code    90  comm.o(.text)
    IRQ_Write_TX_FIFO                        0x08004843   Thumb Code    90  comm.o(.text)
    IRQ_Read_TX_FIFO                         0x0800489d   Thumb Code    66  comm.o(.text)
    Start_Data_Auto_Send                     0x080048df   Thumb Code    16  comm.o(.text)
    End_Data_Auto_Send                       0x080048ef   Thumb Code    16  comm.o(.text)
    USART1_IRQHandler                        0x080048ff   Thumb Code   124  comm.o(.text)
    main                                     0x08004989   Thumb Code  1422  main.o(.text)
    NMI_Handler                              0x08004f31   Thumb Code     2  stm32f10x_it.o(.text)
    HardFault_Handler                        0x08004f33   Thumb Code     4  stm32f10x_it.o(.text)
    MemManage_Handler                        0x08004f37   Thumb Code     4  stm32f10x_it.o(.text)
    BusFault_Handler                         0x08004f3b   Thumb Code     4  stm32f10x_it.o(.text)
    UsageFault_Handler                       0x08004f3f   Thumb Code     4  stm32f10x_it.o(.text)
    SVC_Handler                              0x08004f43   Thumb Code     2  stm32f10x_it.o(.text)
    DebugMon_Handler                         0x08004f45   Thumb Code     2  stm32f10x_it.o(.text)
    PendSV_Handler                           0x08004f47   Thumb Code     2  stm32f10x_it.o(.text)
    SysTick_Handler                          0x08004f49   Thumb Code     2  stm32f10x_it.o(.text)
    NVIC_PriorityGroupConfig                 0x08004f4d   Thumb Code    10  misc.o(.text)
    NVIC_Init                                0x08004f57   Thumb Code   102  misc.o(.text)
    NVIC_SetVectorTable                      0x08004fbd   Thumb Code    14  misc.o(.text)
    NVIC_SystemLPConfig                      0x08004fcb   Thumb Code    34  misc.o(.text)
    SysTick_CLKSourceConfig                  0x08004fed   Thumb Code    40  misc.o(.text)
    GPIO_DeInit                              0x08005029   Thumb Code   172  stm32f10x_gpio.o(.text)
    GPIO_AFIODeInit                          0x080050d5   Thumb Code    20  stm32f10x_gpio.o(.text)
    GPIO_Init                                0x080050e9   Thumb Code   274  stm32f10x_gpio.o(.text)
    GPIO_StructInit                          0x080051fb   Thumb Code    16  stm32f10x_gpio.o(.text)
    GPIO_ReadInputDataBit                    0x0800520b   Thumb Code    18  stm32f10x_gpio.o(.text)
    GPIO_ReadInputData                       0x0800521d   Thumb Code     8  stm32f10x_gpio.o(.text)
    GPIO_ReadOutputDataBit                   0x08005225   Thumb Code    18  stm32f10x_gpio.o(.text)
    GPIO_ReadOutputData                      0x08005237   Thumb Code     8  stm32f10x_gpio.o(.text)
    GPIO_SetBits                             0x0800523f   Thumb Code     4  stm32f10x_gpio.o(.text)
    GPIO_ResetBits                           0x08005243   Thumb Code     4  stm32f10x_gpio.o(.text)
    GPIO_WriteBit                            0x08005247   Thumb Code    10  stm32f10x_gpio.o(.text)
    GPIO_Write                               0x08005251   Thumb Code     4  stm32f10x_gpio.o(.text)
    GPIO_PinLockConfig                       0x08005255   Thumb Code    18  stm32f10x_gpio.o(.text)
    GPIO_EventOutputConfig                   0x08005267   Thumb Code    26  stm32f10x_gpio.o(.text)
    GPIO_EventOutputCmd                      0x08005281   Thumb Code     6  stm32f10x_gpio.o(.text)
    GPIO_PinRemapConfig                      0x08005287   Thumb Code   138  stm32f10x_gpio.o(.text)
    GPIO_EXTILineConfig                      0x08005311   Thumb Code    66  stm32f10x_gpio.o(.text)
    GPIO_ETH_MediaInterfaceConfig            0x08005353   Thumb Code     6  stm32f10x_gpio.o(.text)
    RCC_DeInit                               0x08005381   Thumb Code    64  stm32f10x_rcc.o(.text)
    RCC_HSEConfig                            0x080053c1   Thumb Code    70  stm32f10x_rcc.o(.text)
    RCC_GetFlagStatus                        0x08005407   Thumb Code    56  stm32f10x_rcc.o(.text)
    RCC_WaitForHSEStartUp                    0x0800543f   Thumb Code    48  stm32f10x_rcc.o(.text)
    RCC_AdjustHSICalibrationValue            0x0800546f   Thumb Code    20  stm32f10x_rcc.o(.text)
    RCC_HSICmd                               0x08005483   Thumb Code     6  stm32f10x_rcc.o(.text)
    RCC_PLLConfig                            0x08005489   Thumb Code    24  stm32f10x_rcc.o(.text)
    RCC_PLLCmd                               0x080054a1   Thumb Code     6  stm32f10x_rcc.o(.text)
    RCC_SYSCLKConfig                         0x080054a7   Thumb Code    18  stm32f10x_rcc.o(.text)
    RCC_GetSYSCLKSource                      0x080054b9   Thumb Code    10  stm32f10x_rcc.o(.text)
    RCC_HCLKConfig                           0x080054c3   Thumb Code    18  stm32f10x_rcc.o(.text)
    RCC_PCLK1Config                          0x080054d5   Thumb Code    18  stm32f10x_rcc.o(.text)
    RCC_PCLK2Config                          0x080054e7   Thumb Code    20  stm32f10x_rcc.o(.text)
    RCC_ITConfig                             0x080054fb   Thumb Code    26  stm32f10x_rcc.o(.text)
    RCC_USBCLKConfig                         0x08005515   Thumb Code     6  stm32f10x_rcc.o(.text)
    RCC_ADCCLKConfig                         0x0800551b   Thumb Code    18  stm32f10x_rcc.o(.text)
    RCC_LSEConfig                            0x0800552d   Thumb Code    44  stm32f10x_rcc.o(.text)
    RCC_LSICmd                               0x08005559   Thumb Code     6  stm32f10x_rcc.o(.text)
    RCC_RTCCLKConfig                         0x0800555f   Thumb Code    12  stm32f10x_rcc.o(.text)
    RCC_RTCCLKCmd                            0x0800556b   Thumb Code     8  stm32f10x_rcc.o(.text)
    RCC_GetClocksFreq                        0x08005573   Thumb Code   192  stm32f10x_rcc.o(.text)
    RCC_AHBPeriphClockCmd                    0x08005633   Thumb Code    26  stm32f10x_rcc.o(.text)
    RCC_APB2PeriphClockCmd                   0x0800564d   Thumb Code    26  stm32f10x_rcc.o(.text)
    RCC_APB1PeriphClockCmd                   0x08005667   Thumb Code    26  stm32f10x_rcc.o(.text)
    RCC_APB2PeriphResetCmd                   0x08005681   Thumb Code    26  stm32f10x_rcc.o(.text)
    RCC_APB1PeriphResetCmd                   0x0800569b   Thumb Code    26  stm32f10x_rcc.o(.text)
    RCC_BackupResetCmd                       0x080056b5   Thumb Code     8  stm32f10x_rcc.o(.text)
    RCC_ClockSecuritySystemCmd               0x080056bd   Thumb Code     6  stm32f10x_rcc.o(.text)
    RCC_MCOConfig                            0x080056c3   Thumb Code     6  stm32f10x_rcc.o(.text)
    RCC_ClearFlag                            0x080056c9   Thumb Code    14  stm32f10x_rcc.o(.text)
    RCC_GetITStatus                          0x080056d7   Thumb Code    20  stm32f10x_rcc.o(.text)
    RCC_ClearITPendingBit                    0x080056eb   Thumb Code     6  stm32f10x_rcc.o(.text)
    TIM_DeInit                               0x0800571d   Thumb Code   424  stm32f10x_tim.o(.text)
    TIM_TimeBaseInit                         0x080058c5   Thumb Code   122  stm32f10x_tim.o(.text)
    TIM_OC1Init                              0x0800593f   Thumb Code   132  stm32f10x_tim.o(.text)
    TIM_OC2Init                              0x080059c3   Thumb Code   154  stm32f10x_tim.o(.text)
    TIM_OC3Init                              0x08005a5d   Thumb Code   150  stm32f10x_tim.o(.text)
    TIM_OC4Init                              0x08005af3   Thumb Code   182  stm32f10x_tim.o(.text)
    TIM_SetIC4Prescaler                      0x08005ba9   Thumb Code    26  stm32f10x_tim.o(.text)
    TIM_SetIC3Prescaler                      0x08005c45   Thumb Code    18  stm32f10x_tim.o(.text)
    TIM_SetIC2Prescaler                      0x08005cd1   Thumb Code    26  stm32f10x_tim.o(.text)
    TIM_SetIC1Prescaler                      0x08005d6d   Thumb Code    18  stm32f10x_tim.o(.text)
    TIM_ICInit                               0x08005deb   Thumb Code   150  stm32f10x_tim.o(.text)
    TIM_PWMIConfig                           0x08005e81   Thumb Code   124  stm32f10x_tim.o(.text)
    TIM_BDTRConfig                           0x08005efd   Thumb Code    32  stm32f10x_tim.o(.text)
    TIM_TimeBaseStructInit                   0x08005f1d   Thumb Code    18  stm32f10x_tim.o(.text)
    TIM_OCStructInit                         0x08005f2f   Thumb Code    20  stm32f10x_tim.o(.text)
    TIM_ICStructInit                         0x08005f43   Thumb Code    18  stm32f10x_tim.o(.text)
    TIM_BDTRStructInit                       0x08005f55   Thumb Code    40  stm32f10x_tim.o(.text)
    TIM_Cmd                                  0x08005f7d   Thumb Code    24  stm32f10x_tim.o(.text)
    TIM_CtrlPWMOutputs                       0x08005f95   Thumb Code    30  stm32f10x_tim.o(.text)
    TIM_ITConfig                             0x08005fb3   Thumb Code    18  stm32f10x_tim.o(.text)
    TIM_GenerateEvent                        0x08005fc5   Thumb Code     4  stm32f10x_tim.o(.text)
    TIM_DMAConfig                            0x08005fc9   Thumb Code    10  stm32f10x_tim.o(.text)
    TIM_DMACmd                               0x08005fd3   Thumb Code    18  stm32f10x_tim.o(.text)
    TIM_InternalClockConfig                  0x08005fe5   Thumb Code    12  stm32f10x_tim.o(.text)
    TIM_SelectInputTrigger                   0x08005ff1   Thumb Code    18  stm32f10x_tim.o(.text)
    TIM_ITRxExternalClockConfig              0x08006003   Thumb Code    24  stm32f10x_tim.o(.text)
    TIM_TIxExternalClockConfig               0x0800601b   Thumb Code    62  stm32f10x_tim.o(.text)
    TIM_ETRConfig                            0x08006059   Thumb Code    28  stm32f10x_tim.o(.text)
    TIM_ETRClockMode1Config                  0x08006075   Thumb Code    54  stm32f10x_tim.o(.text)
    TIM_ETRClockMode2Config                  0x080060ab   Thumb Code    32  stm32f10x_tim.o(.text)
    TIM_PrescalerConfig                      0x080060cb   Thumb Code     6  stm32f10x_tim.o(.text)
    TIM_CounterModeConfig                    0x080060d1   Thumb Code    18  stm32f10x_tim.o(.text)
    TIM_EncoderInterfaceConfig               0x080060e3   Thumb Code    66  stm32f10x_tim.o(.text)
    TIM_ForcedOC1Config                      0x08006125   Thumb Code    18  stm32f10x_tim.o(.text)
    TIM_ForcedOC2Config                      0x08006137   Thumb Code    26  stm32f10x_tim.o(.text)
    TIM_ForcedOC3Config                      0x08006151   Thumb Code    18  stm32f10x_tim.o(.text)
    TIM_ForcedOC4Config                      0x08006163   Thumb Code    26  stm32f10x_tim.o(.text)
    TIM_ARRPreloadConfig                     0x0800617d   Thumb Code    24  stm32f10x_tim.o(.text)
    TIM_SelectCOM                            0x08006195   Thumb Code    24  stm32f10x_tim.o(.text)
    TIM_SelectCCDMA                          0x080061ad   Thumb Code    24  stm32f10x_tim.o(.text)
    TIM_CCPreloadControl                     0x080061c5   Thumb Code    24  stm32f10x_tim.o(.text)
    TIM_OC1PreloadConfig                     0x080061dd   Thumb Code    18  stm32f10x_tim.o(.text)
    TIM_OC2PreloadConfig                     0x080061ef   Thumb Code    26  stm32f10x_tim.o(.text)
    TIM_OC3PreloadConfig                     0x08006209   Thumb Code    18  stm32f10x_tim.o(.text)
    TIM_OC4PreloadConfig                     0x0800621b   Thumb Code    26  stm32f10x_tim.o(.text)
    TIM_OC1FastConfig                        0x08006235   Thumb Code    18  stm32f10x_tim.o(.text)
    TIM_OC2FastConfig                        0x08006247   Thumb Code    26  stm32f10x_tim.o(.text)
    TIM_OC3FastConfig                        0x08006261   Thumb Code    18  stm32f10x_tim.o(.text)
    TIM_OC4FastConfig                        0x08006273   Thumb Code    26  stm32f10x_tim.o(.text)
    TIM_ClearOC1Ref                          0x0800628d   Thumb Code    18  stm32f10x_tim.o(.text)
    TIM_ClearOC2Ref                          0x0800629f   Thumb Code    24  stm32f10x_tim.o(.text)
    TIM_ClearOC3Ref                          0x080062b7   Thumb Code    18  stm32f10x_tim.o(.text)
    TIM_ClearOC4Ref                          0x080062c9   Thumb Code    24  stm32f10x_tim.o(.text)
    TIM_OC1PolarityConfig                    0x080062e1   Thumb Code    18  stm32f10x_tim.o(.text)
    TIM_OC1NPolarityConfig                   0x080062f3   Thumb Code    18  stm32f10x_tim.o(.text)
    TIM_OC2PolarityConfig                    0x08006305   Thumb Code    26  stm32f10x_tim.o(.text)
    TIM_OC2NPolarityConfig                   0x0800631f   Thumb Code    26  stm32f10x_tim.o(.text)
    TIM_OC3PolarityConfig                    0x08006339   Thumb Code    26  stm32f10x_tim.o(.text)
    TIM_OC3NPolarityConfig                   0x08006353   Thumb Code    26  stm32f10x_tim.o(.text)
    TIM_OC4PolarityConfig                    0x0800636d   Thumb Code    26  stm32f10x_tim.o(.text)
    TIM_CCxCmd                               0x08006387   Thumb Code    30  stm32f10x_tim.o(.text)
    TIM_CCxNCmd                              0x080063a5   Thumb Code    30  stm32f10x_tim.o(.text)
    TIM_SelectOCxM                           0x080063c3   Thumb Code    82  stm32f10x_tim.o(.text)
    TIM_UpdateDisableConfig                  0x08006415   Thumb Code    24  stm32f10x_tim.o(.text)
    TIM_UpdateRequestConfig                  0x0800642d   Thumb Code    24  stm32f10x_tim.o(.text)
    TIM_SelectHallSensor                     0x08006445   Thumb Code    24  stm32f10x_tim.o(.text)
    TIM_SelectOnePulseMode                   0x0800645d   Thumb Code    18  stm32f10x_tim.o(.text)
    TIM_SelectOutputTrigger                  0x0800646f   Thumb Code    18  stm32f10x_tim.o(.text)
    TIM_SelectSlaveMode                      0x08006481   Thumb Code    18  stm32f10x_tim.o(.text)
    TIM_SelectMasterSlaveMode                0x08006493   Thumb Code    18  stm32f10x_tim.o(.text)
    TIM_SetCounter                           0x080064a5   Thumb Code     4  stm32f10x_tim.o(.text)
    TIM_SetAutoreload                        0x080064a9   Thumb Code     4  stm32f10x_tim.o(.text)
    TIM_SetCompare1                          0x080064ad   Thumb Code     4  stm32f10x_tim.o(.text)
    TIM_SetCompare2                          0x080064b1   Thumb Code     4  stm32f10x_tim.o(.text)
    TIM_SetCompare3                          0x080064b5   Thumb Code     4  stm32f10x_tim.o(.text)
    TIM_SetCompare4                          0x080064b9   Thumb Code     6  stm32f10x_tim.o(.text)
    TIM_SetClockDivision                     0x080064bf   Thumb Code    18  stm32f10x_tim.o(.text)
    TIM_GetCapture1                          0x080064d1   Thumb Code     6  stm32f10x_tim.o(.text)
    TIM_GetCapture2                          0x080064d7   Thumb Code     6  stm32f10x_tim.o(.text)
    TIM_GetCapture3                          0x080064dd   Thumb Code     6  stm32f10x_tim.o(.text)
    TIM_GetCapture4                          0x080064e3   Thumb Code     8  stm32f10x_tim.o(.text)
    TIM_GetCounter                           0x080064eb   Thumb Code     6  stm32f10x_tim.o(.text)
    TIM_GetPrescaler                         0x080064f1   Thumb Code     6  stm32f10x_tim.o(.text)
    TIM_GetFlagStatus                        0x080064f7   Thumb Code    18  stm32f10x_tim.o(.text)
    TIM_ClearFlag                            0x08006509   Thumb Code     6  stm32f10x_tim.o(.text)
    TIM_GetITStatus                          0x0800650f   Thumb Code    34  stm32f10x_tim.o(.text)
    TIM_ClearITPendingBit                    0x08006531   Thumb Code     6  stm32f10x_tim.o(.text)
    USART_DeInit                             0x08006539   Thumb Code   134  stm32f10x_usart.o(.text)
    USART_Init                               0x080065bf   Thumb Code   210  stm32f10x_usart.o(.text)
    USART_StructInit                         0x08006691   Thumb Code    24  stm32f10x_usart.o(.text)
    USART_ClockInit                          0x080066a9   Thumb Code    34  stm32f10x_usart.o(.text)
    USART_ClockStructInit                    0x080066cb   Thumb Code    12  stm32f10x_usart.o(.text)
    USART_Cmd                                0x080066d7   Thumb Code    24  stm32f10x_usart.o(.text)
    USART_ITConfig                           0x080066ef   Thumb Code    74  stm32f10x_usart.o(.text)
    USART_DMACmd                             0x08006739   Thumb Code    18  stm32f10x_usart.o(.text)
    USART_SetAddress                         0x0800674b   Thumb Code    18  stm32f10x_usart.o(.text)
    USART_WakeUpConfig                       0x0800675d   Thumb Code    18  stm32f10x_usart.o(.text)
    USART_ReceiverWakeUpCmd                  0x0800676f   Thumb Code    24  stm32f10x_usart.o(.text)
    USART_LINBreakDetectLengthConfig         0x08006787   Thumb Code    18  stm32f10x_usart.o(.text)
    USART_LINCmd                             0x08006799   Thumb Code    24  stm32f10x_usart.o(.text)
    USART_SendData                           0x080067b1   Thumb Code     8  stm32f10x_usart.o(.text)
    USART_ReceiveData                        0x080067b9   Thumb Code    10  stm32f10x_usart.o(.text)
    USART_SendBreak                          0x080067c3   Thumb Code    10  stm32f10x_usart.o(.text)
    USART_SetGuardTime                       0x080067cd   Thumb Code    16  stm32f10x_usart.o(.text)
    USART_SetPrescaler                       0x080067dd   Thumb Code    16  stm32f10x_usart.o(.text)
    USART_SmartCardCmd                       0x080067ed   Thumb Code    24  stm32f10x_usart.o(.text)
    USART_SmartCardNACKCmd                   0x08006805   Thumb Code    24  stm32f10x_usart.o(.text)
    USART_HalfDuplexCmd                      0x0800681d   Thumb Code    24  stm32f10x_usart.o(.text)
    USART_OverSampling8Cmd                   0x08006835   Thumb Code    22  stm32f10x_usart.o(.text)
    USART_OneBitMethodCmd                    0x0800684b   Thumb Code    24  stm32f10x_usart.o(.text)
    USART_IrDAConfig                         0x08006863   Thumb Code    18  stm32f10x_usart.o(.text)
    USART_IrDACmd                            0x08006875   Thumb Code    24  stm32f10x_usart.o(.text)
    USART_GetFlagStatus                      0x0800688d   Thumb Code    26  stm32f10x_usart.o(.text)
    USART_ClearFlag                          0x080068a7   Thumb Code    18  stm32f10x_usart.o(.text)
    USART_GetITStatus                        0x080068b9   Thumb Code    84  stm32f10x_usart.o(.text)
    USART_ClearITPendingBit                  0x0800690d   Thumb Code    52  stm32f10x_usart.o(.text)
    invSqrt                                  0x08006941   Thumb Code    72  calcquat.o(.text)
    makeRotate                               0x08006989   Thumb Code   118  calcquat.o(.text)
    MultiQuat                                0x080069ff   Thumb Code   284  calcquat.o(.text)
    EulorToQuat                              0x08006b1b   Thumb Code    86  calcquat.o(.text)
    Vec3dXorVec3d                            0x08006b71   Thumb Code    98  calcquat.o(.text)
    QuatMultiVec3d                           0x08006bd3   Thumb Code   250  calcquat.o(.text)
    calcquatwithgam                          0x08006ccd   Thumb Code  3568  calcquat.o(.text)
    __use_two_region_memory                  0x08007acd   Thumb Code     2  heapauxi.o(.text)
    __rt_heap_escrow$2region                 0x08007acf   Thumb Code     2  heapauxi.o(.text)
    __rt_heap_expand$2region                 0x08007ad1   Thumb Code     2  heapauxi.o(.text)
    __read_errno                             0x08007ad3   Thumb Code    10  _rserrno.o(.text)
    __set_errno                              0x08007add   Thumb Code    12  _rserrno.o(.text)
    __aeabi_errno_addr                       0x08007ae9   Thumb Code     8  rt_errno_addr_intlibspace.o(.text)
    __errno$intlibspace                      0x08007ae9   Thumb Code     0  rt_errno_addr_intlibspace.o(.text)
    __rt_errno_addr$intlibspace              0x08007ae9   Thumb Code     0  rt_errno_addr_intlibspace.o(.text)
    __user_libspace                          0x08007af1   Thumb Code     8  libspace.o(.text)
    __user_perproc_libspace                  0x08007af1   Thumb Code     0  libspace.o(.text)
    __user_perthread_libspace                0x08007af1   Thumb Code     0  libspace.o(.text)
    __user_setup_stackheap                   0x08007af9   Thumb Code    74  sys_stackheap_outer.o(.text)
    exit                                     0x08007b43   Thumb Code    12  exit.o(.text)
    _sys_exit                                0x08007b51   Thumb Code     8  sys_exit.o(.text)
    __I$use$semihosting                      0x08007b5d   Thumb Code     0  use_no_semi.o(.text)
    __use_no_semihosting_swi                 0x08007b5d   Thumb Code     2  use_no_semi.o(.text)
    __ARM_fpclassify                         0x08007b5f   Thumb Code    40  fpclassify.o(i.__ARM_fpclassify)
    __semihosting_library_function           0x08007b5f   Thumb Code     0  indicate_semi.o(.text)
    __ieee754_rem_pio2                       0x08007b89   Thumb Code   832  rred.o(i.__ieee754_rem_pio2)
    __kernel_cos                             0x08007f11   Thumb Code   230  cos_i.o(i.__kernel_cos)
    __kernel_poly                            0x0800800d   Thumb Code   170  poly.o(i.__kernel_poly)
    __kernel_sin                             0x080080b9   Thumb Code   224  sin_i.o(i.__kernel_sin)
    __mathlib_dbl_underflow                  0x080081a5   Thumb Code    10  dunder.o(i.__mathlib_dbl_underflow)
    asin                                     0x080081b5   Thumb Code   584  asin.o(i.asin)
    atan                                     0x08008431   Thumb Code   478  atan.o(i.atan)
    atan2                                    0x08008655   Thumb Code   346  atan2.o(i.atan2)
    cos                                      0x080087d5   Thumb Code   164  cos.o(i.cos)
    pow                                      0x08008881   Thumb Code  2510  pow.o(i.pow)
    sin                                      0x08009261   Thumb Code   166  sin.o(i.sin)
    sqrt                                     0x08009311   Thumb Code    78  sqrt.o(i.sqrt)
    __aeabi_d2f                              0x08009361   Thumb Code     0  d2f.o(x$fpl$d2f)
    _d2f                                     0x08009361   Thumb Code    98  d2f.o(x$fpl$d2f)
    __aeabi_dadd                             0x080093c5   Thumb Code     0  daddsub_clz.o(x$fpl$dadd)
    _dadd                                    0x080093c5   Thumb Code   332  daddsub_clz.o(x$fpl$dadd)
    __fpl_dcheck_NaN1                        0x08009515   Thumb Code    10  dcheck1.o(x$fpl$dcheck1)
    __fpl_dcmp_Inf                           0x08009525   Thumb Code    24  dcmpi.o(x$fpl$dcmpinf)
    __aeabi_ddiv                             0x0800953d   Thumb Code     0  ddiv.o(x$fpl$ddiv)
    _ddiv                                    0x0800953d   Thumb Code   552  ddiv.o(x$fpl$ddiv)
    __aeabi_d2iz                             0x080097ed   Thumb Code     0  dfix.o(x$fpl$dfix)
    _dfix                                    0x080097ed   Thumb Code    94  dfix.o(x$fpl$dfix)
    __aeabi_d2uiz                            0x0800984d   Thumb Code     0  dfixu.o(x$fpl$dfixu)
    _dfixu                                   0x0800984d   Thumb Code    90  dfixu.o(x$fpl$dfixu)
    __aeabi_i2d                              0x080098a7   Thumb Code     0  dflt_clz.o(x$fpl$dflt)
    _dflt                                    0x080098a7   Thumb Code    46  dflt_clz.o(x$fpl$dflt)
    __aeabi_ui2d                             0x080098d5   Thumb Code     0  dflt_clz.o(x$fpl$dfltu)
    _dfltu                                   0x080098d5   Thumb Code    38  dflt_clz.o(x$fpl$dfltu)
    __aeabi_cdcmple                          0x080098fd   Thumb Code     0  dleqf.o(x$fpl$dleqf)
    _dcmple                                  0x080098fd   Thumb Code   120  dleqf.o(x$fpl$dleqf)
    __fpl_dcmple_InfNaN                      0x0800995f   Thumb Code     0  dleqf.o(x$fpl$dleqf)
    __aeabi_dmul                             0x08009975   Thumb Code     0  dmul.o(x$fpl$dmul)
    _dmul                                    0x08009975   Thumb Code   332  dmul.o(x$fpl$dmul)
    __fpl_dnaninf                            0x08009ac9   Thumb Code   156  dnaninf.o(x$fpl$dnaninf)
    __fpl_dretinf                            0x08009b65   Thumb Code    12  dretinf.o(x$fpl$dretinf)
    __aeabi_cdrcmple                         0x08009b71   Thumb Code     0  drleqf.o(x$fpl$drleqf)
    _drcmple                                 0x08009b71   Thumb Code   108  drleqf.o(x$fpl$drleqf)
    __aeabi_drsub                            0x08009bdd   Thumb Code     0  daddsub_clz.o(x$fpl$drsb)
    _drsb                                    0x08009bdd   Thumb Code    22  daddsub_clz.o(x$fpl$drsb)
    _dsqrt                                   0x08009bf5   Thumb Code   456  dsqrt_noumaal.o(x$fpl$dsqrt)
    __aeabi_dsub                             0x08009dc1   Thumb Code     0  daddsub_clz.o(x$fpl$dsub)
    _dsub                                    0x08009dc1   Thumb Code   464  daddsub_clz.o(x$fpl$dsub)
    __aeabi_f2d                              0x08009f95   Thumb Code     0  f2d.o(x$fpl$f2d)
    _f2d                                     0x08009f95   Thumb Code    86  f2d.o(x$fpl$f2d)
    __aeabi_fadd                             0x08009fed   Thumb Code     0  faddsub_clz.o(x$fpl$fadd)
    _fadd                                    0x08009fed   Thumb Code   196  faddsub_clz.o(x$fpl$fadd)
    __fpl_fcmp_Inf                           0x0800a0b1   Thumb Code    24  fcmpi.o(x$fpl$fcmpinf)
    __aeabi_fdiv                             0x0800a0c9   Thumb Code     0  fdiv.o(x$fpl$fdiv)
    _fdiv                                    0x0800a0c9   Thumb Code   384  fdiv.o(x$fpl$fdiv)
    __aeabi_cfcmpeq                          0x0800a24d   Thumb Code     0  feqf.o(x$fpl$feqf)
    _fcmpeq                                  0x0800a24d   Thumb Code   104  feqf.o(x$fpl$feqf)
    __aeabi_f2iz                             0x0800a2b5   Thumb Code     0  ffix.o(x$fpl$ffix)
    _ffix                                    0x0800a2b5   Thumb Code    54  ffix.o(x$fpl$ffix)
    __aeabi_f2uiz                            0x0800a2ed   Thumb Code     0  ffixu.o(x$fpl$ffixu)
    _ffixu                                   0x0800a2ed   Thumb Code    62  ffixu.o(x$fpl$ffixu)
    __aeabi_i2f                              0x0800a32d   Thumb Code     0  fflt_clz.o(x$fpl$fflt)
    _fflt                                    0x0800a32d   Thumb Code    48  fflt_clz.o(x$fpl$fflt)
    __aeabi_ui2f                             0x0800a35d   Thumb Code     0  fflt_clz.o(x$fpl$ffltu)
    _ffltu                                   0x0800a35d   Thumb Code    38  fflt_clz.o(x$fpl$ffltu)
    __aeabi_cfcmple                          0x0800a385   Thumb Code     0  fleqf.o(x$fpl$fleqf)
    _fcmple                                  0x0800a385   Thumb Code   104  fleqf.o(x$fpl$fleqf)
    __fpl_fcmple_InfNaN                      0x0800a3d7   Thumb Code     0  fleqf.o(x$fpl$fleqf)
    __aeabi_fmul                             0x0800a3ed   Thumb Code     0  fmul.o(x$fpl$fmul)
    _fmul                                    0x0800a3ed   Thumb Code   258  fmul.o(x$fpl$fmul)
    __fpl_fnaninf                            0x0800a4ef   Thumb Code   140  fnaninf.o(x$fpl$fnaninf)
    __fpl_fretinf                            0x0800a57b   Thumb Code    10  fretinf.o(x$fpl$fretinf)
    __aeabi_cfrcmple                         0x0800a585   Thumb Code     0  frleqf.o(x$fpl$frleqf)
    _frcmple                                 0x0800a585   Thumb Code    98  frleqf.o(x$fpl$frleqf)
    __aeabi_frsub                            0x0800a5e7   Thumb Code     0  faddsub_clz.o(x$fpl$frsb)
    _frsb                                    0x0800a5e7   Thumb Code    20  faddsub_clz.o(x$fpl$frsb)
    __aeabi_fsub                             0x0800a5fd   Thumb Code     0  faddsub_clz.o(x$fpl$fsub)
    _fsub                                    0x0800a5fd   Thumb Code   234  faddsub_clz.o(x$fpl$fsub)
    __fpl_return_NaN                         0x0800a6e7   Thumb Code   100  retnan.o(x$fpl$retnan)
    __ARM_scalbn                             0x0800a74b   Thumb Code    92  scalbn.o(x$fpl$scalbn)
    __fpl_cmpreturn                          0x0800a7a7   Thumb Code    48  trapv.o(x$fpl$trapveneer)
    __I$use$fp                               0x0800a7d6   Number         0  usenofp.o(x$fpl$usenofp)
    __mathlib_zero                           0x0800a998   Data           8  qnan.o(.constdata)
    Region$$Table$$Base                      0x0800aa90   Number         0  anon$$obj.o(Region$$Table)
    Region$$Table$$Limit                     0x0800aab0   Number         0  anon$$obj.o(Region$$Table)
    SystemCoreClock                          0x20000000   Data           4  system_stm32f10x.o(.data)
    AHBPrescTable                            0x20000004   Data          16  system_stm32f10x.o(.data)
    Hx_offset                                0x20000018   Data           2  hmc5883l.o(.data)
    Hy_offset                                0x2000001a   Data           2  hmc5883l.o(.data)
    Hz_offset                                0x2000001c   Data           2  hmc5883l.o(.data)
    HMC5883_lastx                            0x20000020   Data           4  hmc5883l.o(.data)
    HMC5883_lasty                            0x20000024   Data           4  hmc5883l.o(.data)
    HMC5883_lastz                            0x20000028   Data           4  hmc5883l.o(.data)
    firstcalquat                             0x2000002c   Data           1  imu.o(.data)
    beta                                     0x20000030   Data           4  imu.o(.data)
    firstflag                                0x20000034   Data           1  imu.o(.data)
    zeroacccount                             0x20000035   Data           1  imu.o(.data)
    weightlessnesstime                       0x20000036   Data           2  imu.o(.data)
    exInt                                    0x20000038   Data           4  imu.o(.data)
    eyInt                                    0x2000003c   Data           4  imu.o(.data)
    ezInt                                    0x20000040   Data           4  imu.o(.data)
    integralFBhand                           0x20000044   Data           4  imu.o(.data)
    handdiff                                 0x20000048   Data           4  imu.o(.data)
    lastUpdate                               0x2000004c   Data           4  imu.o(.data)
    now                                      0x20000050   Data           4  imu.o(.data)
    Gvx                                      0x20000054   Data           4  imu.o(.data)
    Gvy                                      0x20000058   Data           4  imu.o(.data)
    Gvz                                      0x2000005c   Data           4  imu.o(.data)
    offsetgx                                 0x20000060   Data           4  imu.o(.data)
    offsetgy                                 0x20000064   Data           4  imu.o(.data)
    offsetgz                                 0x20000068   Data           4  imu.o(.data)
    halfT                                    0x2000006c   Data           4  imu.o(.data)
    ONET                                     0x20000070   Data           4  imu.o(.data)
    preyaw                                   0x20000074   Data           4  imu.o(.data)
    prepitch                                 0x20000078   Data           4  imu.o(.data)
    preroll                                  0x2000007c   Data           4  imu.o(.data)
    facclen                                  0x20000080   Data           4  imu.o(.data)
    gateacc                                  0x20000084   Data           4  imu.o(.data)
    lightc                                   0x20000128   Data           1  led.o(.data)
    Gx_offset                                0x2000012a   Data           2  mpu6050.o(.data)
    Gy_offset                                0x2000012c   Data           2  mpu6050.o(.data)
    Gz_offset                                0x2000012e   Data           2  mpu6050.o(.data)
    Ax_offset                                0x20000130   Data           2  mpu6050.o(.data)
    Ay_offset                                0x20000132   Data           2  mpu6050.o(.data)
    Az_offset                                0x20000134   Data           2  mpu6050.o(.data)
    Acc_max_x                                0x20000136   Data           2  mpu6050.o(.data)
    Acc_min_x                                0x20000138   Data           2  mpu6050.o(.data)
    Acc_max_y                                0x2000013a   Data           2  mpu6050.o(.data)
    Acc_min_y                                0x2000013c   Data           2  mpu6050.o(.data)
    Acc_max_z                                0x2000013e   Data           2  mpu6050.o(.data)
    Acc_min_z                                0x20000140   Data           2  mpu6050.o(.data)
    MPU6050_Lastax                           0x20000142   Data           2  mpu6050.o(.data)
    MPU6050_Lastay                           0x20000144   Data           2  mpu6050.o(.data)
    MPU6050_Lastaz                           0x20000146   Data           2  mpu6050.o(.data)
    MPU6050_Lastgx                           0x20000148   Data           2  mpu6050.o(.data)
    MPU6050_Lastgy                           0x2000014a   Data           2  mpu6050.o(.data)
    MPU6050_Lastgz                           0x2000014c   Data           2  mpu6050.o(.data)
    U2TxCounter                              0x2000014e   Data           1  uart2.o(.data)
    U2count                                  0x2000014f   Data           1  uart2.o(.data)
    rx_wr_index                              0x20000150   Data           1  uart2.o(.data)
    RC_Flag                                  0x20000151   Data           1  uart2.o(.data)
    TxCounter                                0x20000152   Data           1  uarts.o(.data)
    count                                    0x20000153   Data           1  uarts.o(.data)
    temp_index                               0x20000154   Data           1  bmp180.o(.data)
    press_index                              0x20000155   Data           1  bmp180.o(.data)
    alt_index                                0x20000156   Data           1  bmp180.o(.data)
    ac1                                      0x20000158   Data           2  bmp180.o(.data)
    ac2                                      0x2000015a   Data           2  bmp180.o(.data)
    ac3                                      0x2000015c   Data           2  bmp180.o(.data)
    b1                                       0x2000015e   Data           2  bmp180.o(.data)
    b2                                       0x20000160   Data           2  bmp180.o(.data)
    mb                                       0x20000162   Data           2  bmp180.o(.data)
    mc                                       0x20000164   Data           2  bmp180.o(.data)
    md                                       0x20000166   Data           2  bmp180.o(.data)
    ac4                                      0x20000168   Data           2  bmp180.o(.data)
    ac5                                      0x2000016a   Data           2  bmp180.o(.data)
    ac6                                      0x2000016c   Data           2  bmp180.o(.data)
    b5                                       0x20000170   Data           4  bmp180.o(.data)
    ConvetTime                               0x20000174   Data           4  bmp180.o(.data)
    _buff                                    0x20000178   Data           3  bmp180.o(.data)
    _oss                                     0x2000017c   Data           2  bmp180.o(.data)
    _cm_Offset                               0x20000180   Data           4  bmp180.o(.data)
    _Pa_Offset                               0x20000184   Data           4  bmp180.o(.data)
    _param_datum                             0x20000188   Data           4  bmp180.o(.data)
    _param_centimeters                       0x2000018c   Data           4  bmp180.o(.data)
    BPM085_ST                                0x20000190   Data           1  bmp180.o(.data)
    last_Temperature                         0x20000194   Data           4  bmp180.o(.data)
    last_Pressure                            0x20000198   Data           4  bmp180.o(.data)
    last_Alt                                 0x2000019c   Data           4  bmp180.o(.data)
    weightlessness                           0x200001a0   Data           1  comm.o(.data)
    Upload_Speed                             0x200001a4   Data           2  main.o(.data)
    ChipID                                   0x200001a6   Data           2  main.o(.data)
    Temperature                              0x200001a8   Data           4  main.o(.data)
    Pressure                                 0x200001ac   Data           4  main.o(.data)
    Altitude                                 0x200001b0   Data           4  main.o(.data)
    state                                    0x200001b4   Data           1  main.o(.data)
    GyrAndAccSettings                        0x200001b5   Data           1  main.o(.data)
    ax                                       0x200001b6   Data           2  main.o(.data)
    ay                                       0x200001b8   Data           2  main.o(.data)
    az                                       0x200001ba   Data           2  main.o(.data)
    gx                                       0x200001bc   Data           2  main.o(.data)
    gy                                       0x200001be   Data           2  main.o(.data)
    gz                                       0x200001c0   Data           2  main.o(.data)
    hx                                       0x200001c2   Data           2  main.o(.data)
    hy                                       0x200001c4   Data           2  main.o(.data)
    hz                                       0x200001c6   Data           2  main.o(.data)
    system_micrsecond                        0x200001c8   Data           4  main.o(.data)
    hmcvalue                                 0x200001cc   Data           6  main.o(.data)
    Accsensitivity                           0x200001d4   Data           4  main.o(.data)
    q0                                       0x200001ec   Data           4  calcquat.o(.data)
    q1                                       0x200001f0   Data           4  calcquat.o(.data)
    q2                                       0x200001f4   Data           4  calcquat.o(.data)
    q3                                       0x200001f8   Data           4  calcquat.o(.data)
    HMC5883_FIFO                             0x200001fc   Data          66  hmc5883l.o(.bss)
    speed                                    0x20000240   Data          12  imu.o(.bss)
    preacc                                   0x2000024c   Data          12  imu.o(.bss)
    comxyz                                   0x20000258   Data          12  imu.o(.bss)
    matrix                                   0x20000264   Data          36  imu.o(.bss)
    mygetqval                                0x20000288   Data          36  imu.o(.bss)
    buffer                                   0x200002ac   Data          14  mpu6050.o(.bss)
    MPU6050_FIFO                             0x200002ba   Data         132  mpu6050.o(.bss)
    U2TxBuffer                               0x2000033e   Data         258  uart2.o(.bss)
    rx_buffer                                0x20000440   Data         100  uart2.o(.bss)
    TxBuffer                                 0x200004a4   Data         258  uarts.o(.bss)
    Temp_buffer                              0x200005a8   Data         128  bmp180.o(.bss)
    Press_buffer                             0x20000628   Data         128  bmp180.o(.bss)
    Alt_buffer                               0x200006a8   Data         128  bmp180.o(.bss)
    IMU_OutputReg                            0x20000728   Data         100  comm.o(.bss)
    TX_FIFO                                  0x2000078c   Data          66  comm.o(.bss)
    __libspace_start                         0x200007d0   Data          96  libspace.o(.bss)
    __temporary_stack_top$libspace           0x20000830   Data           0  libspace.o(.bss)



==============================================================================

Memory Map of the image

  Image Entry point : 0x08000391

  Load Region LR_1 (Base: 0x08000000, Size: 0x0000acac, Max: 0xffffffff, ABSOLUTE, COMPRESSED[0x0000ab24])

    Execution Region ER_RO (Base: 0x08000000, Size: 0x0000aab0, Max: 0xffffffff, ABSOLUTE)

    Base Addr    Size         Type   Attr      Idx    E Section Name        Object

    0x08000000   0x000000ec   Data   RO           80    RESET               startup_stm32f10x_md.o
    0x080000ec   0x00000008   Code   RO          493  * !!!main             c_w.l(__main.o)
    0x080000f4   0x00000034   Code   RO          830    !!!scatter          c_w.l(__scatter.o)
    0x08000128   0x0000005a   Code   RO          828    !!dczerorl2         c_w.l(__dczerorl2.o)
    0x08000182   0x00000002   PAD
    0x08000184   0x0000001c   Code   RO          832    !!handler_zi        c_w.l(__scatter_zi.o)
    0x080001a0   0x00000002   Code   RO          700    .ARM.Collect$$libinit$$00000000  c_w.l(libinit.o)
    0x080001a2   0x00000000   Code   RO          706    .ARM.Collect$$libinit$$00000002  c_w.l(libinit2.o)
    0x080001a2   0x00000000   Code   RO          709    .ARM.Collect$$libinit$$00000008  c_w.l(libinit2.o)
    0x080001a2   0x00000000   Code   RO          711    .ARM.Collect$$libinit$$0000000A  c_w.l(libinit2.o)
    0x080001a2   0x00000000   Code   RO          713    .ARM.Collect$$libinit$$0000000C  c_w.l(libinit2.o)
    0x080001a2   0x00000000   Code   RO          716    .ARM.Collect$$libinit$$0000000F  c_w.l(libinit2.o)
    0x080001a2   0x00000000   Code   RO          718    .ARM.Collect$$libinit$$00000011  c_w.l(libinit2.o)
    0x080001a2   0x00000000   Code   RO          720    .ARM.Collect$$libinit$$00000013  c_w.l(libinit2.o)
    0x080001a2   0x00000000   Code   RO          722    .ARM.Collect$$libinit$$00000015  c_w.l(libinit2.o)
    0x080001a2   0x00000000   Code   RO          724    .ARM.Collect$$libinit$$00000017  c_w.l(libinit2.o)
    0x080001a2   0x00000000   Code   RO          726    .ARM.Collect$$libinit$$00000019  c_w.l(libinit2.o)
    0x080001a2   0x00000000   Code   RO          728    .ARM.Collect$$libinit$$0000001B  c_w.l(libinit2.o)
    0x080001a2   0x00000000   Code   RO          730    .ARM.Collect$$libinit$$0000001D  c_w.l(libinit2.o)
    0x080001a2   0x00000000   Code   RO          732    .ARM.Collect$$libinit$$0000001F  c_w.l(libinit2.o)
    0x080001a2   0x00000000   Code   RO          734    .ARM.Collect$$libinit$$00000021  c_w.l(libinit2.o)
    0x080001a2   0x00000000   Code   RO          736    .ARM.Collect$$libinit$$00000023  c_w.l(libinit2.o)
    0x080001a2   0x00000000   Code   RO          740    .ARM.Collect$$libinit$$0000002A  c_w.l(libinit2.o)
    0x080001a2   0x00000000   Code   RO          742    .ARM.Collect$$libinit$$0000002C  c_w.l(libinit2.o)
    0x080001a2   0x00000000   Code   RO          744    .ARM.Collect$$libinit$$0000002E  c_w.l(libinit2.o)
    0x080001a2   0x00000000   Code   RO          746    .ARM.Collect$$libinit$$00000030  c_w.l(libinit2.o)
    0x080001a2   0x00000002   Code   RO          747    .ARM.Collect$$libinit$$00000031  c_w.l(libinit2.o)
    0x080001a4   0x00000002   Code   RO          769    .ARM.Collect$$libshutdown$$00000000  c_w.l(libshutdown.o)
    0x080001a6   0x00000000   Code   RO          783    .ARM.Collect$$libshutdown$$00000003  c_w.l(libshutdown2.o)
    0x080001a6   0x00000000   Code   RO          786    .ARM.Collect$$libshutdown$$00000006  c_w.l(libshutdown2.o)
    0x080001a6   0x00000000   Code   RO          789    .ARM.Collect$$libshutdown$$00000009  c_w.l(libshutdown2.o)
    0x080001a6   0x00000000   Code   RO          791    .ARM.Collect$$libshutdown$$0000000B  c_w.l(libshutdown2.o)
    0x080001a6   0x00000000   Code   RO          794    .ARM.Collect$$libshutdown$$0000000E  c_w.l(libshutdown2.o)
    0x080001a6   0x00000002   Code   RO          795    .ARM.Collect$$libshutdown$$0000000F  c_w.l(libshutdown2.o)
    0x080001a8   0x00000000   Code   RO          615    .ARM.Collect$$rtentry$$00000000  c_w.l(rtentry.o)
    0x080001a8   0x00000000   Code   RO          667    .ARM.Collect$$rtentry$$00000002  c_w.l(rtentry2.o)
    0x080001a8   0x00000006   Code   RO          679    .ARM.Collect$$rtentry$$00000004  c_w.l(rtentry4.o)
    0x080001ae   0x00000000   Code   RO          669    .ARM.Collect$$rtentry$$00000009  c_w.l(rtentry2.o)
    0x080001ae   0x00000004   Code   RO          670    .ARM.Collect$$rtentry$$0000000A  c_w.l(rtentry2.o)
    0x080001b2   0x00000000   Code   RO          672    .ARM.Collect$$rtentry$$0000000C  c_w.l(rtentry2.o)
    0x080001b2   0x00000008   Code   RO          673    .ARM.Collect$$rtentry$$0000000D  c_w.l(rtentry2.o)
    0x080001ba   0x00000002   Code   RO          703    .ARM.Collect$$rtexit$$00000000  c_w.l(rtexit.o)
    0x080001bc   0x00000000   Code   RO          751    .ARM.Collect$$rtexit$$00000002  c_w.l(rtexit2.o)
    0x080001bc   0x00000004   Code   RO          752    .ARM.Collect$$rtexit$$00000003  c_w.l(rtexit2.o)
    0x080001c0   0x00000006   Code   RO          753    .ARM.Collect$$rtexit$$00000004  c_w.l(rtexit2.o)
    0x080001c6   0x00000002   PAD
    0x080001c8   0x000001c8   Code   RO           17    .text               system_stm32f10x.o
    0x08000390   0x00000040   Code   RO           81  * .text               startup_stm32f10x_md.o
    0x080003d0   0x000000ac   Code   RO           85    .text               delay.o
    0x0800047c   0x0000042e   Code   RO          119    .text               ioi2c.o
    0x080008aa   0x00000002   PAD
    0x080008ac   0x00000254   Code   RO          134    .text               hmc5883l.o
    0x08000b00   0x000014fc   Code   RO          162    .text               imu.o
    0x08001ffc   0x00000174   Code   RO          216    .text               led.o
    0x08002170   0x00000738   Code   RO          234    .text               mpu6050.o
    0x080028a8   0x00000c04   Code   RO          258    .text               uart2.o
    0x080034ac   0x000007e6   Code   RO          277    .text               uarts.o
    0x08003c92   0x00000002   PAD
    0x08003c94   0x000006dc   Code   RO          293    .text               bmp180.o
    0x08004370   0x00000618   Code   RO          312    .text               comm.o
    0x08004988   0x000005a8   Code   RO          343    .text               main.o
    0x08004f30   0x0000001a   Code   RO          366    .text               stm32f10x_it.o
    0x08004f4a   0x00000002   PAD
    0x08004f4c   0x000000dc   Code   RO          381    .text               misc.o
    0x08005028   0x00000358   Code   RO          393    .text               stm32f10x_gpio.o
    0x08005380   0x0000039c   Code   RO          405    .text               stm32f10x_rcc.o
    0x0800571c   0x00000e1a   Code   RO          419    .text               stm32f10x_tim.o
    0x08006536   0x00000002   PAD
    0x08006538   0x00000408   Code   RO          431    .text               stm32f10x_usart.o
    0x08006940   0x0000118c   Code   RO          467    .text               algorithm.lib(calcquat.o)
    0x08007acc   0x00000006   Code   RO          491    .text               c_w.l(heapauxi.o)
    0x08007ad2   0x00000016   Code   RO          616    .text               c_w.l(_rserrno.o)
    0x08007ae8   0x00000008   Code   RO          684    .text               c_w.l(rt_errno_addr_intlibspace.o)
    0x08007af0   0x00000008   Code   RO          688    .text               c_w.l(libspace.o)
    0x08007af8   0x0000004a   Code   RO          691    .text               c_w.l(sys_stackheap_outer.o)
    0x08007b42   0x0000000c   Code   RO          693    .text               c_w.l(exit.o)
    0x08007b4e   0x00000002   PAD
    0x08007b50   0x0000000c   Code   RO          761    .text               c_w.l(sys_exit.o)
    0x08007b5c   0x00000002   Code   RO          772    .text               c_w.l(use_no_semi.o)
    0x08007b5e   0x00000000   Code   RO          774    .text               c_w.l(indicate_semi.o)
    0x08007b5e   0x00000028   Code   RO          650    i.__ARM_fpclassify  m_ws.l(fpclassify.o)
    0x08007b86   0x00000002   PAD
    0x08007b88   0x00000388   Code   RO          655    i.__ieee754_rem_pio2  m_ws.l(rred.o)
    0x08007f10   0x000000fc   Code   RO          645    i.__kernel_cos      m_ws.l(cos_i.o)
    0x0800800c   0x000000aa   Code   RO          652    i.__kernel_poly     m_ws.l(poly.o)
    0x080080b6   0x00000002   PAD
    0x080080b8   0x000000ec   Code   RO          660    i.__kernel_sin      m_ws.l(sin_i.o)
    0x080081a4   0x00000010   Code   RO          648    i.__mathlib_dbl_underflow  m_ws.l(dunder.o)
    0x080081b4   0x0000027c   Code   RO          564    i.asin              m_ws.l(asin.o)
    0x08008430   0x00000224   Code   RO          636    i.atan              m_ws.l(atan.o)
    0x08008654   0x00000180   Code   RO          574    i.atan2             m_ws.l(atan2.o)
    0x080087d4   0x000000ac   Code   RO          582    i.cos               m_ws.l(cos.o)
    0x08008880   0x000009e0   Code   RO          590    i.pow               m_ws.l(pow.o)
    0x08009260   0x000000b0   Code   RO          600    i.sin               m_ws.l(sin.o)
    0x08009310   0x0000004e   Code   RO          608    i.sqrt              m_ws.l(sqrt.o)
    0x0800935e   0x00000002   PAD
    0x08009360   0x00000062   Code   RO          495    x$fpl$d2f           fz_ws.l(d2f.o)
    0x080093c2   0x00000002   PAD
    0x080093c4   0x00000150   Code   RO          497    x$fpl$dadd          fz_ws.l(daddsub_clz.o)
    0x08009514   0x00000010   Code   RO          686    x$fpl$dcheck1       fz_ws.l(dcheck1.o)
    0x08009524   0x00000018   Code   RO          618    x$fpl$dcmpinf       fz_ws.l(dcmpi.o)
    0x0800953c   0x000002b0   Code   RO          504    x$fpl$ddiv          fz_ws.l(ddiv.o)
    0x080097ec   0x0000005e   Code   RO          509    x$fpl$dfix          fz_ws.l(dfix.o)
    0x0800984a   0x00000002   PAD
    0x0800984c   0x0000005a   Code   RO          513    x$fpl$dfixu         fz_ws.l(dfixu.o)
    0x080098a6   0x0000002e   Code   RO          518    x$fpl$dflt          fz_ws.l(dflt_clz.o)
    0x080098d4   0x00000026   Code   RO          517    x$fpl$dfltu         fz_ws.l(dflt_clz.o)
    0x080098fa   0x00000002   PAD
    0x080098fc   0x00000078   Code   RO          523    x$fpl$dleqf         fz_ws.l(dleqf.o)
    0x08009974   0x00000154   Code   RO          525    x$fpl$dmul          fz_ws.l(dmul.o)
    0x08009ac8   0x0000009c   Code   RO          620    x$fpl$dnaninf       fz_ws.l(dnaninf.o)
    0x08009b64   0x0000000c   Code   RO          622    x$fpl$dretinf       fz_ws.l(dretinf.o)
    0x08009b70   0x0000006c   Code   RO          527    x$fpl$drleqf        fz_ws.l(drleqf.o)
    0x08009bdc   0x00000016   Code   RO          498    x$fpl$drsb          fz_ws.l(daddsub_clz.o)
    0x08009bf2   0x00000002   PAD
    0x08009bf4   0x000001cc   Code   RO          624    x$fpl$dsqrt         fz_ws.l(dsqrt_noumaal.o)
    0x08009dc0   0x000001d4   Code   RO          499    x$fpl$dsub          fz_ws.l(daddsub_clz.o)
    0x08009f94   0x00000056   Code   RO          529    x$fpl$f2d           fz_ws.l(f2d.o)
    0x08009fea   0x00000002   PAD
    0x08009fec   0x000000c4   Code   RO          531    x$fpl$fadd          fz_ws.l(faddsub_clz.o)
    0x0800a0b0   0x00000018   Code   RO          626    x$fpl$fcmpinf       fz_ws.l(fcmpi.o)
    0x0800a0c8   0x00000184   Code   RO          538    x$fpl$fdiv          fz_ws.l(fdiv.o)
    0x0800a24c   0x00000068   Code   RO          541    x$fpl$feqf          fz_ws.l(feqf.o)
    0x0800a2b4   0x00000036   Code   RO          543    x$fpl$ffix          fz_ws.l(ffix.o)
    0x0800a2ea   0x00000002   PAD
    0x0800a2ec   0x0000003e   Code   RO          547    x$fpl$ffixu         fz_ws.l(ffixu.o)
    0x0800a32a   0x00000002   PAD
    0x0800a32c   0x00000030   Code   RO          552    x$fpl$fflt          fz_ws.l(fflt_clz.o)
    0x0800a35c   0x00000026   Code   RO          551    x$fpl$ffltu         fz_ws.l(fflt_clz.o)
    0x0800a382   0x00000002   PAD
    0x0800a384   0x00000068   Code   RO          557    x$fpl$fleqf         fz_ws.l(fleqf.o)
    0x0800a3ec   0x00000102   Code   RO          559    x$fpl$fmul          fz_ws.l(fmul.o)
    0x0800a4ee   0x0000008c   Code   RO          628    x$fpl$fnaninf       fz_ws.l(fnaninf.o)
    0x0800a57a   0x0000000a   Code   RO          630    x$fpl$fretinf       fz_ws.l(fretinf.o)
    0x0800a584   0x00000062   Code   RO          561    x$fpl$frleqf        fz_ws.l(frleqf.o)
    0x0800a5e6   0x00000014   Code   RO          532    x$fpl$frsb          fz_ws.l(faddsub_clz.o)
    0x0800a5fa   0x00000002   PAD
    0x0800a5fc   0x000000ea   Code   RO          533    x$fpl$fsub          fz_ws.l(faddsub_clz.o)
    0x0800a6e6   0x00000064   Code   RO          701    x$fpl$retnan        fz_ws.l(retnan.o)
    0x0800a74a   0x0000005c   Code   RO          632    x$fpl$scalbn        fz_ws.l(scalbn.o)
    0x0800a7a6   0x00000030   Code   RO          748    x$fpl$trapveneer    fz_ws.l(trapv.o)
    0x0800a7d6   0x00000000   Code   RO          634    x$fpl$usenofp       fz_ws.l(usenofp.o)
    0x0800a7d6   0x00000002   PAD
    0x0800a7d8   0x0000001c   Data   RO          344    .constdata          main.o
    0x0800a7f4   0x00000004   PAD
    0x0800a7f8   0x00000050   Data   RO          565    .constdata          m_ws.l(asin.o)
    0x0800a848   0x00000088   Data   RO          591    .constdata          m_ws.l(pow.o)
    0x0800a8d0   0x00000098   Data   RO          637    .constdata          m_ws.l(atan.o)
    0x0800a968   0x00000030   Data   RO          646    .constdata          m_ws.l(cos_i.o)
    0x0800a998   0x00000008   Data   RO          654    .constdata          m_ws.l(qnan.o)
    0x0800a9a0   0x000000c8   Data   RO          657    .constdata          m_ws.l(rred.o)
    0x0800aa68   0x00000028   Data   RO          661    .constdata          m_ws.l(sin_i.o)
    0x0800aa90   0x00000020   Data   RO          826    Region$$Table       anon$$obj.o


    Execution Region ER_RW (Base: 0x20000000, Size: 0x000001fc, Max: 0xffffffff, ABSOLUTE, COMPRESSED[0x00000074])

    Base Addr    Size         Type   Attr      Idx    E Section Name        Object

    0x20000000   0x00000014   Data   RW           18    .data               system_stm32f10x.o
    0x20000014   0x00000004   Data   RW           86    .data               delay.o
    0x20000018   0x00000014   Data   RW          136    .data               hmc5883l.o
    0x2000002c   0x0000005c   Data   RW          164    .data               imu.o
    0x20000088   0x000000a1   Data   RW          217    .data               led.o
    0x20000129   0x00000001   PAD
    0x2000012a   0x00000024   Data   RW          236    .data               mpu6050.o
    0x2000014e   0x00000004   Data   RW          260    .data               uart2.o
    0x20000152   0x00000002   Data   RW          279    .data               uarts.o
    0x20000154   0x0000004c   Data   RW          295    .data               bmp180.o
    0x200001a0   0x00000001   Data   RW          314    .data               comm.o
    0x200001a1   0x00000003   PAD
    0x200001a4   0x00000034   Data   RW          345    .data               main.o
    0x200001d8   0x00000014   Data   RW          406    .data               stm32f10x_rcc.o
    0x200001ec   0x00000010   Data   RW          468    .data               algorithm.lib(calcquat.o)


    Execution Region ER_ZI (Base: 0x200001fc, Size: 0x00000c34, Max: 0xffffffff, ABSOLUTE)

    Base Addr    Size         Type   Attr      Idx    E Section Name        Object

    0x200001fc   0x00000042   Zero   RW          135    .bss                hmc5883l.o
    0x2000023e   0x00000002   PAD
    0x20000240   0x0000006c   Zero   RW          163    .bss                imu.o
    0x200002ac   0x00000092   Zero   RW          235    .bss                mpu6050.o
    0x2000033e   0x00000166   Zero   RW          259    .bss                uart2.o
    0x200004a4   0x00000102   Zero   RW          278    .bss                uarts.o
    0x200005a6   0x00000002   PAD
    0x200005a8   0x00000180   Zero   RW          294    .bss                bmp180.o
    0x20000728   0x000000a6   Zero   RW          313    .bss                comm.o
    0x200007ce   0x00000002   PAD
    0x200007d0   0x00000060   Zero   RW          689    .bss                c_w.l(libspace.o)
    0x20000830   0x00000200   Zero   RW           79    HEAP                startup_stm32f10x_md.o
    0x20000a30   0x00000400   Zero   RW           78    STACK               startup_stm32f10x_md.o


==============================================================================

Image component sizes


      Code (inc. data)   RO Data    RW Data    ZI Data      Debug   Object Name

      1756        196          0         76        384       7140   bmp180.o
      1560         26          0          1        166       5595   comm.o
         0          0          0          0          0       4244   core_cm3.o
       172         10          0          4          0     204215   delay.o
       596         34          0         20         66       3726   hmc5883l.o
      5372        376          0         92        108       6606   imu.o
      1070         20          0          0          0       4397   ioi2c.o
       372         24          0        161          0       1614   led.o
      1448        116         28         52          0       2508   main.o
       220         20          0          0          0       1637   misc.o
      1848        124          0         36        146       6559   mpu6050.o
        64         26        236          0       1536        752   startup_stm32f10x_md.o
       856         40          0          0          0       5489   stm32f10x_gpio.o
        26          0          0          0          0       1166   stm32f10x_it.o
       924         44          0         20          0       8596   stm32f10x_rcc.o
      3610         88          0          0          0      21972   stm32f10x_tim.o
      1032         22          0          0          0       8208   stm32f10x_usart.o
       456         36          0         20          0      44903   system_stm32f10x.o
      3076         54          0          4        358      11305   uart2.o
      2022         20          0          2        258       7655   uarts.o

    ----------------------------------------------------------------------
     26488       1276        300        492       3028     358287   Object Totals
         0          0         32          0          0          0   (incl. Generated)
         8          0          4          4          6          0   (incl. Padding)

    ----------------------------------------------------------------------

      Code (inc. data)   RO Data    RW Data    ZI Data      Debug   Library Member Name

      4492         90          0         16          0       4538   calcquat.o
        90          0          0          0          0          0   __dczerorl2.o
         8          0          0          0          0         68   __main.o
        52          8          0          0          0          0   __scatter.o
        28          0          0          0          0          0   __scatter_zi.o
        22          0          0          0          0        100   _rserrno.o
        12          0          0          0          0         72   exit.o
         6          0          0          0          0        152   heapauxi.o
         0          0          0          0          0          0   indicate_semi.o
         2          0          0          0          0          0   libinit.o
         2          0          0          0          0          0   libinit2.o
         2          0          0          0          0          0   libshutdown.o
         2          0          0          0          0          0   libshutdown2.o
         8          4          0          0         96         68   libspace.o
         8          4          0          0          0         68   rt_errno_addr_intlibspace.o
         0          0          0          0          0          0   rtentry.o
        12          0          0          0          0          0   rtentry2.o
         6          0          0          0          0          0   rtentry4.o
         2          0          0          0          0          0   rtexit.o
        10          0          0          0          0          0   rtexit2.o
        12          4          0          0          0         68   sys_exit.o
        74          0          0          0          0         80   sys_stackheap_outer.o
         2          0          0          0          0         68   use_no_semi.o
        98          4          0          0          0         92   d2f.o
       826         16          0          0          0        356   daddsub_clz.o
        16          4          0          0          0         68   dcheck1.o
        24          0          0          0          0         68   dcmpi.o
       688        140          0          0          0        212   ddiv.o
        94          4          0          0          0         92   dfix.o
        90          4          0          0          0         92   dfixu.o
        84          0          0          0          0        136   dflt_clz.o
       120          4          0          0          0         92   dleqf.o
       340         12          0          0          0        104   dmul.o
       156          4          0          0          0         92   dnaninf.o
        12          0          0          0          0         68   dretinf.o
       108          0          0          0          0         80   drleqf.o
       460         56          0          0          0        120   dsqrt_noumaal.o
        86          4          0          0          0         84   f2d.o
       450          8          0          0          0        236   faddsub_clz.o
        24          0          0          0          0         68   fcmpi.o
       388         76          0          0          0         96   fdiv.o
       104          4          0          0          0         84   feqf.o
        54          4          0          0          0         84   ffix.o
        62          4          0          0          0         84   ffixu.o
        86          0          0          0          0        136   fflt_clz.o
       104          4          0          0          0         84   fleqf.o
       258          4          0          0          0         84   fmul.o
       140          4          0          0          0         84   fnaninf.o
        10          0          0          0          0         68   fretinf.o
        98          0          0          0          0         68   frleqf.o
       100          0          0          0          0         68   retnan.o
        92          0          0          0          0         68   scalbn.o
        48          0          0          0          0         68   trapv.o
         0          0          0          0          0          0   usenofp.o
       636         52         80          0          0        168   asin.o
       548         70        152          0          0        124   atan.o
       384         38          0          0          0        144   atan2.o
       172          8          0          0          0        112   cos.o
       252         22         48          0          0        124   cos_i.o
        16          6          0          0          0         68   dunder.o
        40          0          0          0          0         68   fpclassify.o
       170          0          0          0          0         96   poly.o
      2528        190        136          0          0        316   pow.o
         0          0          8          0          0          0   qnan.o
       904         72        200          0          0        132   rred.o
       176         10          0          0          0        116   sin.o
       236         12         40          0          0        128   sin_i.o
        78          0          0          0          0         84   sqrt.o

    ----------------------------------------------------------------------
     16244        950        664         16         96      10098   Library Totals
        32          0          0          0          0          0   (incl. Padding)

    ----------------------------------------------------------------------

      Code (inc. data)   RO Data    RW Data    ZI Data      Debug   Library Name

      4492         90          0         16          0       4538   algorithm.lib
       360         20          0          0         96        744   c_w.l
      5220        360          0          0          0       3136   fz_ws.l
      6140        480        664          0          0       1680   m_ws.l

    ----------------------------------------------------------------------
     16244        950        664         16         96      10098   Library Totals

    ----------------------------------------------------------------------

==============================================================================


      Code (inc. data)   RO Data    RW Data    ZI Data      Debug   

     42732       2226        964        508       3124     363757   Grand Totals
     42732       2226        964        116       3124     363757   ELF Image Totals (compressed)
     42732       2226        964        116          0          0   ROM Totals

==============================================================================

    Total RO  Size (Code + RO Data)                43696 (  42.67kB)
    Total RW  Size (RW Data + ZI Data)              3632 (   3.55kB)
    Total ROM Size (Code + RO Data + RW Data)      43812 (  42.79kB)

==============================================================================

