ARM Linker, 5.02 [Build 28] [MDK-ARM Professional]

==============================================================================

Section Cross References

    main.o(.text) refers to stm32f10x_gpio.o(.text) for GPIO_SetBits
    main.o(.text) refers to stm32f10x_rcc.o(.text) for RCC_AHBPeriphClockCmd
    main.o(.text) refers to stm32f10x_dma.o(.text) for DMA_DeInit
    main.o(.text) refers to stm32f10x_adc.o(.text) for ADC_Init
    main.o(.text) refers to misc.o(.text) for NVIC_Init
    main.o(.text) refers to stm32f10x_usart.o(.text) for USART_Init
    main.o(.text) refers to main.o(.data) for ADC_ConvertedValue
    main.o(.text) refers to main.o(.bss) for Uart_Send_Buffer
    main.o(.text) refers to ffltui.o(.text) for __aeabi_ui2f
    main.o(.text) refers to fdiv.o(.text) for __aeabi_fdiv
    main.o(.text) refers to f2d.o(.text) for __aeabi_f2d
    main.o(.text) refers to dmul.o(.text) for __aeabi_dmul
    main.o(.text) refers to d2f.o(.text) for __aeabi_d2f
    main.o(.text) refers to cdcmple.o(.text) for __aeabi_cdcmple
    main.o(.text) refers to rt_event.o(i.rt_evt_wait) for rt_evt_wait
    main.o(.text) refers to rt_task.o(i.rt_tsk_self) for rt_tsk_self
    main.o(.text) refers to rt_time.o(i.rt_dly_wait) for rt_dly_wait
    main.o(.text) refers to gpio_init.o(.text) for GPIO_Configration
    main.o(.text) refers to tim_init.o(.text) for TIM2_Configuration
    main.o(.text) refers to hal_cm3.o(.emb_text) for os_set_env
    main.o(.text) refers to stm32f10x_tim.o(.text) for TIM_GetITStatus
    main.o(.text) refers to rt_event.o(i.isr_evt_set) for isr_evt_set
    main.o(.text) refers to rt_system.o(i.rt_tsk_lock) for rt_tsk_lock
    main.o(.text) refers to rt_task.o(i.rt_tsk_create) for rt_tsk_create
    main.o(.text) refers to rt_system.o(i.rt_tsk_unlock) for rt_tsk_unlock
    main.o(.text) refers to rt_task.o(i.rt_tsk_delete) for rt_tsk_delete
    main.o(.text) refers to rt_task.o(i.rt_sys_init) for rt_sys_init
    startup_stm32f10x_md.o(RESET) refers to startup_stm32f10x_md.o(STACK) for __initial_sp
    startup_stm32f10x_md.o(RESET) refers to startup_stm32f10x_md.o(.text) for Reset_Handler
    startup_stm32f10x_md.o(RESET) refers to hal_cm3.o(.emb_text) for SVC_Handler
    startup_stm32f10x_md.o(RESET) refers to main.o(.text) for DMA1_Channel4_IRQHandler
    startup_stm32f10x_md.o(.text) refers to system_stm32f10x.o(.text) for SystemInit
    startup_stm32f10x_md.o(.text) refers to entry.o(.ARM.Collect$$$$00000000) for __main
    stm32f10x_gpio.o(.text) refers to stm32f10x_rcc.o(.text) for RCC_APB2PeriphResetCmd
    stm32f10x_rcc.o(.text) refers to stm32f10x_rcc.o(.data) for APBAHBPrescTable
    stm32f10x_tim.o(.text) refers to stm32f10x_rcc.o(.text) for RCC_APB2PeriphResetCmd
    stm32f10x_usart.o(.text) refers to stm32f10x_rcc.o(.text) for RCC_APB2PeriphResetCmd
    stm32f10x_adc.o(.text) refers to stm32f10x_rcc.o(.text) for RCC_APB2PeriphResetCmd
    system_stm32f10x.o(.text) refers to system_stm32f10x.o(.data) for SystemCoreClock
    tim_init.o(.text) refers to stm32f10x_rcc.o(.text) for RCC_APB2PeriphClockCmd
    tim_init.o(.text) refers to stm32f10x_gpio.o(.text) for GPIO_Init
    tim_init.o(.text) refers to stm32f10x_tim.o(.text) for TIM_TimeBaseInit
    gpio_init.o(.text) refers to stm32f10x_rcc.o(.text) for RCC_APB2PeriphClockCmd
    gpio_init.o(.text) refers to stm32f10x_gpio.o(.text) for GPIO_Init
    rt_task.o(i.rt_block) refers to rt_list.o(i.rt_put_dly) for rt_put_dly
    rt_task.o(i.rt_block) refers to rt_list.o(i.rt_get_first) for rt_get_first
    rt_task.o(i.rt_block) refers to rt_task.o(i.rt_switch_req) for rt_switch_req
    rt_task.o(i.rt_block) refers to rt_task.o(.data) for .data
    rt_task.o(i.rt_block) refers to rt_list.o(.bss) for os_rdy
    rt_task.o(i.rt_dispatch) refers to rt_list.o(i.rt_put_rdy_first) for rt_put_rdy_first
    rt_task.o(i.rt_dispatch) refers to rt_task.o(i.rt_switch_req) for rt_switch_req
    rt_task.o(i.rt_dispatch) refers to rt_list.o(i.rt_get_first) for rt_get_first
    rt_task.o(i.rt_dispatch) refers to rt_list.o(i.rt_put_prio) for rt_put_prio
    rt_task.o(i.rt_dispatch) refers to rt_task.o(.data) for .data
    rt_task.o(i.rt_dispatch) refers to rt_list.o(.bss) for os_rdy
    rt_task.o(i.rt_init_context) refers to rt_membox.o(i.rt_alloc_box) for rt_alloc_box
    rt_task.o(i.rt_init_context) refers to hal_cm3.o(i.rt_init_stack) for rt_init_stack
    rt_task.o(i.rt_init_context) refers to rtx_config.o(.bss) for mp_stk
    rt_task.o(i.rt_switch_req) refers to hal_cm3.o(i.dbg_task_switch) for dbg_task_switch
    rt_task.o(i.rt_switch_req) refers to rt_task.o(.data) for .data
    rt_task.o(i.rt_switch_req) refers to hal_cm3.o(.data) for dbg_msg
    rt_task.o(i.rt_sys_init) refers to hal_cm3.o(i.dbg_init) for dbg_init
    rt_task.o(i.rt_sys_init) refers to rt_membox.o(i._init_box) for _init_box
    rt_task.o(i.rt_sys_init) refers to rt_task.o(i.rt_init_context) for rt_init_context
[...]
    rt_task.o(i.rt_sys_init) refers to rtx_config.o(.data) for m_tmr
    rt_task.o(i.rt_sys_init) refers to rt_task.o(.bss) for .bss
    rt_task.o(i.rt_sys_init) refers to rtx_config.o(.text) for os_idle_demon
    rt_task.o(i.rt_sys_init) refers to rt_list.o(.bss) for os_rdy
    rt_task.o(i.rt_sys_init) refers to rt_task.o(.data) for .data
    rt_task.o(i.rt_sys_init) refers to rt_system.o(.data) for os_tick_irqn
    rt_task.o(i.rt_tsk_create) refers to rt_membox.o(i.rt_alloc_box) for rt_alloc_box
    rt_task.o(i.rt_tsk_create) refers to rt_task.o(i.rt_init_context) for rt_init_context
    rt_task.o(i.rt_tsk_create) refers to hal_cm3.o(i.dbg_task_notify) for dbg_task_notify
    rt_task.o(i.rt_tsk_create) refers to rt_task.o(i.rt_dispatch) for rt_dispatch
    rt_task.o(i.rt_tsk_create) refers to rtx_config.o(.bss) for mp_tcb
    rt_task.o(i.rt_tsk_create) refers to rtx_config.o(.constdata) for os_maxtaskrun
    rt_task.o(i.rt_tsk_create) refers to hal_cm3.o(.data) for dbg_msg
    rt_task.o(i.rt_tsk_create) refers to rt_task.o(.data) for .data
    rt_task.o(i.rt_tsk_delete) refers to hal_cm3.o(.emb_text) for rt_get_PSP
    rt_task.o(i.rt_tsk_delete) refers to rt_system.o(i.rt_stk_check) for rt_stk_check
    rt_task.o(i.rt_tsk_delete) refers to rt_membox.o(i.rt_free_box) for rt_free_box
    rt_task.o(i.rt_tsk_delete) refers to hal_cm3.o(i.dbg_task_notify) for dbg_task_notify
    rt_task.o(i.rt_tsk_delete) refers to rt_task.o(i.rt_dispatch) for rt_dispatch
    rt_task.o(i.rt_tsk_delete) refers to rt_list.o(i.rt_rmv_list) for rt_rmv_list
    rt_task.o(i.rt_tsk_delete) refers to rt_list.o(i.rt_rmv_dly) for rt_rmv_dly
    rt_task.o(i.rt_tsk_delete) refers to hal_cm3.o(.data) for dbg_msg
    rt_task.o(i.rt_tsk_delete) refers to rt_task.o(.data) for .data
    rt_task.o(i.rt_tsk_delete) refers to rtx_config.o(.bss) for os_active_TCB
    rt_task.o(i.rt_tsk_delete) refers to rtx_config.o(.constdata) for os_maxtaskrun
    rt_task.o(i.rt_tsk_pass) refers to rt_list.o(i.rt_get_same_rdy_prio) for rt_get_same_rdy_prio
    rt_task.o(i.rt_tsk_pass) refers to rt_list.o(i.rt_put_prio) for rt_put_prio
    rt_task.o(i.rt_tsk_pass) refers to rt_task.o(i.rt_switch_req) for rt_switch_req
    rt_task.o(i.rt_tsk_pass) refers to rt_task.o(.data) for .data
    rt_task.o(i.rt_tsk_pass) refers to rt_list.o(.bss) for os_rdy
    rt_task.o(i.rt_tsk_prio) refers to rt_list.o(i.rt_put_prio) for rt_put_prio
    rt_task.o(i.rt_tsk_prio) refers to rt_list.o(i.rt_resort_prio) for rt_resort_prio
    rt_task.o(i.rt_tsk_prio) refers to rt_list.o(i.rt_get_first) for rt_get_first
    rt_task.o(i.rt_tsk_prio) refers to rt_task.o(i.rt_dispatch) for rt_dispatch
    rt_task.o(i.rt_tsk_prio) refers to rt_task.o(.data) for .data
    rt_task.o(i.rt_tsk_prio) refers to rtx_config.o(.constdata) for os_maxtaskrun
    rt_task.o(i.rt_tsk_prio) refers to rtx_config.o(.bss) for os_active_TCB
    rt_task.o(i.rt_tsk_prio) refers to rt_list.o(.bss) for os_rdy
    rt_task.o(i.rt_tsk_self) refers to rt_task.o(.data) for .data
    rt_system.o(i.os_tick_init) refers to rtx_config.o(.constdata) for os_trv
    rt_system.o(i.rt_pop_req) refers to rt_list.o(i.rt_put_rdy_first) for rt_put_rdy_first
    rt_system.o(i.rt_pop_req) refers to rt_semaphore.o(i.rt_sem_psh) for rt_sem_psh
    rt_system.o(i.rt_pop_req) refers to rt_list.o(i.rt_get_first) for rt_get_first
    rt_system.o(i.rt_pop_req) refers to rt_task.o(i.rt_switch_req) for rt_switch_req
    rt_system.o(i.rt_pop_req) refers to rt_event.o(i.rt_evt_psh) for rt_evt_psh
    rt_system.o(i.rt_pop_req) refers to rt_mailbox.o(i.rt_mbx_psh) for rt_mbx_psh
    rt_system.o(i.rt_pop_req) refers to rt_task.o(.data) for os_tsk
    rt_system.o(i.rt_pop_req) refers to rtx_config.o(.bss) for os_fifo
    rt_system.o(i.rt_pop_req) refers to rt_list.o(.bss) for os_rdy
    rt_system.o(i.rt_psh_req) refers to rt_system.o(.data) for .data
    rt_system.o(i.rt_resume) refers to rt_list.o(i.rt_put_rdy_first) for rt_put_rdy_first
    rt_system.o(i.rt_resume) refers to rt_list.o(i.rt_dec_dly) for rt_dec_dly
    rt_system.o(i.rt_resume) refers to rt_timer.o(i.rt_tmr_tick) for rt_tmr_tick
    rt_system.o(i.rt_resume) refers to rt_list.o(i.rt_get_first) for rt_get_first
    rt_system.o(i.rt_resume) refers to rt_task.o(i.rt_switch_req) for rt_switch_req
    rt_system.o(i.rt_resume) refers to rt_system.o(i.rt_tsk_unlock) for rt_tsk_unlock
    rt_system.o(i.rt_resume) refers to rt_task.o(.data) for os_tsk
    rt_system.o(i.rt_resume) refers to rt_robin.o(.data) for os_robin
    rt_system.o(i.rt_resume) refers to rt_list.o(.bss) for os_dly
    rt_system.o(i.rt_resume) refers to rt_time.o(.data) for os_time
    rt_system.o(i.rt_resume) refers to rt_timer.o(.data) for os_tmr
    rt_system.o(i.rt_stk_check) refers to rtx_config.o(.text) for os_error
    rt_system.o(i.rt_stk_check) refers to rt_task.o(.data) for os_tsk
    rt_system.o(i.rt_suspend) refers to rt_system.o(i.rt_tsk_lock) for rt_tsk_lock
    rt_system.o(i.rt_suspend) refers to rt_list.o(.bss) for os_dly
    rt_system.o(i.rt_suspend) refers to rt_timer.o(.data) for os_tmr
    rt_system.o(i.rt_systick) refers to rt_list.o(i.rt_put_rdy_first) for rt_put_rdy_first
    rt_system.o(i.rt_systick) refers to rt_robin.o(i.rt_chk_robin) for rt_chk_robin
    rt_system.o(i.rt_systick) refers to rt_list.o(i.rt_dec_dly) for rt_dec_dly
    rt_system.o(i.rt_systick) refers to rt_timer.o(i.rt_tmr_tick) for rt_tmr_tick
    rt_system.o(i.rt_systick) refers to rt_list.o(i.rt_get_first) for rt_get_first
    rt_system.o(i.rt_systick) refers to rt_task.o(i.rt_switch_req) for rt_switch_req
    rt_system.o(i.rt_systick) refers to rt_task.o(.data) for os_tsk
    rt_system.o(i.rt_systick) refers to rt_time.o(.data) for os_time
    rt_system.o(i.rt_systick) refers to rt_list.o(.bss) for os_rdy
    rt_system.o(i.rt_tsk_lock) refers to rt_system.o(.data) for .data
    rt_system.o(i.rt_tsk_unlock) refers to rt_system.o(.data) for .data
    rt_event.o(i.isr_evt_set) refers to rt_list.o(i.rt_psq_enq) for rt_psq_enq
    rt_event.o(i.isr_evt_set) refers to rt_system.o(i.rt_psh_req) for rt_psh_req
    rt_event.o(i.isr_evt_set) refers to rtx_config.o(.bss) for os_active_TCB
    rt_event.o(i.rt_evt_clr) refers to rtx_config.o(.bss) for os_active_TCB
    rt_event.o(i.rt_evt_get) refers to rt_task.o(.data) for os_tsk
    rt_event.o(i.rt_evt_psh) refers to rt_list.o(i.rt_rmv_dly) for rt_rmv_dly
    rt_event.o(i.rt_evt_psh) refers to rt_list.o(i.rt_put_prio) for rt_put_prio
    rt_event.o(i.rt_evt_psh) refers to rt_list.o(.bss) for os_rdy
    rt_event.o(i.rt_evt_set) refers to rt_list.o(i.rt_rmv_dly) for rt_rmv_dly
    rt_event.o(i.rt_evt_set) refers to rt_task.o(i.rt_dispatch) for rt_dispatch
    rt_event.o(i.rt_evt_set) refers to rtx_config.o(.bss) for os_active_TCB
    rt_event.o(i.rt_evt_wait) refers to rt_task.o(i.rt_block) for rt_block
    rt_event.o(i.rt_evt_wait) refers to rt_task.o(.data) for os_tsk
    rt_time.o(i.rt_dly_wait) refers to rt_task.o(i.rt_block) for rt_block
    rt_time.o(i.rt_itv_set) refers to rt_task.o(.data) for os_tsk
    rt_time.o(i.rt_itv_set) refers to rt_time.o(.data) for .data
    rt_time.o(i.rt_itv_wait) refers to rt_task.o(i.rt_block) for rt_block
    rt_time.o(i.rt_itv_wait) refers to rt_task.o(.data) for os_tsk
    rt_time.o(i.rt_itv_wait) refers to rt_time.o(.data) for .data
    rt_time.o(i.rt_time_get) refers to rt_time.o(.data) for .data
    hal_cm3.o(.emb_text) refers to rtx_config.o(.constdata) for os_flags
    hal_cm3.o(.emb_text) refers to rt_membox.o(i.rt_alloc_box) for rt_alloc_box
    hal_cm3.o(.emb_text) refers to rt_membox.o(i.rt_free_box) for rt_free_box
    hal_cm3.o(.emb_text) refers to rt_system.o(i.rt_stk_check) for rt_stk_check
    hal_cm3.o(.emb_text) refers to rt_task.o(.data) for os_tsk
    hal_cm3.o(.emb_text) refers to SVC_Table.o(SVC_TABLE) for SVC_Count
    hal_cm3.o(.emb_text) refers to rt_system.o(i.rt_pop_req) for rt_pop_req
    hal_cm3.o(.emb_text) refers to rt_system.o(i.rt_systick) for rt_systick
    hal_cm3.o(.emb_text) refers to rt_system.o(i.os_tick_irqack) for os_tick_irqack
    hal_cm3.o(i.dbg_init) refers to hal_cm3.o(.data) for .data
    hal_cm3.o(i.rt_init_stack) refers to rtx_config.o(.constdata) for os_stackinfo
    rt_list.o(i.rt_dec_dly) refers to rt_list.o(i.rt_put_prio) for rt_put_prio
    rt_list.o(i.rt_dec_dly) refers to rt_list.o(.bss) for .bss
    rt_list.o(i.rt_dec_dly) refers to rt_time.o(.data) for os_time
    rt_list.o(i.rt_get_same_rdy_prio) refers to rt_list.o(.bss) for .bss
    rt_list.o(i.rt_get_same_rdy_prio) refers to rt_task.o(.data) for os_tsk
    rt_list.o(i.rt_psq_enq) refers to rtx_config.o(.text) for os_error
    rt_list.o(i.rt_psq_enq) refers to rtx_config.o(.bss) for os_fifo
    rt_list.o(i.rt_put_dly) refers to rt_list.o(.bss) for .bss
    rt_list.o(i.rt_put_rdy_first) refers to rt_list.o(.bss) for .bss
    rt_list.o(i.rt_resort_prio) refers to rt_list.o(i.rt_rmv_list) for rt_rmv_list
    rt_list.o(i.rt_resort_prio) refers to rt_list.o(i.rt_put_prio) for rt_put_prio
    rt_list.o(i.rt_resort_prio) refers to rt_list.o(.bss) for .bss
    rt_list.o(i.rt_rmv_list) refers to rt_list.o(.bss) for .bss
    rt_mailbox.o(i.isr_mbx_receive) refers to rt_list.o(i.rt_psq_enq) for rt_psq_enq
    rt_mailbox.o(i.isr_mbx_receive) refers to rt_system.o(i.rt_psh_req) for rt_psh_req
    rt_mailbox.o(i.isr_mbx_send) refers to rt_list.o(i.rt_psq_enq) for rt_psq_enq
    rt_mailbox.o(i.isr_mbx_send) refers to rt_system.o(i.rt_psh_req) for rt_psh_req
    rt_mailbox.o(i.rt_mbx_psh) refers to rt_list.o(i.rt_get_first) for rt_get_first
    rt_mailbox.o(i.rt_mbx_psh) refers to rt_list.o(i.rt_rmv_dly) for rt_rmv_dly
    rt_mailbox.o(i.rt_mbx_psh) refers to rt_list.o(i.rt_put_prio) for rt_put_prio
    rt_mailbox.o(i.rt_mbx_psh) refers to rtx_config.o(.text) for os_error
    rt_mailbox.o(i.rt_mbx_psh) refers to rt_list.o(.bss) for os_rdy
    rt_mailbox.o(i.rt_mbx_send) refers to rt_list.o(i.rt_put_prio) for rt_put_prio
    rt_mailbox.o(i.rt_mbx_send) refers to rt_list.o(i.rt_get_first) for rt_get_first
    rt_mailbox.o(i.rt_mbx_send) refers to rt_list.o(i.rt_rmv_dly) for rt_rmv_dly
    rt_mailbox.o(i.rt_mbx_send) refers to rt_task.o(i.rt_dispatch) for rt_dispatch
    rt_mailbox.o(i.rt_mbx_send) refers to rt_task.o(i.rt_block) for rt_block
    rt_mailbox.o(i.rt_mbx_send) refers to rt_task.o(.data) for os_tsk
    rt_mailbox.o(i.rt_mbx_wait) refers to rt_list.o(i.rt_get_first) for rt_get_first
    rt_mailbox.o(i.rt_mbx_wait) refers to rt_list.o(i.rt_rmv_dly) for rt_rmv_dly
    rt_mailbox.o(i.rt_mbx_wait) refers to rt_task.o(i.rt_dispatch) for rt_dispatch
    rt_mailbox.o(i.rt_mbx_wait) refers to rt_list.o(i.rt_put_prio) for rt_put_prio
    rt_mailbox.o(i.rt_mbx_wait) refers to rt_task.o(i.rt_block) for rt_block
    rt_mailbox.o(i.rt_mbx_wait) refers to rt_task.o(.data) for os_tsk
    rt_semaphore.o(i.isr_sem_send) refers to rt_list.o(i.rt_psq_enq) for rt_psq_enq
    rt_semaphore.o(i.isr_sem_send) refers to rt_system.o(i.rt_psh_req) for rt_psh_req
    rt_semaphore.o(i.rt_sem_psh) refers to rt_list.o(i.rt_get_first) for rt_get_first
    rt_semaphore.o(i.rt_sem_psh) refers to rt_list.o(i.rt_rmv_dly) for rt_rmv_dly
    rt_semaphore.o(i.rt_sem_psh) refers to rt_list.o(i.rt_put_prio) for rt_put_prio
    rt_semaphore.o(i.rt_sem_psh) refers to rt_list.o(.bss) for os_rdy
    rt_semaphore.o(i.rt_sem_send) refers to rt_list.o(i.rt_get_first) for rt_get_first
    rt_semaphore.o(i.rt_sem_send) refers to rt_list.o(i.rt_rmv_dly) for rt_rmv_dly
    rt_semaphore.o(i.rt_sem_send) refers to rt_task.o(i.rt_dispatch) for rt_dispatch
    rt_semaphore.o(i.rt_sem_send) refers to rt_task.o(.data) for os_tsk
    rt_semaphore.o(i.rt_sem_wait) refers to rt_list.o(i.rt_put_prio) for rt_put_prio
    rt_semaphore.o(i.rt_sem_wait) refers to rt_task.o(i.rt_block) for rt_block
    rt_semaphore.o(i.rt_sem_wait) refers to rt_task.o(.data) for os_tsk
    rt_timer.o(i.rt_tmr_create) refers to rt_membox.o(i.rt_alloc_box) for rt_alloc_box
    rt_timer.o(i.rt_tmr_create) refers to rtx_config.o(.data) for m_tmr
    rt_timer.o(i.rt_tmr_create) refers to rt_timer.o(.data) for .data
    rt_timer.o(i.rt_tmr_kill) refers to rt_membox.o(i.rt_free_box) for rt_free_box
    rt_timer.o(i.rt_tmr_kill) refers to rt_timer.o(.data) for .data
    rt_timer.o(i.rt_tmr_kill) refers to rtx_config.o(.data) for m_tmr
    rt_timer.o(i.rt_tmr_tick) refers to rtx_config.o(.text) for os_tmr_call
    rt_timer.o(i.rt_tmr_tick) refers to rt_membox.o(i.rt_free_box) for rt_free_box
    rt_timer.o(i.rt_tmr_tick) refers to rt_timer.o(.data) for .data
    rt_timer.o(i.rt_tmr_tick) refers to rtx_config.o(.data) for m_tmr
    rt_robin.o(i.rt_chk_robin) refers to rt_list.o(i.rt_get_first) for rt_get_first
    rt_robin.o(i.rt_chk_robin) refers to rt_list.o(i.rt_put_prio) for rt_put_prio
    rt_robin.o(i.rt_chk_robin) refers to rt_robin.o(.data) for .data
    rt_robin.o(i.rt_chk_robin) refers to rt_list.o(.bss) for os_rdy
    rt_robin.o(i.rt_chk_robin) refers to rt_time.o(.data) for os_time
    rt_robin.o(i.rt_init_robin) refers to rt_robin.o(.data) for .data
    rt_robin.o(i.rt_init_robin) refers to rtx_config.o(.constdata) for os_rrobin
    rt_membox.o(i._calloc_box) refers to hal_cm3.o(.emb_text) for _alloc_box
    entry.o(.ARM.Collect$$$$00000000) refers (Special) to entry7b.o(.ARM.Collect$$$$00000008) for _main_clock
    entry.o(.ARM.Collect$$$$00000000) refers (Special) to entry8.o(.ARM.Collect$$$$00000009) for _main_init
    entry.o(.ARM.Collect$$$$00000000) refers (Special) to entry5.o(.ARM.Collect$$$$00000004) for _main_scatterload
    entry.o(.ARM.Collect$$$$00000000) refers (Special) to entry2.o(.ARM.Collect$$$$00000001) for _main_stk
    fdiv.o(.text) refers (Special) to iusefp.o(.text) for __I$use$fp
    fdiv.o(.text) refers to fepilogue.o(.text) for _float_round
    dmul.o(.text) refers (Special) to iusefp.o(.text) for __I$use$fp
    dmul.o(.text) refers to depilogue.o(.text) for _double_epilogue
    ffltui.o(.text) refers (Special) to iusefp.o(.text) for __I$use$fp
    ffltui.o(.text) refers to fepilogue.o(.text) for _float_epilogue
    f2d.o(.text) refers (Special) to iusefp.o(.text) for __I$use$fp
    cdcmple.o(.text) refers (Special) to iusefp.o(.text) for __I$use$fp
    d2f.o(.text) refers (Special) to iusefp.o(.text) for __I$use$fp
    d2f.o(.text) refers to fepilogue.o(.text) for _float_round
    entry2.o(.ARM.Collect$$$$00000001) refers to entry2.o(.ARM.Collect$$$$00002712) for __lit__00000000
    entry2.o(.ARM.Collect$$$$00002712) refers to startup_stm32f10x_md.o(STACK) for __initial_sp
    entry2.o(__vectab_stack_and_reset_area) refers to startup_stm32f10x_md.o(STACK) for __initial_sp
    entry2.o(__vectab_stack_and_reset_area) refers to entry.o(.ARM.Collect$$$$00000000) for __main
    entry5.o(.ARM.Collect$$$$00000004) refers to init.o(.text) for __scatterload
    entry8.o(.ARM.Collect$$$$00000009) refers to main.o(.text) for main
    depilogue.o(.text) refers to llshl.o(.text) for __aeabi_llsl
    depilogue.o(.text) refers to llushr.o(.text) for __aeabi_llsr
    init.o(.text) refers to entry5.o(.ARM.Collect$$$$00000004) for __main_after_scatterload


==============================================================================

Removing Unused input sections from the image.

    Removing main.o(.rev16_text), (4 bytes).
    Removing main.o(.revsh_text), (4 bytes).
    Removing startup_stm32f10x_md.o(HEAP), (512 bytes).
    Removing misc.o(.rev16_text), (4 bytes).
    Removing misc.o(.revsh_text), (4 bytes).
    Removing stm32f10x_crc.o(.rev16_text), (4 bytes).
    Removing stm32f10x_crc.o(.revsh_text), (4 bytes).
    Removing stm32f10x_crc.o(.text), (72 bytes).
    Removing stm32f10x_dbgmcu.o(.rev16_text), (4 bytes).
    Removing stm32f10x_dbgmcu.o(.revsh_text), (4 bytes).
    Removing stm32f10x_dbgmcu.o(.text), (48 bytes).
    Removing stm32f10x_dma.o(.rev16_text), (4 bytes).
    Removing stm32f10x_dma.o(.revsh_text), (4 bytes).
    Removing stm32f10x_exti.o(.rev16_text), (4 bytes).
    Removing stm32f10x_exti.o(.revsh_text), (4 bytes).
    Removing stm32f10x_exti.o(.text), (284 bytes).
    Removing stm32f10x_gpio.o(.rev16_text), (4 bytes).
    Removing stm32f10x_gpio.o(.revsh_text), (4 bytes).
    Removing stm32f10x_rcc.o(.rev16_text), (4 bytes).
    Removing stm32f10x_rcc.o(.revsh_text), (4 bytes).
    Removing stm32f10x_tim.o(.rev16_text), (4 bytes).
    Removing stm32f10x_tim.o(.revsh_text), (4 bytes).
    Removing stm32f10x_usart.o(.rev16_text), (4 bytes).
    Removing stm32f10x_usart.o(.revsh_text), (4 bytes).
    Removing stm32f10x_adc.o(.rev16_text), (4 bytes).
    Removing stm32f10x_adc.o(.revsh_text), (4 bytes).
    Removing system_stm32f10x.o(.rev16_text), (4 bytes).
    Removing system_stm32f10x.o(.revsh_text), (4 bytes).
    Removing tim_init.o(.rev16_text), (4 bytes).
    Removing tim_init.o(.revsh_text), (4 bytes).
    Removing usart_init.o(.rev16_text), (4 bytes).
    Removing usart_init.o(.revsh_text), (4 bytes).
    Removing gpio_init.o(.rev16_text), (4 bytes).
    Removing gpio_init.o(.revsh_text), (4 bytes).
    Removing rt_task.o(i.rt_tsk_pass), (48 bytes).
    Removing rt_task.o(i.rt_tsk_prio), (128 bytes).
    Removing rt_system.o(.emb_text), (0 bytes).
    Removing rt_system.o(i.rt_resume), (176 bytes).
    Removing rt_system.o(i.rt_suspend), (44 bytes).
    Removing rt_event.o(i.rt_evt_clr), (28 bytes).
    Removing rt_event.o(i.rt_evt_get), (12 bytes).
    Removing rt_event.o(i.rt_evt_set), (96 bytes).
    Removing rt_time.o(i.rt_itv_set), (24 bytes).
    Removing rt_time.o(i.rt_itv_wait), (44 bytes).
    Removing rt_time.o(i.rt_time_get), (12 bytes).
    Removing rt_list.o(i.rt_get_same_rdy_prio), (36 bytes).
    Removing rt_list.o(i.rt_resort_prio), (52 bytes).
    Removing rt_mailbox.o(i.isr_mbx_receive), (84 bytes).
    Removing rt_mailbox.o(i.isr_mbx_send), (14 bytes).
    Removing rt_mailbox.o(i.rt_mbx_check), (8 bytes).
    Removing rt_mailbox.o(i.rt_mbx_init), (26 bytes).
    Removing rt_mailbox.o(i.rt_mbx_send), (160 bytes).
    Removing rt_mailbox.o(i.rt_mbx_wait), (184 bytes).
    Removing rt_semaphore.o(i.isr_sem_send), (16 bytes).
    Removing rt_semaphore.o(i.rt_sem_init), (12 bytes).
    Removing rt_semaphore.o(i.rt_sem_send), (56 bytes).
    Removing rt_semaphore.o(i.rt_sem_wait), (60 bytes).
    Removing rt_timer.o(i.rt_tmr_create), (80 bytes).
    Removing rt_timer.o(i.rt_tmr_kill), (52 bytes).
    Removing rt_membox.o(i._calloc_box), (30 bytes).

60 unused section(s) (total 2518 bytes) removed from the image.

==============================================================================

Image Symbol Table

    Local Symbols

    Symbol Name                              Value     Ov Type        Size  Object(Section)

    ../clib/microlib/init/entry.s            0x00000000   Number         0  entry2.o ABSOLUTE
    ../clib/microlib/init/entry.s            0x00000000   Number         0  entry7a.o ABSOLUTE
    ../clib/microlib/init/entry.s            0x00000000   Number         0  entry5.o ABSOLUTE
    ../clib/microlib/init/entry.s            0x00000000   Number         0  entry.o ABSOLUTE
    ../clib/microlib/init/entry.s            0x00000000   Number         0  entry8.o ABSOLUTE
    ../clib/microlib/init/entry.s            0x00000000   Number         0  entry7b.o ABSOLUTE
    ../clib/microlib/longlong.c              0x00000000   Number         0  llushr.o ABSOLUTE
    ../clib/microlib/longlong.c              0x00000000   Number         0  llshl.o ABSOLUTE
    ../clib/microlib/stubs.s                 0x00000000   Number         0  iusefp.o ABSOLUTE
    ../fplib/microlib/d2f.c                  0x00000000   Number         0  d2f.o ABSOLUTE
    ../fplib/microlib/f2d.c                  0x00000000   Number         0  f2d.o ABSOLUTE
    ../fplib/microlib/fpdiv.c                0x00000000   Number         0  fdiv.o ABSOLUTE
    ../fplib/microlib/fpepilogue.c           0x00000000   Number         0  depilogue.o ABSOLUTE
    ../fplib/microlib/fpepilogue.c           0x00000000   Number         0  fepilogue.o ABSOLUTE
    ../fplib/microlib/fpflt.c                0x00000000   Number         0  ffltui.o ABSOLUTE
    ../fplib/microlib/fpmul.c                0x00000000   Number         0  dmul.o ABSOLUTE
    ..\Libraries\CMSIS\CM3\DeviceSupport\ST\STM32F10x\startup\arm\startup_stm32f10x_md.s 0x00000000   Number         0  startup_stm32f10x_md.o ABSOLUTE
    ..\Libraries\CMSIS\CM3\DeviceSupport\ST\STM32F10x\system_stm32f10x.c 0x00000000   Number         0  system_stm32f10x.o ABSOLUTE
    ..\Libraries\RTX_Config.c                0x00000000   Number         0  rtx_config.o ABSOLUTE
    ..\Libraries\STM32F10x_StdPeriph_Driver\src\misc.c 0x00000000   Number         0  misc.o ABSOLUTE
    ..\Libraries\STM32F10x_StdPeriph_Driver\src\stm32f10x_adc.c 0x00000000   Number         0  stm32f10x_adc.o ABSOLUTE
    ..\Libraries\STM32F10x_StdPeriph_Driver\src\stm32f10x_crc.c 0x00000000   Number         0  stm32f10x_crc.o ABSOLUTE
    ..\Libraries\STM32F10x_StdPeriph_Driver\src\stm32f10x_dbgmcu.c 0x00000000   Number         0  stm32f10x_dbgmcu.o ABSOLUTE
    ..\Libraries\STM32F10x_StdPeriph_Driver\src\stm32f10x_dma.c 0x00000000   Number         0  stm32f10x_dma.o ABSOLUTE
    ..\Libraries\STM32F10x_StdPeriph_Driver\src\stm32f10x_exti.c 0x00000000   Number         0  stm32f10x_exti.o ABSOLUTE
    ..\Libraries\STM32F10x_StdPeriph_Driver\src\stm32f10x_gpio.c 0x00000000   Number         0  stm32f10x_gpio.o ABSOLUTE
    ..\Libraries\STM32F10x_StdPeriph_Driver\src\stm32f10x_rcc.c 0x00000000   Number         0  stm32f10x_rcc.o ABSOLUTE
    ..\Libraries\STM32F10x_StdPeriph_Driver\src\stm32f10x_tim.c 0x00000000   Number         0  stm32f10x_tim.o ABSOLUTE
    ..\Libraries\STM32F10x_StdPeriph_Driver\src\stm32f10x_usart.c 0x00000000   Number         0  stm32f10x_usart.o ABSOLUTE
    ..\User\GPIO_Init.c                      0x00000000   Number         0  gpio_init.o ABSOLUTE
    ..\User\TIM_INIT.c                       0x00000000   Number         0  tim_init.o ABSOLUTE
    ..\User\USART_INIT.c                     0x00000000   Number         0  usart_init.o ABSOLUTE
    ..\User\main.c                           0x00000000   Number         0  main.o ABSOLUTE
    ..\\Libraries\\CMSIS\\CM3\\DeviceSupport\\ST\\STM32F10x\\system_stm32f10x.c 0x00000000   Number         0  system_stm32f10x.o ABSOLUTE
    ..\\Libraries\\STM32F10x_StdPeriph_Driver\\src\\misc.c 0x00000000   Number         0  misc.o ABSOLUTE
    ..\\Libraries\\STM32F10x_StdPeriph_Driver\\src\\stm32f10x_adc.c 0x00000000   Number         0  stm32f10x_adc.o ABSOLUTE
    ..\\Libraries\\STM32F10x_StdPeriph_Driver\\src\\stm32f10x_crc.c 0x00000000   Number         0  stm32f10x_crc.o ABSOLUTE
    ..\\Libraries\\STM32F10x_StdPeriph_Driver\\src\\stm32f10x_dbgmcu.c 0x00000000   Number         0  stm32f10x_dbgmcu.o ABSOLUTE
    ..\\Libraries\\STM32F10x_StdPeriph_Driver\\src\\stm32f10x_dma.c 0x00000000   Number         0  stm32f10x_dma.o ABSOLUTE
    ..\\Libraries\\STM32F10x_StdPeriph_Driver\\src\\stm32f10x_exti.c 0x00000000   Number         0  stm32f10x_exti.o ABSOLUTE
    ..\\Libraries\\STM32F10x_StdPeriph_Driver\\src\\stm32f10x_gpio.c 0x00000000   Number         0  stm32f10x_gpio.o ABSOLUTE
    ..\\Libraries\\STM32F10x_StdPeriph_Driver\\src\\stm32f10x_rcc.c 0x00000000   Number         0  stm32f10x_rcc.o ABSOLUTE
    ..\\Libraries\\STM32F10x_StdPeriph_Driver\\src\\stm32f10x_tim.c 0x00000000   Number         0  stm32f10x_tim.o ABSOLUTE
    ..\\Libraries\\STM32F10x_StdPeriph_Driver\\src\\stm32f10x_usart.c 0x00000000   Number         0  stm32f10x_usart.o ABSOLUTE
    ..\\User\\GPIO_Init.c                    0x00000000   Number         0  gpio_init.o ABSOLUTE
    ..\\User\\TIM_INIT.c                     0x00000000   Number         0  tim_init.o ABSOLUTE
    ..\\User\\USART_INIT.c                   0x00000000   Number         0  usart_init.o ABSOLUTE
    ..\\User\\main.c                         0x00000000   Number         0  main.o ABSOLUTE
    SRC\CM\HAL_CM3.c                         0x00000000   Number         0  hal_cm3.o ABSOLUTE
    SRC\CM\SVC_Table.s                       0x00000000   Number         0  SVC_Table.o ABSOLUTE
    SRC\CM\rt_Event.c                        0x00000000   Number         0  rt_event.o ABSOLUTE
    SRC\CM\rt_List.c                         0x00000000   Number         0  rt_list.o ABSOLUTE
    SRC\CM\rt_Mailbox.c                      0x00000000   Number         0  rt_mailbox.o ABSOLUTE
    SRC\CM\rt_MemBox.c                       0x00000000   Number         0  rt_membox.o ABSOLUTE
    SRC\CM\rt_Robin.c                        0x00000000   Number         0  rt_robin.o ABSOLUTE
    SRC\CM\rt_Semaphore.c                    0x00000000   Number         0  rt_semaphore.o ABSOLUTE
    SRC\CM\rt_System.c                       0x00000000   Number         0  rt_system.o ABSOLUTE
    SRC\CM\rt_Task.c                         0x00000000   Number         0  rt_task.o ABSOLUTE
    SRC\CM\rt_Time.c                         0x00000000   Number         0  rt_time.o ABSOLUTE
    SRC\CM\rt_Timer.c                        0x00000000   Number         0  rt_timer.o ABSOLUTE
    SRC\\CM\\HAL_CM3.c                       0x00000000   Number         0  hal_cm3.o ABSOLUTE
    SRC\\CM\\rt_System.c                     0x00000000   Number         0  rt_system.o ABSOLUTE
    cdcmple.s                                0x00000000   Number         0  cdcmple.o ABSOLUTE
    dc.s                                     0x00000000   Number         0  dc.o ABSOLUTE
    handlers.s                               0x00000000   Number         0  handlers.o ABSOLUTE
    init.s                                   0x00000000   Number         0  init.o ABSOLUTE
    RESET                                    0x08000000   Section      236  startup_stm32f10x_md.o(RESET)
    .ARM.Collect$$$$00000000                 0x080000ec   Section        0  entry.o(.ARM.Collect$$$$00000000)
    .ARM.Collect$$$$00000001                 0x080000ec   Section        4  entry2.o(.ARM.Collect$$$$00000001)
    .ARM.Collect$$$$00000004                 0x080000f0   Section        4  entry5.o(.ARM.Collect$$$$00000004)
    .ARM.Collect$$$$00000008                 0x080000f4   Section        0  entry7b.o(.ARM.Collect$$$$00000008)
    .ARM.Collect$$$$00000009                 0x080000f4   Section        8  entry8.o(.ARM.Collect$$$$00000009)
    .ARM.Collect$$$$00002712                 0x080000fc   Section        4  entry2.o(.ARM.Collect$$$$00002712)
    __lit__00000000                          0x080000fc   Data           4  entry2.o(.ARM.Collect$$$$00002712)
    .emb_text                                0x08000100   Section      340  hal_cm3.o(.emb_text)
    .text                                    0x08000254   Section        0  main.o(.text)
    .text                                    0x08000ddc   Section        0  rtx_config.o(.text)
    .text                                    0x08000de8   Section       36  startup_stm32f10x_md.o(.text)
    .text                                    0x08000e0c   Section        0  misc.o(.text)
    .text                                    0x08000ee8   Section        0  stm32f10x_dma.o(.text)
    .text                                    0x08001138   Section        0  stm32f10x_gpio.o(.text)
    .text                                    0x08001490   Section        0  stm32f10x_rcc.o(.text)
    .text                                    0x0800182c   Section        0  stm32f10x_tim.o(.text)
    TI4_Config                               0x08001cd3   Thumb Code   130  stm32f10x_tim.o(.text)
    TI3_Config                               0x08001d67   Thumb Code   122  stm32f10x_tim.o(.text)
    TI2_Config                               0x08001dfb   Thumb Code   130  stm32f10x_tim.o(.text)
    TI1_Config                               0x08001e8f   Thumb Code   108  stm32f10x_tim.o(.text)
    .text                                    0x08002648   Section        0  stm32f10x_usart.o(.text)
    .text                                    0x08002a50   Section        0  stm32f10x_adc.o(.text)
    .text                                    0x08002e8c   Section        0  system_stm32f10x.o(.text)
    SetSysClockTo72                          0x08002e8d   Thumb Code   192  system_stm32f10x.o(.text)
    SetSysClock                              0x08002f4d   Thumb Code     8  system_stm32f10x.o(.text)
    .text                                    0x08003054   Section        0  tim_init.o(.text)
    .text                                    0x08003194   Section        0  gpio_init.o(.text)
    .text                                    0x080032b8   Section        0  fdiv.o(.text)
    .text                                    0x08003338   Section        0  dmul.o(.text)
    .text                                    0x0800341c   Section        0  ffltui.o(.text)
    .text                                    0x08003426   Section        0  f2d.o(.text)
    .text                                    0x0800344c   Section       40  cdcmple.o(.text)
    .text                                    0x08003474   Section        0  d2f.o(.text)
    .text                                    0x080034ac   Section        0  iusefp.o(.text)
    .text                                    0x080034ac   Section        0  fepilogue.o(.text)
    .text                                    0x08003518   Section        0  depilogue.o(.text)
    .text                                    0x080035d8   Section       36  init.o(.text)
    .text                                    0x080035fc   Section        0  llshl.o(.text)
    .text                                    0x0800361a   Section        0  llushr.o(.text)
    SVC_TABLE                                0x0800363c   Section        4  SVC_Table.o(SVC_TABLE)
    i.__scatterload_copy                     0x08003640   Section       14  handlers.o(i.__scatterload_copy)
    i.__scatterload_null                     0x0800364e   Section        2  handlers.o(i.__scatterload_null)
    i.__scatterload_zeroinit                 0x08003650   Section       14  handlers.o(i.__scatterload_zeroinit)
    i._init_box                              0x0800365e   Section        0  rt_membox.o(i._init_box)
    i.dbg_init                               0x080036a4   Section        0  hal_cm3.o(i.dbg_init)
    i.dbg_task_notify                        0x080036d4   Section        0  hal_cm3.o(i.dbg_task_notify)
    i.dbg_task_switch                        0x080036f4   Section        0  hal_cm3.o(i.dbg_task_switch)
    i.isr_evt_set                            0x08003704   Section        0  rt_event.o(i.isr_evt_set)
    i.os_tick_init                           0x0800372c   Section        0  rt_system.o(i.os_tick_init)
    i.os_tick_irqack                         0x08003754   Section        0  rt_system.o(i.os_tick_irqack)
    i.rt_alloc_box                           0x08003756   Section        0  rt_membox.o(i.rt_alloc_box)
    i.rt_block                               0x08003770   Section        0  rt_task.o(i.rt_block)
    i.rt_chk_robin                           0x080037a8   Section        0  rt_robin.o(i.rt_chk_robin)
    i.rt_dec_dly                             0x080037f0   Section        0  rt_list.o(i.rt_dec_dly)
    i.rt_dispatch                            0x08003864   Section        0  rt_task.o(i.rt_dispatch)
    i.rt_dly_wait                            0x080038a8   Section        0  rt_time.o(i.rt_dly_wait)
    i.rt_evt_psh                             0x080038b0   Section        0  rt_event.o(i.rt_evt_psh)
    i.rt_evt_wait                            0x080038fc   Section        0  rt_event.o(i.rt_evt_wait)
    i.rt_free_box                            0x0800393c   Section        0  rt_membox.o(i.rt_free_box)
    i.rt_get_first                           0x0800395c   Section        0  rt_list.o(i.rt_get_first)
    i.rt_init_context                        0x08003984   Section        0  rt_task.o(i.rt_init_context)
    rt_init_context                          0x08003985   Thumb Code    64  rt_task.o(i.rt_init_context)
    i.rt_init_robin                          0x080039c8   Section        0  rt_robin.o(i.rt_init_robin)
    i.rt_init_stack                          0x080039e0   Section        0  hal_cm3.o(i.rt_init_stack)
    i.rt_mbx_psh                             0x08003a30   Section        0  rt_mailbox.o(i.rt_mbx_psh)
    i.rt_pop_req                             0x08003af0   Section        0  rt_system.o(i.rt_pop_req)
    i.rt_psh_req                             0x08003b68   Section        0  rt_system.o(i.rt_psh_req)
    i.rt_psq_enq                             0x08003b88   Section        0  rt_list.o(i.rt_psq_enq)
    i.rt_put_dly                             0x08003be0   Section        0  rt_list.o(i.rt_put_dly)
    i.rt_put_prio                            0x08003c28   Section        0  rt_list.o(i.rt_put_prio)
    i.rt_put_rdy_first                       0x08003c60   Section        0  rt_list.o(i.rt_put_rdy_first)
    i.rt_rmv_dly                             0x08003c74   Section        0  rt_list.o(i.rt_rmv_dly)
    i.rt_rmv_list                            0x08003c9c   Section        0  rt_list.o(i.rt_rmv_list)
    i.rt_sem_psh                             0x08003ccc   Section        0  rt_semaphore.o(i.rt_sem_psh)
    i.rt_stk_check                           0x08003d00   Section        0  rt_system.o(i.rt_stk_check)
    i.rt_switch_req                          0x08003d24   Section        0  rt_task.o(i.rt_switch_req)
    i.rt_sys_init                            0x08003d4c   Section        0  rt_task.o(i.rt_sys_init)
    i.rt_systick                             0x08003ea4   Section        0  rt_system.o(i.rt_systick)
    i.rt_tmr_tick                            0x08003ee0   Section        0  rt_timer.o(i.rt_tmr_tick)
    i.rt_tsk_create                          0x08003f20   Section        0  rt_task.o(i.rt_tsk_create)
    i.rt_tsk_delete                          0x08003fb4   Section        0  rt_task.o(i.rt_tsk_delete)
    i.rt_tsk_lock                            0x08004070   Section        0  rt_system.o(i.rt_tsk_lock)
    i.rt_tsk_self                            0x080040c0   Section        0  rt_task.o(i.rt_tsk_self)
    i.rt_tsk_unlock                          0x080040d0   Section        0  rt_system.o(i.rt_tsk_unlock)
    .constdata                               0x08004120   Section       40  rtx_config.o(.constdata)
    __tagsym$$used                           0x08004134   Number         0  rtx_config.o(.constdata)
    __tagsym$$used                           0x08004138   Number         0  rtx_config.o(.constdata)
    .data                                    0x20000000   Section       16  main.o(.data)
    .data                                    0x20000010   Section        4  rtx_config.o(.data)
    .data                                    0x20000014   Section       20  stm32f10x_rcc.o(.data)
    APBAHBPrescTable                         0x20000014   Data          16  stm32f10x_rcc.o(.data)
    ADCPrescTable                            0x20000024   Data           4  stm32f10x_rcc.o(.data)
    .data                                    0x20000028   Section       20  system_stm32f10x.o(.data)
    .data                                    0x2000003c   Section        8  rt_task.o(.data)
    .data                                    0x20000044   Section        8  rt_system.o(.data)
    os_lock                                  0x20000044   Data           1  rt_system.o(.data)
    os_psh_flag                              0x20000045   Data           1  rt_system.o(.data)
    pend_flags                               0x20000046   Data           1  rt_system.o(.data)
    .data                                    0x2000004c   Section        4  rt_time.o(.data)
    .data                                    0x20000050   Section        1  hal_cm3.o(.data)
    .data                                    0x20000054   Section        8  rt_timer.o(.data)
    .data                                    0x2000005c   Section        8  rt_robin.o(.data)
    .bss                                     0x20000064   Section    22312  main.o(.bss)
    .bss                                     0x20005790   Section     4396  rtx_config.o(.bss)
    .bss                                     0x200068bc   Section       48  rt_task.o(.bss)
    .bss                                     0x200068ec   Section       48  rt_list.o(.bss)
    STACK                                    0x20006920   Section     1024  startup_stm32f10x_md.o(STACK)

    Global Symbols

    Symbol Name                              Value     Ov Type        Size  Object(Section)

    BuildAttributes$$THM_ISAv4$P$D$K$B$S$PE$A:L22UL41UL21$X:L11$S22US41US21$IEEE1$IW$USESV6$~STKCKD$USESV7$~SHL$OTIME$ROPI$EBA8$MICROLIB$REQ8$PRES8$EABIv2 0x00000000   Number         0  anon$$obj.o ABSOLUTE
    __ARM_use_no_argv                        0x00000000   Number         0  main.o ABSOLUTE
    __decompress                              - Undefined Weak Reference
    _clock_init                               - Undefined Weak Reference
    __Vectors_Size                           0x000000ec   Number         0  startup_stm32f10x_md.o ABSOLUTE
    __RL_RTX_VER                             0x00000460   Number         0  rt_system.o ABSOLUTE
    __Vectors                                0x08000000   Data           4  startup_stm32f10x_md.o(RESET)
    __Vectors_End                            0x080000ec   Data           0  startup_stm32f10x_md.o(RESET)
    __main                                   0x080000ed   Thumb Code     0  entry.o(.ARM.Collect$$$$00000000)
    _main_stk                                0x080000ed   Thumb Code     0  entry2.o(.ARM.Collect$$$$00000001)
    _main_scatterload                        0x080000f1   Thumb Code     0  entry5.o(.ARM.Collect$$$$00000004)
    __main_after_scatterload                 0x080000f5   Thumb Code     0  entry5.o(.ARM.Collect$$$$00000004)
    _main_clock                              0x080000f5   Thumb Code     0  entry7b.o(.ARM.Collect$$$$00000008)
    _main_init                               0x080000f5   Thumb Code     0  entry8.o(.ARM.Collect$$$$00000009)
    rt_set_PSP                               0x08000101   Thumb Code     6  hal_cm3.o(.emb_text)
    rt_get_PSP                               0x08000107   Thumb Code     6  hal_cm3.o(.emb_text)
    os_set_env                               0x0800010d   Thumb Code    24  hal_cm3.o(.emb_text)
    _alloc_box                               0x08000129   Thumb Code    28  hal_cm3.o(.emb_text)
    _free_box                                0x08000149   Thumb Code    28  hal_cm3.o(.emb_text)
    SVC_Handler                              0x08000169   Thumb Code   124  hal_cm3.o(.emb_text)
    PendSV_Handler                           0x080001f1   Thumb Code    76  hal_cm3.o(.emb_text)
    SysTick_Handler                          0x08000241   Thumb Code     8  hal_cm3.o(.emb_text)
    OS_Tick_Handler                          0x08000249   Thumb Code    12  hal_cm3.o(.emb_text)
    GPIO_PinReverse                          0x08000255   Thumb Code     8  main.o(.text)
    Peripherals_On                           0x0800025d   Thumb Code    40  main.o(.text)
    Peripherals_Off                          0x08000285   Thumb Code    30  main.o(.text)
    ADC_Configuration                        0x080002a3   Thumb Code   246  main.o(.text)
    RCC_Configuration                        0x08000399   Thumb Code    92  main.o(.text)
    NVIC_Configuration                       0x080003f5   Thumb Code   170  main.o(.text)
    DMA_Configration                         0x0800049f   Thumb Code   322  main.o(.text)
    USART1_Configration                      0x080005e1   Thumb Code   168  main.o(.text)
    USART2_Configration                      0x08000689   Thumb Code    78  main.o(.text)
    USART3_Configration                      0x080006d7   Thumb Code    78  main.o(.text)
    Write_TX_FIFO                            0x08000725   Thumb Code   104  main.o(.text)
    Read_TX_FIFO                             0x0800078d   Thumb Code    72  main.o(.text)
    Write_RX_FIFO                            0x080007d5   Thumb Code   104  main.o(.text)
    Read_RX_FIFO                             0x0800083d   Thumb Code    74  main.o(.text)
    Send_Data                                0x08000887   Thumb Code    76  main.o(.text)
    IMU_Get_DATA2                            0x080008d3   Thumb Code    50  main.o(.text)
    IMU_Get_DATA3                            0x08000905   Thumb Code    50  main.o(.text)
    IMU_DATA_TRANS_1_9                       0x08000937   Thumb Code   102  main.o(.text)
    IMU_DATA_TRANS_10_18                     0x0800099d   Thumb Code   102  main.o(.text)
    BATTERY_CHECK                            0x08000a03   Thumb Code   210  main.o(.text)
    Init_task                                0x08000ad5   Thumb Code   112  main.o(.text)
    main                                     0x08000b45   Thumb Code    22  main.o(.text)
    TIM2_IRQHandler                          0x08000b5b   Thumb Code    58  main.o(.text)
    USART1_IRQHandler                        0x08000b95   Thumb Code   120  main.o(.text)
    USART2_IRQHandler                        0x08000c0d   Thumb Code   146  main.o(.text)
    USART3_IRQHandler                        0x08000c9f   Thumb Code   144  main.o(.text)
    DMA1_Channel4_IRQHandler                 0x08000d2f   Thumb Code    92  main.o(.text)
    os_idle_demon                            0x08000ddd   Thumb Code     4  rtx_config.o(.text)
    os_tmr_call                              0x08000de1   Thumb Code     2  rtx_config.o(.text)
    os_error                                 0x08000de3   Thumb Code     4  rtx_config.o(.text)
    Reset_Handler                            0x08000de9   Thumb Code     8  startup_stm32f10x_md.o(.text)
    NMI_Handler                              0x08000df1   Thumb Code     2  startup_stm32f10x_md.o(.text)
    HardFault_Handler                        0x08000df3   Thumb Code     2  startup_stm32f10x_md.o(.text)
    MemManage_Handler                        0x08000df5   Thumb Code     2  startup_stm32f10x_md.o(.text)
    BusFault_Handler                         0x08000df7   Thumb Code     2  startup_stm32f10x_md.o(.text)
    UsageFault_Handler                       0x08000df9   Thumb Code     2  startup_stm32f10x_md.o(.text)
    DebugMon_Handler                         0x08000dfd   Thumb Code     2  startup_stm32f10x_md.o(.text)
    ADC1_2_IRQHandler                        0x08000e03   Thumb Code     0  startup_stm32f10x_md.o(.text)
    CAN1_RX1_IRQHandler                      0x08000e03   Thumb Code     0  startup_stm32f10x_md.o(.text)
    CAN1_SCE_IRQHandler                      0x08000e03   Thumb Code     0  startup_stm32f10x_md.o(.text)
    DMA1_Channel1_IRQHandler                 0x08000e03   Thumb Code     0  startup_stm32f10x_md.o(.text)
    DMA1_Channel2_IRQHandler                 0x08000e03   Thumb Code     0  startup_stm32f10x_md.o(.text)
    DMA1_Channel3_IRQHandler                 0x08000e03   Thumb Code     0  startup_stm32f10x_md.o(.text)
    DMA1_Channel5_IRQHandler                 0x08000e03   Thumb Code     0  startup_stm32f10x_md.o(.text)
    DMA1_Channel6_IRQHandler                 0x08000e03   Thumb Code     0  startup_stm32f10x_md.o(.text)
    DMA1_Channel7_IRQHandler                 0x08000e03   Thumb Code     0  startup_stm32f10x_md.o(.text)
    EXTI0_IRQHandler                         0x08000e03   Thumb Code     0  startup_stm32f10x_md.o(.text)
    EXTI15_10_IRQHandler                     0x08000e03   Thumb Code     0  startup_stm32f10x_md.o(.text)
    EXTI1_IRQHandler                         0x08000e03   Thumb Code     0  startup_stm32f10x_md.o(.text)
    EXTI2_IRQHandler                         0x08000e03   Thumb Code     0  startup_stm32f10x_md.o(.text)
    EXTI3_IRQHandler                         0x08000e03   Thumb Code     0  startup_stm32f10x_md.o(.text)
    EXTI4_IRQHandler                         0x08000e03   Thumb Code     0  startup_stm32f10x_md.o(.text)
    EXTI9_5_IRQHandler                       0x08000e03   Thumb Code     0  startup_stm32f10x_md.o(.text)
    FLASH_IRQHandler                         0x08000e03   Thumb Code     0  startup_stm32f10x_md.o(.text)
    I2C1_ER_IRQHandler                       0x08000e03   Thumb Code     0  startup_stm32f10x_md.o(.text)
    I2C1_EV_IRQHandler                       0x08000e03   Thumb Code     0  startup_stm32f10x_md.o(.text)
    I2C2_ER_IRQHandler                       0x08000e03   Thumb Code     0  startup_stm32f10x_md.o(.text)
    I2C2_EV_IRQHandler                       0x08000e03   Thumb Code     0  startup_stm32f10x_md.o(.text)
    PVD_IRQHandler                           0x08000e03   Thumb Code     0  startup_stm32f10x_md.o(.text)
    RCC_IRQHandler                           0x08000e03   Thumb Code     0  startup_stm32f10x_md.o(.text)
    RTCAlarm_IRQHandler                      0x08000e03   Thumb Code     0  startup_stm32f10x_md.o(.text)
    RTC_IRQHandler                           0x08000e03   Thumb Code     0  startup_stm32f10x_md.o(.text)
    SPI1_IRQHandler                          0x08000e03   Thumb Code     0  startup_stm32f10x_md.o(.text)
    SPI2_IRQHandler                          0x08000e03   Thumb Code     0  startup_stm32f10x_md.o(.text)
    TAMPER_IRQHandler                        0x08000e03   Thumb Code     0  startup_stm32f10x_md.o(.text)
    TIM1_BRK_IRQHandler                      0x08000e03   Thumb Code     0  startup_stm32f10x_md.o(.text)
    TIM1_CC_IRQHandler                       0x08000e03   Thumb Code     0  startup_stm32f10x_md.o(.text)
    TIM1_TRG_COM_IRQHandler                  0x08000e03   Thumb Code     0  startup_stm32f10x_md.o(.text)
    TIM1_UP_IRQHandler                       0x08000e03   Thumb Code     0  startup_stm32f10x_md.o(.text)
    TIM3_IRQHandler                          0x08000e03   Thumb Code     0  startup_stm32f10x_md.o(.text)
    TIM4_IRQHandler                          0x08000e03   Thumb Code     0  startup_stm32f10x_md.o(.text)
    USBWakeUp_IRQHandler                     0x08000e03   Thumb Code     0  startup_stm32f10x_md.o(.text)
    USB_HP_CAN1_TX_IRQHandler                0x08000e03   Thumb Code     0  startup_stm32f10x_md.o(.text)
    USB_LP_CAN1_RX0_IRQHandler               0x08000e03   Thumb Code     0  startup_stm32f10x_md.o(.text)
    WWDG_IRQHandler                          0x08000e03   Thumb Code     0  startup_stm32f10x_md.o(.text)
    NVIC_PriorityGroupConfig                 0x08000e0d   Thumb Code    10  misc.o(.text)
    NVIC_Init                                0x08000e17   Thumb Code   102  misc.o(.text)
    NVIC_SetVectorTable                      0x08000e7d   Thumb Code    14  misc.o(.text)
    NVIC_SystemLPConfig                      0x08000e8b   Thumb Code    34  misc.o(.text)
    SysTick_CLKSourceConfig                  0x08000ead   Thumb Code    40  misc.o(.text)
    DMA_DeInit                               0x08000ee9   Thumb Code   324  stm32f10x_dma.o(.text)
    DMA_Init                                 0x0800102d   Thumb Code    60  stm32f10x_dma.o(.text)
    DMA_StructInit                           0x08001069   Thumb Code    26  stm32f10x_dma.o(.text)
    DMA_Cmd                                  0x08001083   Thumb Code    24  stm32f10x_dma.o(.text)
    DMA_ITConfig                             0x0800109b   Thumb Code    18  stm32f10x_dma.o(.text)
    DMA_SetCurrDataCounter                   0x080010ad   Thumb Code     4  stm32f10x_dma.o(.text)
    DMA_GetCurrDataCounter                   0x080010b1   Thumb Code     8  stm32f10x_dma.o(.text)
    DMA_GetFlagStatus                        0x080010b9   Thumb Code    38  stm32f10x_dma.o(.text)
    DMA_ClearFlag                            0x080010df   Thumb Code    22  stm32f10x_dma.o(.text)
    DMA_GetITStatus                          0x080010f5   Thumb Code    38  stm32f10x_dma.o(.text)
    DMA_ClearITPendingBit                    0x0800111b   Thumb Code    22  stm32f10x_dma.o(.text)
    GPIO_DeInit                              0x08001139   Thumb Code   172  stm32f10x_gpio.o(.text)
    GPIO_AFIODeInit                          0x080011e5   Thumb Code    20  stm32f10x_gpio.o(.text)
    GPIO_Init                                0x080011f9   Thumb Code   274  stm32f10x_gpio.o(.text)
    GPIO_StructInit                          0x0800130b   Thumb Code    16  stm32f10x_gpio.o(.text)
    GPIO_ReadInputDataBit                    0x0800131b   Thumb Code    18  stm32f10x_gpio.o(.text)
    GPIO_ReadInputData                       0x0800132d   Thumb Code     8  stm32f10x_gpio.o(.text)
    GPIO_ReadOutputDataBit                   0x08001335   Thumb Code    18  stm32f10x_gpio.o(.text)
    GPIO_ReadOutputData                      0x08001347   Thumb Code     8  stm32f10x_gpio.o(.text)
    GPIO_SetBits                             0x0800134f   Thumb Code     4  stm32f10x_gpio.o(.text)
    GPIO_ResetBits                           0x08001353   Thumb Code     4  stm32f10x_gpio.o(.text)
    GPIO_WriteBit                            0x08001357   Thumb Code    10  stm32f10x_gpio.o(.text)
    GPIO_Write                               0x08001361   Thumb Code     4  stm32f10x_gpio.o(.text)
    GPIO_PinLockConfig                       0x08001365   Thumb Code    18  stm32f10x_gpio.o(.text)
    GPIO_EventOutputConfig                   0x08001377   Thumb Code    26  stm32f10x_gpio.o(.text)
    GPIO_EventOutputCmd                      0x08001391   Thumb Code     6  stm32f10x_gpio.o(.text)
    GPIO_PinRemapConfig                      0x08001397   Thumb Code   138  stm32f10x_gpio.o(.text)
    GPIO_EXTILineConfig                      0x08001421   Thumb Code    66  stm32f10x_gpio.o(.text)
    GPIO_ETH_MediaInterfaceConfig            0x08001463   Thumb Code     6  stm32f10x_gpio.o(.text)
    RCC_DeInit                               0x08001491   Thumb Code    64  stm32f10x_rcc.o(.text)
    RCC_HSEConfig                            0x080014d1   Thumb Code    70  stm32f10x_rcc.o(.text)
    RCC_GetFlagStatus                        0x08001517   Thumb Code    56  stm32f10x_rcc.o(.text)
    RCC_WaitForHSEStartUp                    0x0800154f   Thumb Code    48  stm32f10x_rcc.o(.text)
    RCC_AdjustHSICalibrationValue            0x0800157f   Thumb Code    20  stm32f10x_rcc.o(.text)
    RCC_HSICmd                               0x08001593   Thumb Code     6  stm32f10x_rcc.o(.text)
    RCC_PLLConfig                            0x08001599   Thumb Code    24  stm32f10x_rcc.o(.text)
    RCC_PLLCmd                               0x080015b1   Thumb Code     6  stm32f10x_rcc.o(.text)
    RCC_SYSCLKConfig                         0x080015b7   Thumb Code    18  stm32f10x_rcc.o(.text)
    RCC_GetSYSCLKSource                      0x080015c9   Thumb Code    10  stm32f10x_rcc.o(.text)
    RCC_HCLKConfig                           0x080015d3   Thumb Code    18  stm32f10x_rcc.o(.text)
    RCC_PCLK1Config                          0x080015e5   Thumb Code    18  stm32f10x_rcc.o(.text)
    RCC_PCLK2Config                          0x080015f7   Thumb Code    20  stm32f10x_rcc.o(.text)
    RCC_ITConfig                             0x0800160b   Thumb Code    26  stm32f10x_rcc.o(.text)
    RCC_USBCLKConfig                         0x08001625   Thumb Code     6  stm32f10x_rcc.o(.text)
    RCC_ADCCLKConfig                         0x0800162b   Thumb Code    18  stm32f10x_rcc.o(.text)
    RCC_LSEConfig                            0x0800163d   Thumb Code    44  stm32f10x_rcc.o(.text)
    RCC_LSICmd                               0x08001669   Thumb Code     6  stm32f10x_rcc.o(.text)
    RCC_RTCCLKConfig                         0x0800166f   Thumb Code    12  stm32f10x_rcc.o(.text)
    RCC_RTCCLKCmd                            0x0800167b   Thumb Code     8  stm32f10x_rcc.o(.text)
    RCC_GetClocksFreq                        0x08001683   Thumb Code   192  stm32f10x_rcc.o(.text)
    RCC_AHBPeriphClockCmd                    0x08001743   Thumb Code    26  stm32f10x_rcc.o(.text)
    RCC_APB2PeriphClockCmd                   0x0800175d   Thumb Code    26  stm32f10x_rcc.o(.text)
    RCC_APB1PeriphClockCmd                   0x08001777   Thumb Code    26  stm32f10x_rcc.o(.text)
    RCC_APB2PeriphResetCmd                   0x08001791   Thumb Code    26  stm32f10x_rcc.o(.text)
    RCC_APB1PeriphResetCmd                   0x080017ab   Thumb Code    26  stm32f10x_rcc.o(.text)
    RCC_BackupResetCmd                       0x080017c5   Thumb Code     8  stm32f10x_rcc.o(.text)
    RCC_ClockSecuritySystemCmd               0x080017cd   Thumb Code     6  stm32f10x_rcc.o(.text)
    RCC_MCOConfig                            0x080017d3   Thumb Code     6  stm32f10x_rcc.o(.text)
    RCC_ClearFlag                            0x080017d9   Thumb Code    14  stm32f10x_rcc.o(.text)
    RCC_GetITStatus                          0x080017e7   Thumb Code    20  stm32f10x_rcc.o(.text)
    RCC_ClearITPendingBit                    0x080017fb   Thumb Code     6  stm32f10x_rcc.o(.text)
    TIM_DeInit                               0x0800182d   Thumb Code   424  stm32f10x_tim.o(.text)
    TIM_TimeBaseInit                         0x080019d5   Thumb Code   122  stm32f10x_tim.o(.text)
    TIM_OC1Init                              0x08001a4f   Thumb Code   132  stm32f10x_tim.o(.text)
    TIM_OC2Init                              0x08001ad3   Thumb Code   154  stm32f10x_tim.o(.text)
    TIM_OC3Init                              0x08001b6d   Thumb Code   150  stm32f10x_tim.o(.text)
    TIM_OC4Init                              0x08001c03   Thumb Code   182  stm32f10x_tim.o(.text)
    TIM_SetIC4Prescaler                      0x08001cb9   Thumb Code    26  stm32f10x_tim.o(.text)
    TIM_SetIC3Prescaler                      0x08001d55   Thumb Code    18  stm32f10x_tim.o(.text)
    TIM_SetIC2Prescaler                      0x08001de1   Thumb Code    26  stm32f10x_tim.o(.text)
    TIM_SetIC1Prescaler                      0x08001e7d   Thumb Code    18  stm32f10x_tim.o(.text)
    TIM_ICInit                               0x08001efb   Thumb Code   150  stm32f10x_tim.o(.text)
    TIM_PWMIConfig                           0x08001f91   Thumb Code   124  stm32f10x_tim.o(.text)
    TIM_BDTRConfig                           0x0800200d   Thumb Code    32  stm32f10x_tim.o(.text)
    TIM_TimeBaseStructInit                   0x0800202d   Thumb Code    18  stm32f10x_tim.o(.text)
    TIM_OCStructInit                         0x0800203f   Thumb Code    20  stm32f10x_tim.o(.text)
    TIM_ICStructInit                         0x08002053   Thumb Code    18  stm32f10x_tim.o(.text)
    TIM_BDTRStructInit                       0x08002065   Thumb Code    40  stm32f10x_tim.o(.text)
    TIM_Cmd                                  0x0800208d   Thumb Code    24  stm32f10x_tim.o(.text)
    TIM_CtrlPWMOutputs                       0x080020a5   Thumb Code    30  stm32f10x_tim.o(.text)
    TIM_ITConfig                             0x080020c3   Thumb Code    18  stm32f10x_tim.o(.text)
    TIM_GenerateEvent                        0x080020d5   Thumb Code     4  stm32f10x_tim.o(.text)
    TIM_DMAConfig                            0x080020d9   Thumb Code    10  stm32f10x_tim.o(.text)
    TIM_DMACmd                               0x080020e3   Thumb Code    18  stm32f10x_tim.o(.text)
    TIM_InternalClockConfig                  0x080020f5   Thumb Code    12  stm32f10x_tim.o(.text)
    TIM_SelectInputTrigger                   0x08002101   Thumb Code    18  stm32f10x_tim.o(.text)
    TIM_ITRxExternalClockConfig              0x08002113   Thumb Code    24  stm32f10x_tim.o(.text)
    TIM_TIxExternalClockConfig               0x0800212b   Thumb Code    62  stm32f10x_tim.o(.text)
    TIM_ETRConfig                            0x08002169   Thumb Code    28  stm32f10x_tim.o(.text)
    TIM_ETRClockMode1Config                  0x08002185   Thumb Code    54  stm32f10x_tim.o(.text)
    TIM_ETRClockMode2Config                  0x080021bb   Thumb Code    32  stm32f10x_tim.o(.text)
    TIM_PrescalerConfig                      0x080021db   Thumb Code     6  stm32f10x_tim.o(.text)
    TIM_CounterModeConfig                    0x080021e1   Thumb Code    18  stm32f10x_tim.o(.text)
    TIM_EncoderInterfaceConfig               0x080021f3   Thumb Code    66  stm32f10x_tim.o(.text)
    TIM_ForcedOC1Config                      0x08002235   Thumb Code    18  stm32f10x_tim.o(.text)
    TIM_ForcedOC2Config                      0x08002247   Thumb Code    26  stm32f10x_tim.o(.text)
    TIM_ForcedOC3Config                      0x08002261   Thumb Code    18  stm32f10x_tim.o(.text)
    TIM_ForcedOC4Config                      0x08002273   Thumb Code    26  stm32f10x_tim.o(.text)
    TIM_ARRPreloadConfig                     0x0800228d   Thumb Code    24  stm32f10x_tim.o(.text)
    TIM_SelectCOM                            0x080022a5   Thumb Code    24  stm32f10x_tim.o(.text)
    TIM_SelectCCDMA                          0x080022bd   Thumb Code    24  stm32f10x_tim.o(.text)
    TIM_CCPreloadControl                     0x080022d5   Thumb Code    24  stm32f10x_tim.o(.text)
    TIM_OC1PreloadConfig                     0x080022ed   Thumb Code    18  stm32f10x_tim.o(.text)
    TIM_OC2PreloadConfig                     0x080022ff   Thumb Code    26  stm32f10x_tim.o(.text)
    TIM_OC3PreloadConfig                     0x08002319   Thumb Code    18  stm32f10x_tim.o(.text)
    TIM_OC4PreloadConfig                     0x0800232b   Thumb Code    26  stm32f10x_tim.o(.text)
    TIM_OC1FastConfig                        0x08002345   Thumb Code    18  stm32f10x_tim.o(.text)
    TIM_OC2FastConfig                        0x08002357   Thumb Code    26  stm32f10x_tim.o(.text)
    TIM_OC3FastConfig                        0x08002371   Thumb Code    18  stm32f10x_tim.o(.text)
    TIM_OC4FastConfig                        0x08002383   Thumb Code    26  stm32f10x_tim.o(.text)
    TIM_ClearOC1Ref                          0x0800239d   Thumb Code    18  stm32f10x_tim.o(.text)
    TIM_ClearOC2Ref                          0x080023af   Thumb Code    24  stm32f10x_tim.o(.text)
    TIM_ClearOC3Ref                          0x080023c7   Thumb Code    18  stm32f10x_tim.o(.text)
    TIM_ClearOC4Ref                          0x080023d9   Thumb Code    24  stm32f10x_tim.o(.text)
    TIM_OC1PolarityConfig                    0x080023f1   Thumb Code    18  stm32f10x_tim.o(.text)
    TIM_OC1NPolarityConfig                   0x08002403   Thumb Code    18  stm32f10x_tim.o(.text)
    TIM_OC2PolarityConfig                    0x08002415   Thumb Code    26  stm32f10x_tim.o(.text)
    TIM_OC2NPolarityConfig                   0x0800242f   Thumb Code    26  stm32f10x_tim.o(.text)
    TIM_OC3PolarityConfig                    0x08002449   Thumb Code    26  stm32f10x_tim.o(.text)
    TIM_OC3NPolarityConfig                   0x08002463   Thumb Code    26  stm32f10x_tim.o(.text)
    TIM_OC4PolarityConfig                    0x0800247d   Thumb Code    26  stm32f10x_tim.o(.text)
    TIM_CCxCmd                               0x08002497   Thumb Code    30  stm32f10x_tim.o(.text)
    TIM_CCxNCmd                              0x080024b5   Thumb Code    30  stm32f10x_tim.o(.text)
    TIM_SelectOCxM                           0x080024d3   Thumb Code    82  stm32f10x_tim.o(.text)
    TIM_UpdateDisableConfig                  0x08002525   Thumb Code    24  stm32f10x_tim.o(.text)
    TIM_UpdateRequestConfig                  0x0800253d   Thumb Code    24  stm32f10x_tim.o(.text)
    TIM_SelectHallSensor                     0x08002555   Thumb Code    24  stm32f10x_tim.o(.text)
    TIM_SelectOnePulseMode                   0x0800256d   Thumb Code    18  stm32f10x_tim.o(.text)
    TIM_SelectOutputTrigger                  0x0800257f   Thumb Code    18  stm32f10x_tim.o(.text)
    TIM_SelectSlaveMode                      0x08002591   Thumb Code    18  stm32f10x_tim.o(.text)
    TIM_SelectMasterSlaveMode                0x080025a3   Thumb Code    18  stm32f10x_tim.o(.text)
    TIM_SetCounter                           0x080025b5   Thumb Code     4  stm32f10x_tim.o(.text)
    TIM_SetAutoreload                        0x080025b9   Thumb Code     4  stm32f10x_tim.o(.text)
    TIM_SetCompare1                          0x080025bd   Thumb Code     4  stm32f10x_tim.o(.text)
    TIM_SetCompare2                          0x080025c1   Thumb Code     4  stm32f10x_tim.o(.text)
    TIM_SetCompare3                          0x080025c5   Thumb Code     4  stm32f10x_tim.o(.text)
    TIM_SetCompare4                          0x080025c9   Thumb Code     6  stm32f10x_tim.o(.text)
    TIM_SetClockDivision                     0x080025cf   Thumb Code    18  stm32f10x_tim.o(.text)
    TIM_GetCapture1                          0x080025e1   Thumb Code     6  stm32f10x_tim.o(.text)
    TIM_GetCapture2                          0x080025e7   Thumb Code     6  stm32f10x_tim.o(.text)
    TIM_GetCapture3                          0x080025ed   Thumb Code     6  stm32f10x_tim.o(.text)
    TIM_GetCapture4                          0x080025f3   Thumb Code     8  stm32f10x_tim.o(.text)
    TIM_GetCounter                           0x080025fb   Thumb Code     6  stm32f10x_tim.o(.text)
    TIM_GetPrescaler                         0x08002601   Thumb Code     6  stm32f10x_tim.o(.text)
    TIM_GetFlagStatus                        0x08002607   Thumb Code    18  stm32f10x_tim.o(.text)
    TIM_ClearFlag                            0x08002619   Thumb Code     6  stm32f10x_tim.o(.text)
    TIM_GetITStatus                          0x0800261f   Thumb Code    34  stm32f10x_tim.o(.text)
    TIM_ClearITPendingBit                    0x08002641   Thumb Code     6  stm32f10x_tim.o(.text)
    USART_DeInit                             0x08002649   Thumb Code   134  stm32f10x_usart.o(.text)
    USART_Init                               0x080026cf   Thumb Code   210  stm32f10x_usart.o(.text)
    USART_StructInit                         0x080027a1   Thumb Code    24  stm32f10x_usart.o(.text)
    USART_ClockInit                          0x080027b9   Thumb Code    34  stm32f10x_usart.o(.text)
    USART_ClockStructInit                    0x080027db   Thumb Code    12  stm32f10x_usart.o(.text)
    USART_Cmd                                0x080027e7   Thumb Code    24  stm32f10x_usart.o(.text)
    USART_ITConfig                           0x080027ff   Thumb Code    74  stm32f10x_usart.o(.text)
    USART_DMACmd                             0x08002849   Thumb Code    18  stm32f10x_usart.o(.text)
    USART_SetAddress                         0x0800285b   Thumb Code    18  stm32f10x_usart.o(.text)
    USART_WakeUpConfig                       0x0800286d   Thumb Code    18  stm32f10x_usart.o(.text)
    USART_ReceiverWakeUpCmd                  0x0800287f   Thumb Code    24  stm32f10x_usart.o(.text)
    USART_LINBreakDetectLengthConfig         0x08002897   Thumb Code    18  stm32f10x_usart.o(.text)
    USART_LINCmd                             0x080028a9   Thumb Code    24  stm32f10x_usart.o(.text)
    USART_SendData                           0x080028c1   Thumb Code     8  stm32f10x_usart.o(.text)
    USART_ReceiveData                        0x080028c9   Thumb Code    10  stm32f10x_usart.o(.text)
    USART_SendBreak                          0x080028d3   Thumb Code    10  stm32f10x_usart.o(.text)
    USART_SetGuardTime                       0x080028dd   Thumb Code    16  stm32f10x_usart.o(.text)
    USART_SetPrescaler                       0x080028ed   Thumb Code    16  stm32f10x_usart.o(.text)
    USART_SmartCardCmd                       0x080028fd   Thumb Code    24  stm32f10x_usart.o(.text)
    USART_SmartCardNACKCmd                   0x08002915   Thumb Code    24  stm32f10x_usart.o(.text)
    USART_HalfDuplexCmd                      0x0800292d   Thumb Code    24  stm32f10x_usart.o(.text)
    USART_OverSampling8Cmd                   0x08002945   Thumb Code    22  stm32f10x_usart.o(.text)
    USART_OneBitMethodCmd                    0x0800295b   Thumb Code    24  stm32f10x_usart.o(.text)
    USART_IrDAConfig                         0x08002973   Thumb Code    18  stm32f10x_usart.o(.text)
    USART_IrDACmd                            0x08002985   Thumb Code    24  stm32f10x_usart.o(.text)
    USART_GetFlagStatus                      0x0800299d   Thumb Code    26  stm32f10x_usart.o(.text)
    USART_ClearFlag                          0x080029b7   Thumb Code    18  stm32f10x_usart.o(.text)
    USART_GetITStatus                        0x080029c9   Thumb Code    84  stm32f10x_usart.o(.text)
    USART_ClearITPendingBit                  0x08002a1d   Thumb Code    52  stm32f10x_usart.o(.text)
    ADC_DeInit                               0x08002a51   Thumb Code    78  stm32f10x_adc.o(.text)
    ADC_Init                                 0x08002a9f   Thumb Code    70  stm32f10x_adc.o(.text)
    ADC_StructInit                           0x08002ae5   Thumb Code    18  stm32f10x_adc.o(.text)
    ADC_Cmd                                  0x08002af7   Thumb Code    22  stm32f10x_adc.o(.text)
    ADC_DMACmd                               0x08002b0d   Thumb Code    22  stm32f10x_adc.o(.text)
    ADC_ITConfig                             0x08002b23   Thumb Code    24  stm32f10x_adc.o(.text)
    ADC_ResetCalibration                     0x08002b3b   Thumb Code    10  stm32f10x_adc.o(.text)
    ADC_GetResetCalibrationStatus            0x08002b45   Thumb Code    20  stm32f10x_adc.o(.text)
    ADC_StartCalibration                     0x08002b59   Thumb Code    10  stm32f10x_adc.o(.text)
    ADC_GetCalibrationStatus                 0x08002b63   Thumb Code    20  stm32f10x_adc.o(.text)
    ADC_SoftwareStartConvCmd                 0x08002b77   Thumb Code    22  stm32f10x_adc.o(.text)
    ADC_GetSoftwareStartConvStatus           0x08002b8d   Thumb Code    20  stm32f10x_adc.o(.text)
    ADC_DiscModeChannelCountConfig           0x08002ba1   Thumb Code    24  stm32f10x_adc.o(.text)
    ADC_DiscModeCmd                          0x08002bb9   Thumb Code    22  stm32f10x_adc.o(.text)
    ADC_RegularChannelConfig                 0x08002bcf   Thumb Code   184  stm32f10x_adc.o(.text)
    ADC_ExternalTrigConvCmd                  0x08002c87   Thumb Code    22  stm32f10x_adc.o(.text)
    ADC_GetConversionValue                   0x08002c9d   Thumb Code     8  stm32f10x_adc.o(.text)
    ADC_GetDualModeConversionValue           0x08002ca5   Thumb Code     8  stm32f10x_adc.o(.text)
    ADC_AutoInjectedConvCmd                  0x08002cad   Thumb Code    22  stm32f10x_adc.o(.text)
    ADC_InjectedDiscModeCmd                  0x08002cc3   Thumb Code    22  stm32f10x_adc.o(.text)
    ADC_ExternalTrigInjectedConvConfig       0x08002cd9   Thumb Code    16  stm32f10x_adc.o(.text)
    ADC_ExternalTrigInjectedConvCmd          0x08002ce9   Thumb Code    22  stm32f10x_adc.o(.text)
    ADC_SoftwareStartInjectedConvCmd         0x08002cff   Thumb Code    22  stm32f10x_adc.o(.text)
    ADC_GetSoftwareStartInjectedConvCmdStatus 0x08002d15   Thumb Code    20  stm32f10x_adc.o(.text)
    ADC_InjectedChannelConfig                0x08002d29   Thumb Code   130  stm32f10x_adc.o(.text)
    ADC_InjectedSequencerLengthConfig        0x08002dab   Thumb Code    24  stm32f10x_adc.o(.text)
    ADC_SetInjectedOffset                    0x08002dc3   Thumb Code    12  stm32f10x_adc.o(.text)
    ADC_GetInjectedConversionValue           0x08002dcf   Thumb Code    18  stm32f10x_adc.o(.text)
    ADC_AnalogWatchdogCmd                    0x08002de1   Thumb Code    16  stm32f10x_adc.o(.text)
    ADC_AnalogWatchdogThresholdsConfig       0x08002df1   Thumb Code     6  stm32f10x_adc.o(.text)
    ADC_AnalogWatchdogSingleChannelConfig    0x08002df7   Thumb Code    16  stm32f10x_adc.o(.text)
    ADC_TempSensorVrefintCmd                 0x08002e07   Thumb Code    38  stm32f10x_adc.o(.text)
    ADC_GetFlagStatus                        0x08002e2d   Thumb Code    44  stm32f10x_adc.o(.text)
    ADC_ClearFlag                            0x08002e59   Thumb Code     6  stm32f10x_adc.o(.text)
    ADC_GetITStatus                          0x08002e5f   Thumb Code    36  stm32f10x_adc.o(.text)
    ADC_ClearITPendingBit                    0x08002e83   Thumb Code    10  stm32f10x_adc.o(.text)
    SystemInit                               0x08002f55   Thumb Code    78  system_stm32f10x.o(.text)
    SystemCoreClockUpdate                    0x08002fa3   Thumb Code   142  system_stm32f10x.o(.text)
    TIM4_Configration                        0x08003055   Thumb Code   248  tim_init.o(.text)
    TIM2_Configuration                       0x0800314d   Thumb Code    64  tim_init.o(.text)
    GPIO_Configration                        0x08003195   Thumb Code   282  gpio_init.o(.text)
    __aeabi_fdiv                             0x080032b9   Thumb Code   128  fdiv.o(.text)
    __aeabi_dmul                             0x08003339   Thumb Code   228  dmul.o(.text)
    __aeabi_ui2f                             0x0800341d   Thumb Code    10  ffltui.o(.text)
    __aeabi_f2d                              0x08003427   Thumb Code    38  f2d.o(.text)
    __aeabi_cdcmpeq                          0x0800344d   Thumb Code     0  cdcmple.o(.text)
    __aeabi_cdcmple                          0x0800344d   Thumb Code    38  cdcmple.o(.text)
    __aeabi_d2f                              0x08003475   Thumb Code    56  d2f.o(.text)
    __I$use$fp                               0x080034ad   Thumb Code     0  iusefp.o(.text)
    _float_round                             0x080034ad   Thumb Code    18  fepilogue.o(.text)
    _float_epilogue                          0x080034bf   Thumb Code    90  fepilogue.o(.text)
    _double_round                            0x08003519   Thumb Code    26  depilogue.o(.text)
    _double_epilogue                         0x08003533   Thumb Code   164  depilogue.o(.text)
    __scatterload                            0x080035d9   Thumb Code    28  init.o(.text)
    __scatterload_rt2                        0x080035d9   Thumb Code     0  init.o(.text)
    __aeabi_llsl                             0x080035fd   Thumb Code    30  llshl.o(.text)
    _ll_shift_l                              0x080035fd   Thumb Code     0  llshl.o(.text)
    __aeabi_llsr                             0x0800361b   Thumb Code    32  llushr.o(.text)
    _ll_ushift_r                             0x0800361b   Thumb Code     0  llushr.o(.text)
    SVC_Count                                0x0800363c   Data           4  SVC_Table.o(SVC_TABLE)
    SVC_Table                                0x08003640   Data           0  SVC_Table.o(SVC_TABLE)
    __scatterload_copy                       0x08003641   Thumb Code    14  handlers.o(i.__scatterload_copy)
    __scatterload_null                       0x0800364f   Thumb Code     2  handlers.o(i.__scatterload_null)
    __scatterload_zeroinit                   0x08003651   Thumb Code    14  handlers.o(i.__scatterload_zeroinit)
    _init_box                                0x0800365f   Thumb Code    70  rt_membox.o(i._init_box)
    dbg_init                                 0x080036a5   Thumb Code    34  hal_cm3.o(i.dbg_init)
    dbg_task_notify                          0x080036d5   Thumb Code    32  hal_cm3.o(i.dbg_task_notify)
    dbg_task_switch                          0x080036f5   Thumb Code    16  hal_cm3.o(i.dbg_task_switch)
    isr_evt_set                              0x08003705   Thumb Code    34  rt_event.o(i.isr_evt_set)
    os_tick_init                             0x0800372d   Thumb Code    32  rt_system.o(i.os_tick_init)
    os_tick_irqack                           0x08003755   Thumb Code     2  rt_system.o(i.os_tick_irqack)
    rt_alloc_box                             0x08003757   Thumb Code    26  rt_membox.o(i.rt_alloc_box)
    rt_block                                 0x08003771   Thumb Code    48  rt_task.o(i.rt_block)
    rt_chk_robin                             0x080037a9   Thumb Code    60  rt_robin.o(i.rt_chk_robin)
    rt_dec_dly                               0x080037f1   Thumb Code   106  rt_list.o(i.rt_dec_dly)
    rt_dispatch                              0x08003865   Thumb Code    60  rt_task.o(i.rt_dispatch)
    rt_dly_wait                              0x080038a9   Thumb Code     6  rt_time.o(i.rt_dly_wait)
    rt_evt_psh                               0x080038b1   Thumb Code    72  rt_event.o(i.rt_evt_psh)
    rt_evt_wait                              0x080038fd   Thumb Code    58  rt_event.o(i.rt_evt_wait)
    rt_free_box                              0x0800393d   Thumb Code    32  rt_membox.o(i.rt_free_box)
    rt_get_first                             0x0800395d   Thumb Code    40  rt_list.o(i.rt_get_first)
    rt_init_robin                            0x080039c9   Thumb Code    14  rt_robin.o(i.rt_init_robin)
    rt_init_stack                            0x080039e1   Thumb Code    70  hal_cm3.o(i.rt_init_stack)
    rt_mbx_psh                               0x08003a31   Thumb Code   188  rt_mailbox.o(i.rt_mbx_psh)
    rt_pop_req                               0x08003af1   Thumb Code   106  rt_system.o(i.rt_pop_req)
    rt_psh_req                               0x08003b69   Thumb Code    22  rt_system.o(i.rt_psh_req)
    rt_psq_enq                               0x08003b89   Thumb Code    82  rt_list.o(i.rt_psq_enq)
    rt_put_dly                               0x08003be1   Thumb Code    68  rt_list.o(i.rt_put_dly)
    rt_put_prio                              0x08003c29   Thumb Code    54  rt_list.o(i.rt_put_prio)
    rt_put_rdy_first                         0x08003c61   Thumb Code    14  rt_list.o(i.rt_put_rdy_first)
    rt_rmv_dly                               0x08003c75   Thumb Code    40  rt_list.o(i.rt_rmv_dly)
    rt_rmv_list                              0x08003c9d   Thumb Code    44  rt_list.o(i.rt_rmv_list)
    rt_sem_psh                               0x08003ccd   Thumb Code    46  rt_semaphore.o(i.rt_sem_psh)
    rt_stk_check                             0x08003d01   Thumb Code    28  rt_system.o(i.rt_stk_check)
    rt_switch_req                            0x08003d25   Thumb Code    30  rt_task.o(i.rt_switch_req)
    rt_sys_init                              0x08003d4d   Thumb Code   266  rt_task.o(i.rt_sys_init)
    rt_systick                               0x08003ea5   Thumb Code    48  rt_system.o(i.rt_systick)
    rt_tmr_tick                              0x08003ee1   Thumb Code    56  rt_timer.o(i.rt_tmr_tick)
    rt_tsk_create                            0x08003f21   Thumb Code   126  rt_task.o(i.rt_tsk_create)
    rt_tsk_delete                            0x08003fb5   Thumb Code   162  rt_task.o(i.rt_tsk_delete)
    rt_tsk_lock                              0x08004071   Thumb Code    70  rt_system.o(i.rt_tsk_lock)
    rt_tsk_self                              0x080040c1   Thumb Code    12  rt_task.o(i.rt_tsk_self)
    rt_tsk_unlock                            0x080040d1   Thumb Code    70  rt_system.o(i.rt_tsk_unlock)
    os_maxtaskrun                            0x08004120   Data           2  rtx_config.o(.constdata)
    os_stackinfo                             0x08004124   Data           4  rtx_config.o(.constdata)
    os_rrobin                                0x08004128   Data           4  rtx_config.o(.constdata)
    os_trv                                   0x0800412c   Data           4  rtx_config.o(.constdata)
    os_flags                                 0x08004130   Data           1  rtx_config.o(.constdata)
    os_clockrate                             0x08004134   Data           4  rtx_config.o(.constdata)
    os_timernum                              0x08004138   Data           4  rtx_config.o(.constdata)
    mp_tcb_size                              0x0800413c   Data           2  rtx_config.o(.constdata)
    mp_stk_size                              0x08004140   Data           4  rtx_config.o(.constdata)
    os_fifo_size                             0x08004144   Data           1  rtx_config.o(.constdata)
    mp_tmr_size                              0x08004146   Data           2  rtx_config.o(.constdata)
    Region$$Table$$Base                      0x08004148   Number         0  anon$$obj.o(Region$$Table)
    Region$$Table$$Limit                     0x08004168   Number         0  anon$$obj.o(Region$$Table)
    DMA_Statue                               0x20000000   Data           4  main.o(.data)
    ADC_ConvertedValue                       0x20000004   Data           2  main.o(.data)
    IMU_DATA_TRANS_1_9_ID                    0x20000008   Data           4  main.o(.data)
    IMU_DATA_TRANS_10_18_ID                  0x2000000c   Data           4  main.o(.data)
    m_tmr                                    0x20000010   Data           4  rtx_config.o(.data)
    SystemCoreClock                          0x20000028   Data           4  system_stm32f10x.o(.data)
    AHBPrescTable                            0x2000002c   Data          16  system_stm32f10x.o(.data)
    os_tsk                                   0x2000003c   Data           8  rt_task.o(.data)
    os_tick_irqn                             0x20000048   Data           4  rt_system.o(.data)
    os_time                                  0x2000004c   Data           4  rt_time.o(.data)
    dbg_msg                                  0x20000050   Data           1  hal_cm3.o(.data)
    os_tmr                                   0x20000054   Data           8  rt_timer.o(.data)
    os_robin                                 0x2000005c   Data           8  rt_robin.o(.data)
    USART1_DMA_RX_BUF                        0x20000064   Data          30  main.o(.bss)
    USART2_DMA_RX_BUF                        0x20000082   Data          30  main.o(.bss)
    USART3_DMA_RX_BUF                        0x200000a0   Data          30  main.o(.bss)
    UART4_DMA_RX_BUF                         0x200000be   Data          30  main.o(.bss)
    UART5_DMA_RX_BUF                         0x200000dc   Data          30  main.o(.bss)
    USART1_RX_DATA                           0x200000fa   Data          30  main.o(.bss)
    USART2_RX_DATA                           0x20000118   Data          30  main.o(.bss)
    USART3_RX_DATA                           0x20000136   Data          30  main.o(.bss)
    UART4_RX_DATA                            0x20000154   Data          30  main.o(.bss)
    UART5_RX_DATA                            0x20000172   Data          30  main.o(.bss)
    Uart_Send_Buffer                         0x20000190   Data        1000  main.o(.bss)
    Uart_Receive_Buffer                      0x20000578   Data        1000  main.o(.bss)
    TX_FIFO                                  0x20000960   Data       10006  main.o(.bss)
    RX_FIFO                                  0x20003076   Data       10006  main.o(.bss)
    mp_tcb                                   0x20005790   Data         780  rtx_config.o(.bss)
    mp_stk                                   0x20005aa0   Data        3416  rtx_config.o(.bss)
    os_fifo                                  0x200067f8   Data         132  rtx_config.o(.bss)
    os_active_TCB                            0x2000687c   Data          64  rtx_config.o(.bss)
    os_idle_TCB                              0x200068bc   Data          48  rt_task.o(.bss)
    os_rdy                                   0x200068ec   Data          24  rt_list.o(.bss)
    os_dly                                   0x20006904   Data          24  rt_list.o(.bss)
    __initial_sp                             0x20006d20   Data           0  startup_stm32f10x_md.o(STACK)



==============================================================================

Memory Map of the image

  Image Entry point : 0x080000ed

  Load Region LR_IROM1 (Base: 0x08000000, Size: 0x000041cc, Max: 0x00080000, ABSOLUTE)

    Execution Region ER_IROM1 (Base: 0x08000000, Size: 0x00004168, Max: 0x00080000, ABSOLUTE)

    Base Addr    Size         Type   Attr      Idx    E Section Name        Object

    0x08000000   0x000000ec   Data   RO          192    RESET               startup_stm32f10x_md.o
    0x080000ec   0x00000000   Code   RO         1037  * .ARM.Collect$$$$00000000  mc_w.l(entry.o)
    0x080000ec   0x00000004   Code   RO         1052    .ARM.Collect$$$$00000001  mc_w.l(entry2.o)
    0x080000f0   0x00000004   Code   RO         1055    .ARM.Collect$$$$00000004  mc_w.l(entry5.o)
    0x080000f4   0x00000000   Code   RO         1057    .ARM.Collect$$$$00000008  mc_w.l(entry7b.o)
    0x080000f4   0x00000008   Code   RO         1058    .ARM.Collect$$$$00000009  mc_w.l(entry8.o)
    0x080000fc   0x00000004   Code   RO         1053    .ARM.Collect$$$$00002712  mc_w.l(entry2.o)
    0x08000100   0x00000154   Code   RO          748    .emb_text           RTX_CM3.LIB(hal_cm3.o)
    0x08000254   0x00000b88   Code   RO            3    .text               main.o
    0x08000ddc   0x0000000a   Code   RO          170    .text               rtx_config.o
    0x08000de6   0x00000002   PAD
    0x08000de8   0x00000024   Code   RO          193    .text               startup_stm32f10x_md.o
    0x08000e0c   0x000000dc   Code   RO          199    .text               misc.o
    0x08000ee8   0x00000250   Code   RO          259    .text               stm32f10x_dma.o
    0x08001138   0x00000358   Code   RO          299    .text               stm32f10x_gpio.o
    0x08001490   0x0000039c   Code   RO          319    .text               stm32f10x_rcc.o
    0x0800182c   0x00000e1a   Code   RO          341    .text               stm32f10x_tim.o
    0x08002646   0x00000002   PAD
    0x08002648   0x00000408   Code   RO          361    .text               stm32f10x_usart.o
    0x08002a50   0x0000043c   Code   RO          381    .text               stm32f10x_adc.o
    0x08002e8c   0x000001c8   Code   RO          401    .text               system_stm32f10x.o
    0x08003054   0x00000140   Code   RO          427    .text               tim_init.o
    0x08003194   0x00000124   Code   RO          468    .text               gpio_init.o
    0x080032b8   0x00000080   Code   RO         1040    .text               mf_w.l(fdiv.o)
    0x08003338   0x000000e4   Code   RO         1042    .text               mf_w.l(dmul.o)
    0x0800341c   0x0000000a   Code   RO         1044    .text               mf_w.l(ffltui.o)
    0x08003426   0x00000026   Code   RO         1046    .text               mf_w.l(f2d.o)
    0x0800344c   0x00000028   Code   RO         1048    .text               mf_w.l(cdcmple.o)
    0x08003474   0x00000038   Code   RO         1050    .text               mf_w.l(d2f.o)
    0x080034ac   0x00000000   Code   RO         1059    .text               mc_w.l(iusefp.o)
    0x080034ac   0x0000006c   Code   RO         1060    .text               mf_w.l(fepilogue.o)
    0x08003518   0x000000be   Code   RO         1062    .text               mf_w.l(depilogue.o)
    0x080035d6   0x00000002   PAD
    0x080035d8   0x00000024   Code   RO         1064    .text               mc_w.l(init.o)
    0x080035fc   0x0000001e   Code   RO         1066    .text               mc_w.l(llshl.o)
    0x0800361a   0x00000020   Code   RO         1068    .text               mc_w.l(llushr.o)
    0x0800363a   0x00000002   PAD
    0x0800363c   0x00000004   Code   RO         1034    SVC_TABLE           RTX_CM3.LIB(SVC_Table.o)
    0x08003640   0x0000000e   Code   RO         1072    i.__scatterload_copy  mc_w.l(handlers.o)
    0x0800364e   0x00000002   Code   RO         1073    i.__scatterload_null  mc_w.l(handlers.o)
    0x08003650   0x0000000e   Code   RO         1074    i.__scatterload_zeroinit  mc_w.l(handlers.o)
    0x0800365e   0x00000046   Code   RO         1005    i._init_box         RTX_CM3.LIB(rt_membox.o)
    0x080036a4   0x00000030   Code   RO          749    i.dbg_init          RTX_CM3.LIB(hal_cm3.o)
    0x080036d4   0x00000020   Code   RO          750    i.dbg_task_notify   RTX_CM3.LIB(hal_cm3.o)
    0x080036f4   0x00000010   Code   RO          751    i.dbg_task_switch   RTX_CM3.LIB(hal_cm3.o)
    0x08003704   0x00000028   Code   RO          673    i.isr_evt_set       RTX_CM3.LIB(rt_event.o)
    0x0800372c   0x00000028   Code   RO          586    i.os_tick_init      RTX_CM3.LIB(rt_system.o)
    0x08003754   0x00000002   Code   RO          587    i.os_tick_irqack    RTX_CM3.LIB(rt_system.o)
    0x08003756   0x0000001a   Code   RO         1006    i.rt_alloc_box      RTX_CM3.LIB(rt_membox.o)
    0x08003770   0x00000038   Code   RO          486    i.rt_block          RTX_CM3.LIB(rt_task.o)
    0x080037a8   0x00000048   Code   RO          983    i.rt_chk_robin      RTX_CM3.LIB(rt_robin.o)
    0x080037f0   0x00000074   Code   RO          789    i.rt_dec_dly        RTX_CM3.LIB(rt_list.o)
    0x08003864   0x00000044   Code   RO          487    i.rt_dispatch       RTX_CM3.LIB(rt_task.o)
    0x080038a8   0x00000006   Code   RO          715    i.rt_dly_wait       RTX_CM3.LIB(rt_time.o)
    0x080038ae   0x00000002   PAD
    0x080038b0   0x0000004c   Code   RO          676    i.rt_evt_psh        RTX_CM3.LIB(rt_event.o)
    0x080038fc   0x00000040   Code   RO          678    i.rt_evt_wait       RTX_CM3.LIB(rt_event.o)
    0x0800393c   0x00000020   Code   RO         1007    i.rt_free_box       RTX_CM3.LIB(rt_membox.o)
    0x0800395c   0x00000028   Code   RO          790    i.rt_get_first      RTX_CM3.LIB(rt_list.o)
    0x08003984   0x00000044   Code   RO          488    i.rt_init_context   RTX_CM3.LIB(rt_task.o)
    0x080039c8   0x00000018   Code   RO          984    i.rt_init_robin     RTX_CM3.LIB(rt_robin.o)
    0x080039e0   0x00000050   Code   RO          752    i.rt_init_stack     RTX_CM3.LIB(hal_cm3.o)
    0x08003a30   0x000000c0   Code   RO          872    i.rt_mbx_psh        RTX_CM3.LIB(rt_mailbox.o)
    0x08003af0   0x00000078   Code   RO          588    i.rt_pop_req        RTX_CM3.LIB(rt_system.o)
    0x08003b68   0x00000020   Code   RO          589    i.rt_psh_req        RTX_CM3.LIB(rt_system.o)
    0x08003b88   0x00000058   Code   RO          792    i.rt_psq_enq        RTX_CM3.LIB(rt_list.o)
    0x08003be0   0x00000048   Code   RO          793    i.rt_put_dly        RTX_CM3.LIB(rt_list.o)
    0x08003c28   0x00000036   Code   RO          794    i.rt_put_prio       RTX_CM3.LIB(rt_list.o)
    0x08003c5e   0x00000002   PAD
    0x08003c60   0x00000014   Code   RO          795    i.rt_put_rdy_first  RTX_CM3.LIB(rt_list.o)
    0x08003c74   0x00000028   Code   RO          797    i.rt_rmv_dly        RTX_CM3.LIB(rt_list.o)
    0x08003c9c   0x00000030   Code   RO          798    i.rt_rmv_list       RTX_CM3.LIB(rt_list.o)
    0x08003ccc   0x00000034   Code   RO          922    i.rt_sem_psh        RTX_CM3.LIB(rt_semaphore.o)
    0x08003d00   0x00000024   Code   RO          591    i.rt_stk_check      RTX_CM3.LIB(rt_system.o)
    0x08003d24   0x00000028   Code   RO          489    i.rt_switch_req     RTX_CM3.LIB(rt_task.o)
    0x08003d4c   0x00000158   Code   RO          490    i.rt_sys_init       RTX_CM3.LIB(rt_task.o)
    0x08003ea4   0x0000003c   Code   RO          593    i.rt_systick        RTX_CM3.LIB(rt_system.o)
    0x08003ee0   0x00000040   Code   RO          958    i.rt_tmr_tick       RTX_CM3.LIB(rt_timer.o)
    0x08003f20   0x00000094   Code   RO          491    i.rt_tsk_create     RTX_CM3.LIB(rt_task.o)
    0x08003fb4   0x000000bc   Code   RO          492    i.rt_tsk_delete     RTX_CM3.LIB(rt_task.o)
    0x08004070   0x00000050   Code   RO          594    i.rt_tsk_lock       RTX_CM3.LIB(rt_system.o)
    0x080040c0   0x00000010   Code   RO          495    i.rt_tsk_self       RTX_CM3.LIB(rt_task.o)
    0x080040d0   0x00000050   Code   RO          595    i.rt_tsk_unlock     RTX_CM3.LIB(rt_system.o)
    0x08004120   0x00000028   Data   RO          172    .constdata          rtx_config.o
    0x08004148   0x00000020   Data   RO         1070    Region$$Table       anon$$obj.o


    Execution Region RW_IRAM1 (Base: 0x20000000, Size: 0x00006d20, Max: 0x00010000, ABSOLUTE)

    Base Addr    Size         Type   Attr      Idx    E Section Name        Object

    0x20000000   0x00000010   Data   RW            5    .data               main.o
    0x20000010   0x00000004   Data   RW          173    .data               rtx_config.o
    0x20000014   0x00000014   Data   RW          320    .data               stm32f10x_rcc.o
    0x20000028   0x00000014   Data   RW          402    .data               system_stm32f10x.o
    0x2000003c   0x00000008   Data   RW          497    .data               RTX_CM3.LIB(rt_task.o)
    0x20000044   0x00000008   Data   RW          596    .data               RTX_CM3.LIB(rt_system.o)
    0x2000004c   0x00000004   Data   RW          719    .data               RTX_CM3.LIB(rt_time.o)
    0x20000050   0x00000001   Data   RW          753    .data               RTX_CM3.LIB(hal_cm3.o)
    0x20000051   0x00000003   PAD
    0x20000054   0x00000008   Data   RW          959    .data               RTX_CM3.LIB(rt_timer.o)
    0x2000005c   0x00000008   Data   RW          985    .data               RTX_CM3.LIB(rt_robin.o)
    0x20000064   0x00005728   Zero   RW            4    .bss                main.o
    0x2000578c   0x00000004   PAD
    0x20005790   0x0000112c   Zero   RW          171    .bss                rtx_config.o
    0x200068bc   0x00000030   Zero   RW          496    .bss                RTX_CM3.LIB(rt_task.o)
    0x200068ec   0x00000030   Zero   RW          799    .bss                RTX_CM3.LIB(rt_list.o)
    0x2000691c   0x00000004   PAD
    0x20006920   0x00000400   Zero   RW          190    STACK               startup_stm32f10x_md.o


==============================================================================

Image component sizes


      Code (inc. data)   RO Data    RW Data    ZI Data      Debug   Object Name

       292         10          0          0          0        608   gpio_init.o
      2952        202          0         16      22312     285641   main.o
       220         20          0          0          0       1857   misc.o
        10          0         40          4       4396       1856   rtx_config.o
        36          8        236          0       1024        860   startup_stm32f10x_md.o
      1084         26          0          0          0      10873   stm32f10x_adc.o
       592          8          0          0          0       4386   stm32f10x_dma.o
       856         40          0          0          0       5705   stm32f10x_gpio.o
       924         44          0         20          0       8868   stm32f10x_rcc.o
      3610         88          0          0          0      22192   stm32f10x_tim.o
      1032         22          0          0          0       8428   stm32f10x_usart.o
       456         36          0         20          0       1975   system_stm32f10x.o
       320          8          0          0          0        863   tim_init.o

    ----------------------------------------------------------------------
     12388        512        308         60      27736     354112   Object Totals
         0          0         32          0          0          0   (incl. Generated)
         4          0          0          0          4          0   (incl. Padding)

    ----------------------------------------------------------------------

      Code (inc. data)   RO Data    RW Data    ZI Data      Debug   Library Member Name

         4          4          0          0          0        136   SVC_Table.o
       516         56          0          1          0       2465   hal_cm3.o
       180         16          0          0          0       1601   rt_event.o
       478         30          0          0         48       6328   rt_list.o
       192          4          0          0          0        605   rt_mailbox.o
       128          0          0          0          0       1489   rt_membox.o
        96         22          0          8          0        962   rt_robin.o
        52          6          0          0          0        453   rt_semaphore.o
       450         72          0          8          0       4177   rt_system.o
       928        160          0          8         48       6656   rt_task.o
         6          0          0          4          0        504   rt_time.o
        64          8          0          8          0        583   rt_timer.o
         0          0          0          0          0          0   entry.o
         8          4          0          0          0          0   entry2.o
         4          0          0          0          0          0   entry5.o
         0          0          0          0          0          0   entry7b.o
         8          4          0          0          0          0   entry8.o
        30          0          0          0          0          0   handlers.o
        36          8          0          0          0         68   init.o
         0          0          0          0          0          0   iusefp.o
        30          0          0          0          0         68   llshl.o
        32          0          0          0          0         68   llushr.o
        40          2          0          0          0         68   cdcmple.o
        56          0          0          0          0         88   d2f.o
       190          0          0          0          0        176   depilogue.o
       228          0          0          0          0         92   dmul.o
        38          0          0          0          0         68   f2d.o
       128          0          0          0          0         88   fdiv.o
       108          0          0          0          0        168   fepilogue.o
        10          0          0          0          0         68   ffltui.o

    ----------------------------------------------------------------------
      4048        396          0         40        100      26979   Library Totals
         8          0          0          3          4          0   (incl. Padding)

    ----------------------------------------------------------------------

      Code (inc. data)   RO Data    RW Data    ZI Data      Debug   Library Name

      3094        378          0         37         96      25959   RTX_CM3.LIB
       148         16          0          0          0        204   mc_w.l
       798          2          0          0          0        816   mf_w.l

    ----------------------------------------------------------------------
      4048        396          0         40        100      26979   Library Totals

    ----------------------------------------------------------------------

==============================================================================


      Code (inc. data)   RO Data    RW Data    ZI Data      Debug   

     16436        908        308        100      27836     377243   Grand Totals
     16436        908        308        100      27836     377243   ELF Image Totals
     16436        908        308        100          0          0   ROM Totals

==============================================================================

    Total RO  Size (Code + RO Data)                16744 (  16.35kB)
    Total RW  Size (RW Data + ZI Data)             27936 (  27.28kB)
    Total ROM Size (Code + RO Data + RW Data)      16844 (  16.45kB)

==============================================================================

