ARM Linker, 5.03 [Build 24] [MDK-ARM Standard]

==============================================================================

Section Cross References

    main.o(.text) refers to stm32f10x_gpio.o(.text) for GPIO_SetBits
    main.o(.text) refers to stm32f10x_rcc.o(.text) for RCC_AHBPeriphClockCmd
    main.o(.text) refers to stm32f10x_dma.o(.text) for DMA_DeInit
    main.o(.text) refers to stm32f10x_adc.o(.text) for ADC_Init
    main.o(.text) refers to misc.o(.text) for NVIC_Init
    main.o(.text) refers to main.o(.data) for ADC_ConvertedValue
    main.o(.text) refers to main.o(.bss) for Uart_Send_Buffer
    main.o(.text) refers to stm32f10x_usart.o(.text) for USART_Init
    main.o(.text) refers to rt_event.o(i.rt_evt_wait) for rt_evt_wait
    main.o(.text) refers to rt_task.o(i.rt_tsk_self) for rt_tsk_self
    main.o(.text) refers to ffltui.o(.text) for __aeabi_ui2f
    main.o(.text) refers to fdiv.o(.text) for __aeabi_fdiv
    main.o(.text) refers to f2d.o(.text) for __aeabi_f2d
    main.o(.text) refers to dmul.o(.text) for __aeabi_dmul
    main.o(.text) refers to d2f.o(.text) for __aeabi_d2f
    main.o(.text) refers to cdrcmple.o(.text) for __aeabi_cdrcmple
    main.o(.text) refers to cdcmple.o(.text) for __aeabi_cdcmple
    main.o(.text) refers to gpio_init.o(.text) for GPIO_Configration
    main.o(.text) refers to tim_init.o(.text) for TIM2_Configuration
    main.o(.text) refers to hal_cm3.o(.emb_text) for os_set_env
    main.o(.text) refers to stm32f10x_tim.o(.text) for TIM_GetITStatus
    main.o(.text) refers to rt_event.o(i.isr_evt_set) for isr_evt_set
    main.o(.text) refers to rt_time.o(i.rt_dly_wait) for rt_dly_wait
    main.o(.text) refers to rt_system.o(i.rt_tsk_lock) for rt_tsk_lock
    main.o(.text) refers to rt_task.o(i.rt_tsk_create) for rt_tsk_create
    main.o(.text) refers to rt_system.o(i.rt_tsk_unlock) for rt_tsk_unlock
    main.o(.text) refers to rt_task.o(i.rt_tsk_delete) for rt_tsk_delete
    main.o(.text) refers to rt_task.o(i.rt_sys_init) for rt_sys_init
    startup_stm32f10x_md.o(RESET) refers to startup_stm32f10x_md.o(STACK) for __initial_sp
    startup_stm32f10x_md.o(RESET) refers to startup_stm32f10x_md.o(.text) for Reset_Handler
    startup_stm32f10x_md.o(RESET) refers to hal_cm3.o(.emb_text) for SVC_Handler
    startup_stm32f10x_md.o(RESET) refers to main.o(.text) for DMA1_Channel4_IRQHandler
    startup_stm32f10x_md.o(.text) refers to system_stm32f10x.o(.text) for SystemInit
    startup_stm32f10x_md.o(.text) refers to entry.o(.ARM.Collect$$$$00000000) for __main
    stm32f10x_gpio.o(.text) refers to stm32f10x_rcc.o(.text) for RCC_APB2PeriphResetCmd
    stm32f10x_rcc.o(.text) refers to stm32f10x_rcc.o(.data) for APBAHBPrescTable
    stm32f10x_tim.o(.text) refers to stm32f10x_rcc.o(.text) for RCC_APB2PeriphResetCmd
    stm32f10x_usart.o(.text) refers to stm32f10x_rcc.o(.text) for RCC_APB2PeriphResetCmd
    stm32f10x_adc.o(.text) refers to stm32f10x_rcc.o(.text) for RCC_APB2PeriphResetCmd
    system_stm32f10x.o(.text) refers to system_stm32f10x.o(.data) for SystemCoreClock
    tim_init.o(.text) refers to stm32f10x_rcc.o(.text) for RCC_APB2PeriphClockCmd
    tim_init.o(.text) refers to stm32f10x_gpio.o(.text) for GPIO_Init
    tim_init.o(.text) refers to stm32f10x_tim.o(.text) for TIM_TimeBaseInit
    gpio_init.o(.text) refers to stm32f10x_rcc.o(.text) for RCC_APB2PeriphClockCmd
    gpio_init.o(.text) refers to stm32f10x_gpio.o(.text) for GPIO_Init
    rt_task.o(i.rt_block) refers to rt_list.o(i.rt_put_dly) for rt_put_dly
    rt_task.o(i.rt_block) refers to rt_list.o(i.rt_get_first) for rt_get_first
    rt_task.o(i.rt_block) refers to rt_task.o(i.rt_switch_req) for rt_switch_req
    rt_task.o(i.rt_block) refers to rt_task.o(.data) for .data
    rt_task.o(i.rt_block) refers to rt_list.o(.bss) for os_rdy
    rt_task.o(i.rt_dispatch) refers to rt_list.o(i.rt_put_rdy_first) for rt_put_rdy_first
    rt_task.o(i.rt_dispatch) refers to rt_task.o(i.rt_switch_req) for rt_switch_req
    rt_task.o(i.rt_dispatch) refers to rt_list.o(i.rt_get_first) for rt_get_first
    rt_task.o(i.rt_dispatch) refers to rt_list.o(i.rt_put_prio) for rt_put_prio
    rt_task.o(i.rt_dispatch) refers to rt_task.o(.data) for .data
    rt_task.o(i.rt_dispatch) refers to rt_list.o(.bss) for os_rdy
    rt_task.o(i.rt_init_context) refers to rt_membox.o(i.rt_alloc_box) for rt_alloc_box
    rt_task.o(i.rt_init_context) refers to hal_cm3.o(i.rt_init_stack) for rt_init_stack
    rt_task.o(i.rt_init_context) refers to rtx_config.o(.bss) for mp_stk
    rt_task.o(i.rt_switch_req) refers to hal_cm3.o(i.dbg_task_switch) for dbg_task_switch
    rt_task.o(i.rt_switch_req) refers to rt_task.o(.data) for .data
    rt_task.o(i.rt_switch_req) refers to hal_cm3.o(.data) for dbg_msg
    rt_task.o(i.rt_sys_init) refers to hal_cm3.o(i.dbg_init) for dbg_init
    rt_task.o(i.rt_sys_init) refers to rt_membox.o(i._init_box) for _init_box
    rt_task.o(i.rt_sys_init) refers to rt_task.o(i.rt_init_context) for rt_init_context
[...]
    rt_system.o(i.rt_pop_req) refers to rt_task.o(i.rt_switch_req) for rt_switch_req
    rt_system.o(i.rt_pop_req) refers to rt_event.o(i.rt_evt_psh) for rt_evt_psh
    rt_system.o(i.rt_pop_req) refers to rt_mailbox.o(i.rt_mbx_psh) for rt_mbx_psh
    rt_system.o(i.rt_pop_req) refers to rt_task.o(.data) for os_tsk
    rt_system.o(i.rt_pop_req) refers to rtx_config.o(.bss) for os_fifo
    rt_system.o(i.rt_pop_req) refers to rt_list.o(.bss) for os_rdy
    rt_system.o(i.rt_psh_req) refers to rt_system.o(.data) for .data
    rt_system.o(i.rt_resume) refers to rt_list.o(i.rt_put_rdy_first) for rt_put_rdy_first
    rt_system.o(i.rt_resume) refers to rt_list.o(i.rt_dec_dly) for rt_dec_dly
    rt_system.o(i.rt_resume) refers to rt_timer.o(i.rt_tmr_tick) for rt_tmr_tick
    rt_system.o(i.rt_resume) refers to rt_list.o(i.rt_get_first) for rt_get_first
    rt_system.o(i.rt_resume) refers to rt_task.o(i.rt_switch_req) for rt_switch_req
    rt_system.o(i.rt_resume) refers to rt_system.o(i.rt_tsk_unlock) for rt_tsk_unlock
    rt_system.o(i.rt_resume) refers to rt_task.o(.data) for os_tsk
    rt_system.o(i.rt_resume) refers to rt_robin.o(.data) for os_robin
    rt_system.o(i.rt_resume) refers to rt_list.o(.bss) for os_dly
    rt_system.o(i.rt_resume) refers to rt_time.o(.data) for os_time
    rt_system.o(i.rt_resume) refers to rt_timer.o(.data) for os_tmr
    rt_system.o(i.rt_stk_check) refers to rtx_config.o(.text) for os_error
    rt_system.o(i.rt_stk_check) refers to rt_task.o(.data) for os_tsk
    rt_system.o(i.rt_suspend) refers to rt_system.o(i.rt_tsk_lock) for rt_tsk_lock
    rt_system.o(i.rt_suspend) refers to rt_list.o(.bss) for os_dly
    rt_system.o(i.rt_suspend) refers to rt_timer.o(.data) for os_tmr
    rt_system.o(i.rt_systick) refers to rt_list.o(i.rt_put_rdy_first) for rt_put_rdy_first
    rt_system.o(i.rt_systick) refers to rt_robin.o(i.rt_chk_robin) for rt_chk_robin
    rt_system.o(i.rt_systick) refers to rt_list.o(i.rt_dec_dly) for rt_dec_dly
    rt_system.o(i.rt_systick) refers to rt_timer.o(i.rt_tmr_tick) for rt_tmr_tick
    rt_system.o(i.rt_systick) refers to rt_list.o(i.rt_get_first) for rt_get_first
    rt_system.o(i.rt_systick) refers to rt_task.o(i.rt_switch_req) for rt_switch_req
    rt_system.o(i.rt_systick) refers to rt_task.o(.data) for os_tsk
    rt_system.o(i.rt_systick) refers to rt_time.o(.data) for os_time
    rt_system.o(i.rt_systick) refers to rt_list.o(.bss) for os_rdy
    rt_system.o(i.rt_tsk_lock) refers to rt_system.o(.data) for .data
    rt_system.o(i.rt_tsk_unlock) refers to rt_system.o(.data) for .data
    rt_event.o(i.isr_evt_set) refers to rt_list.o(i.rt_psq_enq) for rt_psq_enq
    rt_event.o(i.isr_evt_set) refers to rt_system.o(i.rt_psh_req) for rt_psh_req
    rt_event.o(i.isr_evt_set) refers to rtx_config.o(.bss) for os_active_TCB
    rt_event.o(i.rt_evt_clr) refers to rtx_config.o(.bss) for os_active_TCB
    rt_event.o(i.rt_evt_get) refers to rt_task.o(.data) for os_tsk
    rt_event.o(i.rt_evt_psh) refers to rt_list.o(i.rt_rmv_dly) for rt_rmv_dly
    rt_event.o(i.rt_evt_psh) refers to rt_list.o(i.rt_put_prio) for rt_put_prio
    rt_event.o(i.rt_evt_psh) refers to rt_list.o(.bss) for os_rdy
    rt_event.o(i.rt_evt_set) refers to rt_list.o(i.rt_rmv_dly) for rt_rmv_dly
    rt_event.o(i.rt_evt_set) refers to rt_task.o(i.rt_dispatch) for rt_dispatch
    rt_event.o(i.rt_evt_set) refers to rtx_config.o(.bss) for os_active_TCB
    rt_event.o(i.rt_evt_wait) refers to rt_task.o(i.rt_block) for rt_block
    rt_event.o(i.rt_evt_wait) refers to rt_task.o(.data) for os_tsk
    rt_time.o(i.rt_dly_wait) refers to rt_task.o(i.rt_block) for rt_block
    rt_time.o(i.rt_itv_set) refers to rt_task.o(.data) for os_tsk
    rt_time.o(i.rt_itv_set) refers to rt_time.o(.data) for .data
    rt_time.o(i.rt_itv_wait) refers to rt_task.o(i.rt_block) for rt_block
    rt_time.o(i.rt_itv_wait) refers to rt_task.o(.data) for os_tsk
    rt_time.o(i.rt_itv_wait) refers to rt_time.o(.data) for .data
    rt_time.o(i.rt_time_get) refers to rt_time.o(.data) for .data
    hal_cm3.o(.emb_text) refers to rtx_config.o(.constdata) for os_flags
    hal_cm3.o(.emb_text) refers to rt_membox.o(i.rt_alloc_box) for rt_alloc_box
    hal_cm3.o(.emb_text) refers to rt_membox.o(i.rt_free_box) for rt_free_box
    hal_cm3.o(.emb_text) refers to rt_system.o(i.rt_stk_check) for rt_stk_check
    hal_cm3.o(.emb_text) refers to rt_task.o(.data) for os_tsk
    hal_cm3.o(.emb_text) refers to SVC_Table.o(SVC_TABLE) for SVC_Count
    hal_cm3.o(.emb_text) refers to rt_system.o(i.rt_pop_req) for rt_pop_req
    hal_cm3.o(.emb_text) refers to rt_system.o(i.rt_systick) for rt_systick
    hal_cm3.o(.emb_text) refers to rt_system.o(i.os_tick_irqack) for os_tick_irqack
    hal_cm3.o(i.dbg_init) refers to hal_cm3.o(.data) for .data
    hal_cm3.o(i.rt_init_stack) refers to rtx_config.o(.constdata) for os_stackinfo
    rt_list.o(i.rt_dec_dly) refers to rt_list.o(i.rt_put_prio) for rt_put_prio
    rt_list.o(i.rt_dec_dly) refers to rt_list.o(.bss) for .bss
    rt_list.o(i.rt_dec_dly) refers to rt_time.o(.data) for os_time
    rt_list.o(i.rt_get_same_rdy_prio) refers to rt_list.o(.bss) for .bss
    rt_list.o(i.rt_get_same_rdy_prio) refers to rt_task.o(.data) for os_tsk
    rt_list.o(i.rt_psq_enq) refers to rtx_config.o(.text) for os_error
    rt_list.o(i.rt_psq_enq) refers to rtx_config.o(.bss) for os_fifo
    rt_list.o(i.rt_put_dly) refers to rt_list.o(.bss) for .bss
    rt_list.o(i.rt_put_rdy_first) refers to rt_list.o(.bss) for .bss
    rt_list.o(i.rt_resort_prio) refers to rt_list.o(i.rt_rmv_list) for rt_rmv_list
    rt_list.o(i.rt_resort_prio) refers to rt_list.o(i.rt_put_prio) for rt_put_prio
    rt_list.o(i.rt_resort_prio) refers to rt_list.o(.bss) for .bss
    rt_list.o(i.rt_rmv_list) refers to rt_list.o(.bss) for .bss
    rt_mailbox.o(i.isr_mbx_receive) refers to rt_list.o(i.rt_psq_enq) for rt_psq_enq
    rt_mailbox.o(i.isr_mbx_receive) refers to rt_system.o(i.rt_psh_req) for rt_psh_req
    rt_mailbox.o(i.isr_mbx_send) refers to rt_list.o(i.rt_psq_enq) for rt_psq_enq
    rt_mailbox.o(i.isr_mbx_send) refers to rt_system.o(i.rt_psh_req) for rt_psh_req
    rt_mailbox.o(i.rt_mbx_psh) refers to rt_list.o(i.rt_get_first) for rt_get_first
    rt_mailbox.o(i.rt_mbx_psh) refers to rt_list.o(i.rt_rmv_dly) for rt_rmv_dly
    rt_mailbox.o(i.rt_mbx_psh) refers to rt_list.o(i.rt_put_prio) for rt_put_prio
    rt_mailbox.o(i.rt_mbx_psh) refers to rtx_config.o(.text) for os_error
    rt_mailbox.o(i.rt_mbx_psh) refers to rt_list.o(.bss) for os_rdy
    rt_mailbox.o(i.rt_mbx_send) refers to rt_list.o(i.rt_put_prio) for rt_put_prio
    rt_mailbox.o(i.rt_mbx_send) refers to rt_list.o(i.rt_get_first) for rt_get_first
    rt_mailbox.o(i.rt_mbx_send) refers to rt_list.o(i.rt_rmv_dly) for rt_rmv_dly
    rt_mailbox.o(i.rt_mbx_send) refers to rt_task.o(i.rt_dispatch) for rt_dispatch
    rt_mailbox.o(i.rt_mbx_send) refers to rt_task.o(i.rt_block) for rt_block
    rt_mailbox.o(i.rt_mbx_send) refers to rt_task.o(.data) for os_tsk
    rt_mailbox.o(i.rt_mbx_wait) refers to rt_list.o(i.rt_get_first) for rt_get_first
    rt_mailbox.o(i.rt_mbx_wait) refers to rt_list.o(i.rt_rmv_dly) for rt_rmv_dly
    rt_mailbox.o(i.rt_mbx_wait) refers to rt_task.o(i.rt_dispatch) for rt_dispatch
    rt_mailbox.o(i.rt_mbx_wait) refers to rt_list.o(i.rt_put_prio) for rt_put_prio
    rt_mailbox.o(i.rt_mbx_wait) refers to rt_task.o(i.rt_block) for rt_block
    rt_mailbox.o(i.rt_mbx_wait) refers to rt_task.o(.data) for os_tsk
    rt_semaphore.o(i.isr_sem_send) refers to rt_list.o(i.rt_psq_enq) for rt_psq_enq
    rt_semaphore.o(i.isr_sem_send) refers to rt_system.o(i.rt_psh_req) for rt_psh_req
    rt_semaphore.o(i.rt_sem_psh) refers to rt_list.o(i.rt_get_first) for rt_get_first
    rt_semaphore.o(i.rt_sem_psh) refers to rt_list.o(i.rt_rmv_dly) for rt_rmv_dly
    rt_semaphore.o(i.rt_sem_psh) refers to rt_list.o(i.rt_put_prio) for rt_put_prio
    rt_semaphore.o(i.rt_sem_psh) refers to rt_list.o(.bss) for os_rdy
    rt_semaphore.o(i.rt_sem_send) refers to rt_list.o(i.rt_get_first) for rt_get_first
    rt_semaphore.o(i.rt_sem_send) refers to rt_list.o(i.rt_rmv_dly) for rt_rmv_dly
    rt_semaphore.o(i.rt_sem_send) refers to rt_task.o(i.rt_dispatch) for rt_dispatch
    rt_semaphore.o(i.rt_sem_send) refers to rt_task.o(.data) for os_tsk
    rt_semaphore.o(i.rt_sem_wait) refers to rt_list.o(i.rt_put_prio) for rt_put_prio
    rt_semaphore.o(i.rt_sem_wait) refers to rt_task.o(i.rt_block) for rt_block
    rt_semaphore.o(i.rt_sem_wait) refers to rt_task.o(.data) for os_tsk
    rt_timer.o(i.rt_tmr_create) refers to rt_membox.o(i.rt_alloc_box) for rt_alloc_box
    rt_timer.o(i.rt_tmr_create) refers to rtx_config.o(.data) for m_tmr
    rt_timer.o(i.rt_tmr_create) refers to rt_timer.o(.data) for .data
    rt_timer.o(i.rt_tmr_kill) refers to rt_membox.o(i.rt_free_box) for rt_free_box
    rt_timer.o(i.rt_tmr_kill) refers to rt_timer.o(.data) for .data
    rt_timer.o(i.rt_tmr_kill) refers to rtx_config.o(.data) for m_tmr
    rt_timer.o(i.rt_tmr_tick) refers to rtx_config.o(.text) for os_tmr_call
    rt_timer.o(i.rt_tmr_tick) refers to rt_membox.o(i.rt_free_box) for rt_free_box
    rt_timer.o(i.rt_tmr_tick) refers to rt_timer.o(.data) for .data
    rt_timer.o(i.rt_tmr_tick) refers to rtx_config.o(.data) for m_tmr
    rt_robin.o(i.rt_chk_robin) refers to rt_list.o(i.rt_get_first) for rt_get_first
    rt_robin.o(i.rt_chk_robin) refers to rt_list.o(i.rt_put_prio) for rt_put_prio
    rt_robin.o(i.rt_chk_robin) refers to rt_robin.o(.data) for .data
    rt_robin.o(i.rt_chk_robin) refers to rt_list.o(.bss) for os_rdy
    rt_robin.o(i.rt_chk_robin) refers to rt_time.o(.data) for os_time
    rt_robin.o(i.rt_init_robin) refers to rt_robin.o(.data) for .data
    rt_robin.o(i.rt_init_robin) refers to rtx_config.o(.constdata) for os_rrobin
    rt_membox.o(i._calloc_box) refers to hal_cm3.o(.emb_text) for _alloc_box
    entry.o(.ARM.Collect$$$$00000000) refers (Special) to entry10a.o(.ARM.Collect$$$$0000000D) for __rt_final_cpp
    entry.o(.ARM.Collect$$$$00000000) refers (Special) to entry11a.o(.ARM.Collect$$$$0000000F) for __rt_final_exit
    entry.o(.ARM.Collect$$$$00000000) refers (Special) to entry7b.o(.ARM.Collect$$$$00000008) for _main_clock
    entry.o(.ARM.Collect$$$$00000000) refers (Special) to entry8b.o(.ARM.Collect$$$$0000000A) for _main_cpp_init
    entry.o(.ARM.Collect$$$$00000000) refers (Special) to entry9a.o(.ARM.Collect$$$$0000000B) for _main_init
    entry.o(.ARM.Collect$$$$00000000) refers (Special) to entry5.o(.ARM.Collect$$$$00000004) for _main_scatterload
    entry.o(.ARM.Collect$$$$00000000) refers (Special) to entry2.o(.ARM.Collect$$$$00000001) for _main_stk
    fdiv.o(.text) refers (Special) to iusefp.o(.text) for __I$use$fp
    fdiv.o(.text) refers to fepilogue.o(.text) for _float_round
    dmul.o(.text) refers (Special) to iusefp.o(.text) for __I$use$fp
    dmul.o(.text) refers to depilogue.o(.text) for _double_epilogue
    ffltui.o(.text) refers (Special) to iusefp.o(.text) for __I$use$fp
    ffltui.o(.text) refers to fepilogue.o(.text) for _float_epilogue
    f2d.o(.text) refers (Special) to iusefp.o(.text) for __I$use$fp
    cdcmple.o(.text) refers (Special) to iusefp.o(.text) for __I$use$fp
    cdrcmple.o(.text) refers (Special) to iusefp.o(.text) for __I$use$fp
    d2f.o(.text) refers (Special) to iusefp.o(.text) for __I$use$fp
    d2f.o(.text) refers to fepilogue.o(.text) for _float_round
    entry2.o(.ARM.Collect$$$$00000001) refers to entry2.o(.ARM.Collect$$$$00002712) for __lit__00000000
    entry2.o(.ARM.Collect$$$$00002712) refers to startup_stm32f10x_md.o(STACK) for __initial_sp
    entry2.o(__vectab_stack_and_reset_area) refers to startup_stm32f10x_md.o(STACK) for __initial_sp
    entry2.o(__vectab_stack_and_reset_area) refers to entry.o(.ARM.Collect$$$$00000000) for __main
    entry5.o(.ARM.Collect$$$$00000004) refers to init.o(.text) for __scatterload
    entry9a.o(.ARM.Collect$$$$0000000B) refers to main.o(.text) for main
    entry9b.o(.ARM.Collect$$$$0000000C) refers to main.o(.text) for main
    depilogue.o(.text) refers to llshl.o(.text) for __aeabi_llsl
    depilogue.o(.text) refers to llushr.o(.text) for __aeabi_llsr
    init.o(.text) refers to entry5.o(.ARM.Collect$$$$00000004) for __main_after_scatterload


==============================================================================

Removing Unused input sections from the image.

    Removing main.o(.rev16_text), (4 bytes).
    Removing main.o(.revsh_text), (4 bytes).
    Removing startup_stm32f10x_md.o(HEAP), (512 bytes).
    Removing misc.o(.rev16_text), (4 bytes).
    Removing misc.o(.revsh_text), (4 bytes).
    Removing stm32f10x_crc.o(.rev16_text), (4 bytes).
    Removing stm32f10x_crc.o(.revsh_text), (4 bytes).
    Removing stm32f10x_crc.o(.text), (72 bytes).
    Removing stm32f10x_dbgmcu.o(.rev16_text), (4 bytes).
    Removing stm32f10x_dbgmcu.o(.revsh_text), (4 bytes).
    Removing stm32f10x_dbgmcu.o(.text), (48 bytes).
    Removing stm32f10x_dma.o(.rev16_text), (4 bytes).
    Removing stm32f10x_dma.o(.revsh_text), (4 bytes).
    Removing stm32f10x_exti.o(.rev16_text), (4 bytes).
    Removing stm32f10x_exti.o(.revsh_text), (4 bytes).
    Removing stm32f10x_exti.o(.text), (284 bytes).
    Removing stm32f10x_gpio.o(.rev16_text), (4 bytes).
    Removing stm32f10x_gpio.o(.revsh_text), (4 bytes).
    Removing stm32f10x_rcc.o(.rev16_text), (4 bytes).
    Removing stm32f10x_rcc.o(.revsh_text), (4 bytes).
    Removing stm32f10x_tim.o(.rev16_text), (4 bytes).
    Removing stm32f10x_tim.o(.revsh_text), (4 bytes).
    Removing stm32f10x_usart.o(.rev16_text), (4 bytes).
    Removing stm32f10x_usart.o(.revsh_text), (4 bytes).
    Removing stm32f10x_adc.o(.rev16_text), (4 bytes).
    Removing stm32f10x_adc.o(.revsh_text), (4 bytes).
    Removing system_stm32f10x.o(.rev16_text), (4 bytes).
    Removing system_stm32f10x.o(.revsh_text), (4 bytes).
    Removing tim_init.o(.rev16_text), (4 bytes).
    Removing tim_init.o(.revsh_text), (4 bytes).
    Removing usart_init.o(.rev16_text), (4 bytes).
    Removing usart_init.o(.revsh_text), (4 bytes).
    Removing gpio_init.o(.rev16_text), (4 bytes).
    Removing gpio_init.o(.revsh_text), (4 bytes).
    Removing rt_task.o(i.rt_tsk_pass), (48 bytes).
    Removing rt_task.o(i.rt_tsk_prio), (128 bytes).
    Removing rt_system.o(.emb_text), (0 bytes).
    Removing rt_system.o(i.rt_resume), (176 bytes).
    Removing rt_system.o(i.rt_suspend), (44 bytes).
    Removing rt_event.o(i.rt_evt_clr), (28 bytes).
    Removing rt_event.o(i.rt_evt_get), (12 bytes).
    Removing rt_event.o(i.rt_evt_set), (96 bytes).
    Removing rt_time.o(i.rt_itv_set), (24 bytes).
    Removing rt_time.o(i.rt_itv_wait), (44 bytes).
    Removing rt_time.o(i.rt_time_get), (12 bytes).
    Removing rt_list.o(i.rt_get_same_rdy_prio), (36 bytes).
    Removing rt_list.o(i.rt_resort_prio), (52 bytes).
    Removing rt_mailbox.o(i.isr_mbx_receive), (84 bytes).
    Removing rt_mailbox.o(i.isr_mbx_send), (14 bytes).
    Removing rt_mailbox.o(i.rt_mbx_check), (8 bytes).
    Removing rt_mailbox.o(i.rt_mbx_init), (26 bytes).
    Removing rt_mailbox.o(i.rt_mbx_send), (160 bytes).
    Removing rt_mailbox.o(i.rt_mbx_wait), (184 bytes).
    Removing rt_semaphore.o(i.isr_sem_send), (16 bytes).
    Removing rt_semaphore.o(i.rt_sem_init), (12 bytes).
    Removing rt_semaphore.o(i.rt_sem_send), (56 bytes).
    Removing rt_semaphore.o(i.rt_sem_wait), (60 bytes).
    Removing rt_timer.o(i.rt_tmr_create), (80 bytes).
    Removing rt_timer.o(i.rt_tmr_kill), (52 bytes).
    Removing rt_membox.o(i._calloc_box), (30 bytes).

60 unused section(s) (total 2518 bytes) removed from the image.

==============================================================================

Image Symbol Table

    Local Symbols

    Symbol Name                              Value     Ov Type        Size  Object(Section)

    ../clib/microlib/init/entry.s            0x00000000   Number         0  entry5.o ABSOLUTE
    ../clib/microlib/init/entry.s            0x00000000   Number         0  entry.o ABSOLUTE
    ../clib/microlib/init/entry.s            0x00000000   Number         0  entry7a.o ABSOLUTE
    ../clib/microlib/init/entry.s            0x00000000   Number         0  entry7b.o ABSOLUTE
    ../clib/microlib/init/entry.s            0x00000000   Number         0  entry11a.o ABSOLUTE
    ../clib/microlib/init/entry.s            0x00000000   Number         0  entry2.o ABSOLUTE
    ../clib/microlib/init/entry.s            0x00000000   Number         0  entry10b.o ABSOLUTE
    ../clib/microlib/init/entry.s            0x00000000   Number         0  entry8a.o ABSOLUTE
    ../clib/microlib/init/entry.s            0x00000000   Number         0  entry8b.o ABSOLUTE
    ../clib/microlib/init/entry.s            0x00000000   Number         0  entry9a.o ABSOLUTE
    ../clib/microlib/init/entry.s            0x00000000   Number         0  entry10a.o ABSOLUTE
    ../clib/microlib/init/entry.s            0x00000000   Number         0  entry9b.o ABSOLUTE
    ../clib/microlib/init/entry.s            0x00000000   Number         0  entry11b.o ABSOLUTE
    ../clib/microlib/longlong.c              0x00000000   Number         0  llshl.o ABSOLUTE
    ../clib/microlib/longlong.c              0x00000000   Number         0  llushr.o ABSOLUTE
    ../clib/microlib/stubs.s                 0x00000000   Number         0  iusefp.o ABSOLUTE
    ../fplib/microlib/d2f.c                  0x00000000   Number         0  d2f.o ABSOLUTE
    ../fplib/microlib/f2d.c                  0x00000000   Number         0  f2d.o ABSOLUTE
    ../fplib/microlib/fpdiv.c                0x00000000   Number         0  fdiv.o ABSOLUTE
    ../fplib/microlib/fpepilogue.c           0x00000000   Number         0  depilogue.o ABSOLUTE
    ../fplib/microlib/fpepilogue.c           0x00000000   Number         0  fepilogue.o ABSOLUTE
    ../fplib/microlib/fpflt.c                0x00000000   Number         0  ffltui.o ABSOLUTE
    ../fplib/microlib/fpmul.c                0x00000000   Number         0  dmul.o ABSOLUTE
    ..\Libraries\CMSIS\CM3\DeviceSupport\ST\STM32F10x\startup\arm\startup_stm32f10x_md.s 0x00000000   Number         0  startup_stm32f10x_md.o ABSOLUTE
    ..\Libraries\CMSIS\CM3\DeviceSupport\ST\STM32F10x\system_stm32f10x.c 0x00000000   Number         0  system_stm32f10x.o ABSOLUTE
    ..\Libraries\RTX_Config.c                0x00000000   Number         0  rtx_config.o ABSOLUTE
    ..\Libraries\STM32F10x_StdPeriph_Driver\src\misc.c 0x00000000   Number         0  misc.o ABSOLUTE
    ..\Libraries\STM32F10x_StdPeriph_Driver\src\stm32f10x_adc.c 0x00000000   Number         0  stm32f10x_adc.o ABSOLUTE
    ..\Libraries\STM32F10x_StdPeriph_Driver\src\stm32f10x_crc.c 0x00000000   Number         0  stm32f10x_crc.o ABSOLUTE
    ..\Libraries\STM32F10x_StdPeriph_Driver\src\stm32f10x_dbgmcu.c 0x00000000   Number         0  stm32f10x_dbgmcu.o ABSOLUTE
    ..\Libraries\STM32F10x_StdPeriph_Driver\src\stm32f10x_dma.c 0x00000000   Number         0  stm32f10x_dma.o ABSOLUTE
    ..\Libraries\STM32F10x_StdPeriph_Driver\src\stm32f10x_exti.c 0x00000000   Number         0  stm32f10x_exti.o ABSOLUTE
    ..\Libraries\STM32F10x_StdPeriph_Driver\src\stm32f10x_gpio.c 0x00000000   Number         0  stm32f10x_gpio.o ABSOLUTE
    ..\Libraries\STM32F10x_StdPeriph_Driver\src\stm32f10x_rcc.c 0x00000000   Number         0  stm32f10x_rcc.o ABSOLUTE
    ..\Libraries\STM32F10x_StdPeriph_Driver\src\stm32f10x_tim.c 0x00000000   Number         0  stm32f10x_tim.o ABSOLUTE
    ..\Libraries\STM32F10x_StdPeriph_Driver\src\stm32f10x_usart.c 0x00000000   Number         0  stm32f10x_usart.o ABSOLUTE
    ..\User\GPIO_Init.c                      0x00000000   Number         0  gpio_init.o ABSOLUTE
    ..\User\TIM_INIT.c                       0x00000000   Number         0  tim_init.o ABSOLUTE
    ..\User\USART_INIT.c                     0x00000000   Number         0  usart_init.o ABSOLUTE
    ..\User\main.c                           0x00000000   Number         0  main.o ABSOLUTE
    ..\\Libraries\\CMSIS\\CM3\\DeviceSupport\\ST\\STM32F10x\\system_stm32f10x.c 0x00000000   Number         0  system_stm32f10x.o ABSOLUTE
    ..\\Libraries\\STM32F10x_StdPeriph_Driver\\src\\misc.c 0x00000000   Number         0  misc.o ABSOLUTE
    ..\\Libraries\\STM32F10x_StdPeriph_Driver\\src\\stm32f10x_adc.c 0x00000000   Number         0  stm32f10x_adc.o ABSOLUTE
    ..\\Libraries\\STM32F10x_StdPeriph_Driver\\src\\stm32f10x_crc.c 0x00000000   Number         0  stm32f10x_crc.o ABSOLUTE
    ..\\Libraries\\STM32F10x_StdPeriph_Driver\\src\\stm32f10x_dbgmcu.c 0x00000000   Number         0  stm32f10x_dbgmcu.o ABSOLUTE
    ..\\Libraries\\STM32F10x_StdPeriph_Driver\\src\\stm32f10x_dma.c 0x00000000   Number         0  stm32f10x_dma.o ABSOLUTE
    ..\\Libraries\\STM32F10x_StdPeriph_Driver\\src\\stm32f10x_exti.c 0x00000000   Number         0  stm32f10x_exti.o ABSOLUTE
    ..\\Libraries\\STM32F10x_StdPeriph_Driver\\src\\stm32f10x_gpio.c 0x00000000   Number         0  stm32f10x_gpio.o ABSOLUTE
    ..\\Libraries\\STM32F10x_StdPeriph_Driver\\src\\stm32f10x_rcc.c 0x00000000   Number         0  stm32f10x_rcc.o ABSOLUTE
    ..\\Libraries\\STM32F10x_StdPeriph_Driver\\src\\stm32f10x_tim.c 0x00000000   Number         0  stm32f10x_tim.o ABSOLUTE
    ..\\Libraries\\STM32F10x_StdPeriph_Driver\\src\\stm32f10x_usart.c 0x00000000   Number         0  stm32f10x_usart.o ABSOLUTE
    ..\\User\\GPIO_Init.c                    0x00000000   Number         0  gpio_init.o ABSOLUTE
    ..\\User\\TIM_INIT.c                     0x00000000   Number         0  tim_init.o ABSOLUTE
    ..\\User\\USART_INIT.c                   0x00000000   Number         0  usart_init.o ABSOLUTE
    ..\\User\\main.c                         0x00000000   Number         0  main.o ABSOLUTE
    SRC\CM\HAL_CM3.c                         0x00000000   Number         0  hal_cm3.o ABSOLUTE
    SRC\CM\SVC_Table.s                       0x00000000   Number         0  SVC_Table.o ABSOLUTE
    SRC\CM\rt_Event.c                        0x00000000   Number         0  rt_event.o ABSOLUTE
    SRC\CM\rt_List.c                         0x00000000   Number         0  rt_list.o ABSOLUTE
    SRC\CM\rt_Mailbox.c                      0x00000000   Number         0  rt_mailbox.o ABSOLUTE
    SRC\CM\rt_MemBox.c                       0x00000000   Number         0  rt_membox.o ABSOLUTE
    SRC\CM\rt_Robin.c                        0x00000000   Number         0  rt_robin.o ABSOLUTE
    SRC\CM\rt_Semaphore.c                    0x00000000   Number         0  rt_semaphore.o ABSOLUTE
    SRC\CM\rt_System.c                       0x00000000   Number         0  rt_system.o ABSOLUTE
    SRC\CM\rt_Task.c                         0x00000000   Number         0  rt_task.o ABSOLUTE
    SRC\CM\rt_Time.c                         0x00000000   Number         0  rt_time.o ABSOLUTE
    SRC\CM\rt_Timer.c                        0x00000000   Number         0  rt_timer.o ABSOLUTE
    SRC\\CM\\HAL_CM3.c                       0x00000000   Number         0  hal_cm3.o ABSOLUTE
    SRC\\CM\\rt_System.c                     0x00000000   Number         0  rt_system.o ABSOLUTE
    cdcmple.s                                0x00000000   Number         0  cdcmple.o ABSOLUTE
    cdrcmple.s                               0x00000000   Number         0  cdrcmple.o ABSOLUTE
    dc.s                                     0x00000000   Number         0  dc.o ABSOLUTE
    handlers.s                               0x00000000   Number         0  handlers.o ABSOLUTE
    init.s                                   0x00000000   Number         0  init.o ABSOLUTE
    RESET                                    0x08000000   Section      236  startup_stm32f10x_md.o(RESET)
    .ARM.Collect$$$$00000000                 0x080000ec   Section        0  entry.o(.ARM.Collect$$$$00000000)
    .ARM.Collect$$$$00000001                 0x080000ec   Section        4  entry2.o(.ARM.Collect$$$$00000001)
    .ARM.Collect$$$$00000004                 0x080000f0   Section        4  entry5.o(.ARM.Collect$$$$00000004)
    .ARM.Collect$$$$00000008                 0x080000f4   Section        0  entry7b.o(.ARM.Collect$$$$00000008)
    .ARM.Collect$$$$0000000A                 0x080000f4   Section        0  entry8b.o(.ARM.Collect$$$$0000000A)
    .ARM.Collect$$$$0000000B                 0x080000f4   Section        8  entry9a.o(.ARM.Collect$$$$0000000B)
    .ARM.Collect$$$$0000000D                 0x080000fc   Section        0  entry10a.o(.ARM.Collect$$$$0000000D)
    .ARM.Collect$$$$0000000F                 0x080000fc   Section        0  entry11a.o(.ARM.Collect$$$$0000000F)
    .ARM.Collect$$$$00002712                 0x080000fc   Section        4  entry2.o(.ARM.Collect$$$$00002712)
    __lit__00000000                          0x080000fc   Data           4  entry2.o(.ARM.Collect$$$$00002712)
    .emb_text                                0x08000100   Section      340  hal_cm3.o(.emb_text)
    .text                                    0x08000254   Section        0  main.o(.text)
    .text                                    0x08000e74   Section        0  rtx_config.o(.text)
    .text                                    0x08000e80   Section       36  startup_stm32f10x_md.o(.text)
    .text                                    0x08000ea4   Section        0  misc.o(.text)
    .text                                    0x08000f80   Section        0  stm32f10x_dma.o(.text)
    .text                                    0x080011d0   Section        0  stm32f10x_gpio.o(.text)
    .text                                    0x08001528   Section        0  stm32f10x_rcc.o(.text)
    .text                                    0x080018cc   Section        0  stm32f10x_tim.o(.text)
    TI4_Config                               0x08001d73   Thumb Code   130  stm32f10x_tim.o(.text)
    TI3_Config                               0x08001e07   Thumb Code   122  stm32f10x_tim.o(.text)
    TI2_Config                               0x08001e9b   Thumb Code   130  stm32f10x_tim.o(.text)
    TI1_Config                               0x08001f2f   Thumb Code   108  stm32f10x_tim.o(.text)
    .text                                    0x080026e8   Section        0  stm32f10x_usart.o(.text)
    .text                                    0x08002af0   Section        0  stm32f10x_adc.o(.text)
    .text                                    0x08002f40   Section        0  system_stm32f10x.o(.text)
    SetSysClockTo72                          0x08002f41   Thumb Code   212  system_stm32f10x.o(.text)
    SetSysClock                              0x08003015   Thumb Code     8  system_stm32f10x.o(.text)
    .text                                    0x0800311c   Section        0  tim_init.o(.text)
    .text                                    0x0800325c   Section        0  gpio_init.o(.text)
    .text                                    0x08003380   Section        0  fdiv.o(.text)
    .text                                    0x08003400   Section        0  dmul.o(.text)
    .text                                    0x080034e4   Section        0  ffltui.o(.text)
    .text                                    0x080034ee   Section        0  f2d.o(.text)
    .text                                    0x08003514   Section       40  cdcmple.o(.text)
    .text                                    0x0800353c   Section       40  cdrcmple.o(.text)
    .text                                    0x08003564   Section        0  d2f.o(.text)
    .text                                    0x0800359c   Section        0  fepilogue.o(.text)
    .text                                    0x0800359c   Section        0  iusefp.o(.text)
    .text                                    0x08003608   Section        0  depilogue.o(.text)
    .text                                    0x080036c8   Section       36  init.o(.text)
    .text                                    0x080036ec   Section        0  llshl.o(.text)
    .text                                    0x0800370a   Section        0  llushr.o(.text)
    SVC_TABLE                                0x0800372c   Section        4  SVC_Table.o(SVC_TABLE)
    i.__scatterload_copy                     0x08003730   Section       14  handlers.o(i.__scatterload_copy)
    i.__scatterload_null                     0x0800373e   Section        2  handlers.o(i.__scatterload_null)
    i.__scatterload_zeroinit                 0x08003740   Section       14  handlers.o(i.__scatterload_zeroinit)
    i._init_box                              0x0800374e   Section        0  rt_membox.o(i._init_box)
    i.dbg_init                               0x08003794   Section        0  hal_cm3.o(i.dbg_init)
    i.dbg_task_notify                        0x080037c4   Section        0  hal_cm3.o(i.dbg_task_notify)
    i.dbg_task_switch                        0x080037e4   Section        0  hal_cm3.o(i.dbg_task_switch)
    i.isr_evt_set                            0x080037f4   Section        0  rt_event.o(i.isr_evt_set)
    i.os_tick_init                           0x0800381c   Section        0  rt_system.o(i.os_tick_init)
    i.os_tick_irqack                         0x08003844   Section        0  rt_system.o(i.os_tick_irqack)
    i.rt_alloc_box                           0x08003846   Section        0  rt_membox.o(i.rt_alloc_box)
    i.rt_block                               0x08003860   Section        0  rt_task.o(i.rt_block)
    i.rt_chk_robin                           0x08003898   Section        0  rt_robin.o(i.rt_chk_robin)
    i.rt_dec_dly                             0x080038e0   Section        0  rt_list.o(i.rt_dec_dly)
    i.rt_dispatch                            0x08003954   Section        0  rt_task.o(i.rt_dispatch)
    i.rt_dly_wait                            0x08003998   Section        0  rt_time.o(i.rt_dly_wait)
    i.rt_evt_psh                             0x080039a0   Section        0  rt_event.o(i.rt_evt_psh)
    i.rt_evt_wait                            0x080039ec   Section        0  rt_event.o(i.rt_evt_wait)
    i.rt_free_box                            0x08003a28   Section        0  rt_membox.o(i.rt_free_box)
    i.rt_get_first                           0x08003a48   Section        0  rt_list.o(i.rt_get_first)
    i.rt_init_context                        0x08003a70   Section        0  rt_task.o(i.rt_init_context)
    rt_init_context                          0x08003a71   Thumb Code    64  rt_task.o(i.rt_init_context)
    i.rt_init_robin                          0x08003ab4   Section        0  rt_robin.o(i.rt_init_robin)
    i.rt_init_stack                          0x08003acc   Section        0  hal_cm3.o(i.rt_init_stack)
    i.rt_mbx_psh                             0x08003b1c   Section        0  rt_mailbox.o(i.rt_mbx_psh)
    i.rt_pop_req                             0x08003bdc   Section        0  rt_system.o(i.rt_pop_req)
    i.rt_psh_req                             0x08003c54   Section        0  rt_system.o(i.rt_psh_req)
    i.rt_psq_enq                             0x08003c74   Section        0  rt_list.o(i.rt_psq_enq)
    i.rt_put_dly                             0x08003ccc   Section        0  rt_list.o(i.rt_put_dly)
    i.rt_put_prio                            0x08003d14   Section        0  rt_list.o(i.rt_put_prio)
    i.rt_put_rdy_first                       0x08003d4c   Section        0  rt_list.o(i.rt_put_rdy_first)
    i.rt_rmv_dly                             0x08003d60   Section        0  rt_list.o(i.rt_rmv_dly)
    i.rt_rmv_list                            0x08003d88   Section        0  rt_list.o(i.rt_rmv_list)
    i.rt_sem_psh                             0x08003db8   Section        0  rt_semaphore.o(i.rt_sem_psh)
    i.rt_stk_check                           0x08003dec   Section        0  rt_system.o(i.rt_stk_check)
    i.rt_switch_req                          0x08003e10   Section        0  rt_task.o(i.rt_switch_req)
    i.rt_sys_init                            0x08003e38   Section        0  rt_task.o(i.rt_sys_init)
    i.rt_systick                             0x08003f90   Section        0  rt_system.o(i.rt_systick)
    i.rt_tmr_tick                            0x08003fcc   Section        0  rt_timer.o(i.rt_tmr_tick)
    i.rt_tsk_create                          0x0800400c   Section        0  rt_task.o(i.rt_tsk_create)
    i.rt_tsk_delete                          0x080040a0   Section        0  rt_task.o(i.rt_tsk_delete)
    i.rt_tsk_lock                            0x0800415c   Section        0  rt_system.o(i.rt_tsk_lock)
    i.rt_tsk_self                            0x080041ac   Section        0  rt_task.o(i.rt_tsk_self)
    i.rt_tsk_unlock                          0x080041bc   Section        0  rt_system.o(i.rt_tsk_unlock)
    .constdata                               0x0800420c   Section       40  rtx_config.o(.constdata)
    __tagsym$$used                           0x08004220   Number         0  rtx_config.o(.constdata)
    __tagsym$$used                           0x08004224   Number         0  rtx_config.o(.constdata)
    .data                                    0x20000000   Section       25  main.o(.data)
    .data                                    0x2000001c   Section        4  rtx_config.o(.data)
    .data                                    0x20000020   Section       20  stm32f10x_rcc.o(.data)
    APBAHBPrescTable                         0x20000020   Data          16  stm32f10x_rcc.o(.data)
    ADCPrescTable                            0x20000030   Data           4  stm32f10x_rcc.o(.data)
    .data                                    0x20000034   Section       20  system_stm32f10x.o(.data)
    .data                                    0x20000048   Section        8  rt_task.o(.data)
    .data                                    0x20000050   Section        8  rt_system.o(.data)
    os_lock                                  0x20000050   Data           1  rt_system.o(.data)
    os_psh_flag                              0x20000051   Data           1  rt_system.o(.data)
    pend_flags                               0x20000052   Data           1  rt_system.o(.data)
    .data                                    0x20000058   Section        4  rt_time.o(.data)
    .data                                    0x2000005c   Section        1  hal_cm3.o(.data)
    .data                                    0x20000060   Section        8  rt_timer.o(.data)
    .data                                    0x20000068   Section        8  rt_robin.o(.data)
    .bss                                     0x20000070   Section     2416  main.o(.bss)
    .bss                                     0x200009e0   Section     4396  rtx_config.o(.bss)
    .bss                                     0x20001b0c   Section       48  rt_task.o(.bss)
    .bss                                     0x20001b3c   Section       48  rt_list.o(.bss)
    STACK                                    0x20001b70   Section     1024  startup_stm32f10x_md.o(STACK)

    Global Symbols

    Symbol Name                              Value     Ov Type        Size  Object(Section)

    BuildAttributes$$THM_ISAv4$P$D$K$B$S$PE$A:L22UL41UL21$X:L11$S22US41US21$IEEE1$IW$USESV6$~STKCKD$USESV7$~SHL$OTIME$ROPI$EBA8$MICROLIB$REQ8$PRES8$EABIv2 0x00000000   Number         0  anon$$obj.o ABSOLUTE
    __ARM_use_no_argv                        0x00000000   Number         0  main.o ABSOLUTE
    __cpp_initialize__aeabi_                  - Undefined Weak Reference
    __cxa_finalize                            - Undefined Weak Reference
    __decompress                              - Undefined Weak Reference
    _clock_init                               - Undefined Weak Reference
    _microlib_exit                            - Undefined Weak Reference
    __Vectors_Size                           0x000000ec   Number         0  startup_stm32f10x_md.o ABSOLUTE
    __RL_RTX_VER                             0x00000470   Number         0  rt_system.o ABSOLUTE
    __Vectors                                0x08000000   Data           4  startup_stm32f10x_md.o(RESET)
    __Vectors_End                            0x080000ec   Data           0  startup_stm32f10x_md.o(RESET)
    __main                                   0x080000ed   Thumb Code     0  entry.o(.ARM.Collect$$$$00000000)
    _main_stk                                0x080000ed   Thumb Code     0  entry2.o(.ARM.Collect$$$$00000001)
    _main_scatterload                        0x080000f1   Thumb Code     0  entry5.o(.ARM.Collect$$$$00000004)
    __main_after_scatterload                 0x080000f5   Thumb Code     0  entry5.o(.ARM.Collect$$$$00000004)
    _main_clock                              0x080000f5   Thumb Code     0  entry7b.o(.ARM.Collect$$$$00000008)
    _main_cpp_init                           0x080000f5   Thumb Code     0  entry8b.o(.ARM.Collect$$$$0000000A)
    _main_init                               0x080000f5   Thumb Code     0  entry9a.o(.ARM.Collect$$$$0000000B)
    __rt_final_cpp                           0x080000fd   Thumb Code     0  entry10a.o(.ARM.Collect$$$$0000000D)
    __rt_final_exit                          0x080000fd   Thumb Code     0  entry11a.o(.ARM.Collect$$$$0000000F)
    rt_set_PSP                               0x08000101   Thumb Code     6  hal_cm3.o(.emb_text)
    rt_get_PSP                               0x08000107   Thumb Code     6  hal_cm3.o(.emb_text)
    os_set_env                               0x0800010d   Thumb Code    24  hal_cm3.o(.emb_text)
    _alloc_box                               0x08000129   Thumb Code    28  hal_cm3.o(.emb_text)
    _free_box                                0x08000149   Thumb Code    28  hal_cm3.o(.emb_text)
    SVC_Handler                              0x08000169   Thumb Code   124  hal_cm3.o(.emb_text)
    PendSV_Handler                           0x080001f1   Thumb Code    76  hal_cm3.o(.emb_text)
    SysTick_Handler                          0x08000241   Thumb Code     8  hal_cm3.o(.emb_text)
    OS_Tick_Handler                          0x08000249   Thumb Code    12  hal_cm3.o(.emb_text)
    GPIO_PinReverse                          0x08000255   Thumb Code     8  main.o(.text)
    Peripherals_On                           0x0800025d   Thumb Code    40  main.o(.text)
    Peripherals_Off                          0x08000285   Thumb Code    30  main.o(.text)
    ADC_Configuration                        0x080002a3   Thumb Code   246  main.o(.text)
    RCC_Configuration                        0x08000399   Thumb Code   116  main.o(.text)
    NVIC_Configuration                       0x0800040d   Thumb Code   172  main.o(.text)
    DMA_Configration                         0x080004b9   Thumb Code   290  main.o(.text)
    USART1_Configration                      0x080005db   Thumb Code   388  main.o(.text)
    USART2_Configration                      0x0800075f   Thumb Code   104  main.o(.text)
    USART3_Configration                      0x080007c7   Thumb Code   104  main.o(.text)
    UART4_Configration                       0x0800082f   Thumb Code   104  main.o(.text)
    UART5_Configration                       0x08000897   Thumb Code     2  main.o(.text)
    Write_TX_FIFO                            0x08000899   Thumb Code    98  main.o(.text)
    Read_TX_FIFO                             0x080008fb   Thumb Code    72  main.o(.text)
    Send_Data                                0x08000943   Thumb Code    74  main.o(.text)
    IMU_Get_DATA2                            0x0800098d   Thumb Code    50  main.o(.text)
    IMU_Get_DATA3                            0x080009bf   Thumb Code    50  main.o(.text)
    IMU_DATA_TRANS_1_9                       0x080009f1   Thumb Code   102  main.o(.text)
    IMU_DATA_TRANS_10_18                     0x08000a57   Thumb Code   172  main.o(.text)
    BATTERY_CHECK                            0x08000b03   Thumb Code   210  main.o(.text)
    Init_task                                0x08000bd5   Thumb Code   120  main.o(.text)
    main                                     0x08000c4d   Thumb Code    22  main.o(.text)
    TIM2_IRQHandler                          0x08000c63   Thumb Code    58  main.o(.text)
    USART2_IRQHandler                        0x08000c9d   Thumb Code   146  main.o(.text)
    USART3_IRQHandler                        0x08000d2f   Thumb Code   144  main.o(.text)
    DMA1_Channel4_IRQHandler                 0x08000dbf   Thumb Code    84  main.o(.text)
    os_idle_demon                            0x08000e75   Thumb Code     4  rtx_config.o(.text)
    os_tmr_call                              0x08000e79   Thumb Code     2  rtx_config.o(.text)
    os_error                                 0x08000e7b   Thumb Code     4  rtx_config.o(.text)
    Reset_Handler                            0x08000e81   Thumb Code     8  startup_stm32f10x_md.o(.text)
    NMI_Handler                              0x08000e89   Thumb Code     2  startup_stm32f10x_md.o(.text)
    HardFault_Handler                        0x08000e8b   Thumb Code     2  startup_stm32f10x_md.o(.text)
    MemManage_Handler                        0x08000e8d   Thumb Code     2  startup_stm32f10x_md.o(.text)
    BusFault_Handler                         0x08000e8f   Thumb Code     2  startup_stm32f10x_md.o(.text)
    UsageFault_Handler                       0x08000e91   Thumb Code     2  startup_stm32f10x_md.o(.text)
    DebugMon_Handler                         0x08000e95   Thumb Code     2  startup_stm32f10x_md.o(.text)
    ADC1_2_IRQHandler                        0x08000e9b   Thumb Code     0  startup_stm32f10x_md.o(.text)
    CAN1_RX1_IRQHandler                      0x08000e9b   Thumb Code     0  startup_stm32f10x_md.o(.text)
    CAN1_SCE_IRQHandler                      0x08000e9b   Thumb Code     0  startup_stm32f10x_md.o(.text)
    DMA1_Channel1_IRQHandler                 0x08000e9b   Thumb Code     0  startup_stm32f10x_md.o(.text)
    DMA1_Channel2_IRQHandler                 0x08000e9b   Thumb Code     0  startup_stm32f10x_md.o(.text)
    DMA1_Channel3_IRQHandler                 0x08000e9b   Thumb Code     0  startup_stm32f10x_md.o(.text)
    DMA1_Channel5_IRQHandler                 0x08000e9b   Thumb Code     0  startup_stm32f10x_md.o(.text)
    DMA1_Channel6_IRQHandler                 0x08000e9b   Thumb Code     0  startup_stm32f10x_md.o(.text)
    DMA1_Channel7_IRQHandler                 0x08000e9b   Thumb Code     0  startup_stm32f10x_md.o(.text)
    EXTI0_IRQHandler                         0x08000e9b   Thumb Code     0  startup_stm32f10x_md.o(.text)
    EXTI15_10_IRQHandler                     0x08000e9b   Thumb Code     0  startup_stm32f10x_md.o(.text)
    EXTI1_IRQHandler                         0x08000e9b   Thumb Code     0  startup_stm32f10x_md.o(.text)
    EXTI2_IRQHandler                         0x08000e9b   Thumb Code     0  startup_stm32f10x_md.o(.text)
    EXTI3_IRQHandler                         0x08000e9b   Thumb Code     0  startup_stm32f10x_md.o(.text)
    EXTI4_IRQHandler                         0x08000e9b   Thumb Code     0  startup_stm32f10x_md.o(.text)
    EXTI9_5_IRQHandler                       0x08000e9b   Thumb Code     0  startup_stm32f10x_md.o(.text)
    FLASH_IRQHandler                         0x08000e9b   Thumb Code     0  startup_stm32f10x_md.o(.text)
    I2C1_ER_IRQHandler                       0x08000e9b   Thumb Code     0  startup_stm32f10x_md.o(.text)
    I2C1_EV_IRQHandler                       0x08000e9b   Thumb Code     0  startup_stm32f10x_md.o(.text)
    I2C2_ER_IRQHandler                       0x08000e9b   Thumb Code     0  startup_stm32f10x_md.o(.text)
    I2C2_EV_IRQHandler                       0x08000e9b   Thumb Code     0  startup_stm32f10x_md.o(.text)
    PVD_IRQHandler                           0x08000e9b   Thumb Code     0  startup_stm32f10x_md.o(.text)
    RCC_IRQHandler                           0x08000e9b   Thumb Code     0  startup_stm32f10x_md.o(.text)
    RTCAlarm_IRQHandler                      0x08000e9b   Thumb Code     0  startup_stm32f10x_md.o(.text)
    RTC_IRQHandler                           0x08000e9b   Thumb Code     0  startup_stm32f10x_md.o(.text)
    SPI1_IRQHandler                          0x08000e9b   Thumb Code     0  startup_stm32f10x_md.o(.text)
    SPI2_IRQHandler                          0x08000e9b   Thumb Code     0  startup_stm32f10x_md.o(.text)
    TAMPER_IRQHandler                        0x08000e9b   Thumb Code     0  startup_stm32f10x_md.o(.text)
    TIM1_BRK_IRQHandler                      0x08000e9b   Thumb Code     0  startup_stm32f10x_md.o(.text)
    TIM1_CC_IRQHandler                       0x08000e9b   Thumb Code     0  startup_stm32f10x_md.o(.text)
    TIM1_TRG_COM_IRQHandler                  0x08000e9b   Thumb Code     0  startup_stm32f10x_md.o(.text)
    TIM1_UP_IRQHandler                       0x08000e9b   Thumb Code     0  startup_stm32f10x_md.o(.text)
    TIM3_IRQHandler                          0x08000e9b   Thumb Code     0  startup_stm32f10x_md.o(.text)
    TIM4_IRQHandler                          0x08000e9b   Thumb Code     0  startup_stm32f10x_md.o(.text)
    USART1_IRQHandler                        0x08000e9b   Thumb Code     0  startup_stm32f10x_md.o(.text)
    USBWakeUp_IRQHandler                     0x08000e9b   Thumb Code     0  startup_stm32f10x_md.o(.text)
    USB_HP_CAN1_TX_IRQHandler                0x08000e9b   Thumb Code     0  startup_stm32f10x_md.o(.text)
    USB_LP_CAN1_RX0_IRQHandler               0x08000e9b   Thumb Code     0  startup_stm32f10x_md.o(.text)
    WWDG_IRQHandler                          0x08000e9b   Thumb Code     0  startup_stm32f10x_md.o(.text)
    NVIC_PriorityGroupConfig                 0x08000ea5   Thumb Code    10  misc.o(.text)
    NVIC_Init                                0x08000eaf   Thumb Code   102  misc.o(.text)
    NVIC_SetVectorTable                      0x08000f15   Thumb Code    14  misc.o(.text)
    NVIC_SystemLPConfig                      0x08000f23   Thumb Code    34  misc.o(.text)
    SysTick_CLKSourceConfig                  0x08000f45   Thumb Code    40  misc.o(.text)
    DMA_DeInit                               0x08000f81   Thumb Code   324  stm32f10x_dma.o(.text)
    DMA_Init                                 0x080010c5   Thumb Code    60  stm32f10x_dma.o(.text)
    DMA_StructInit                           0x08001101   Thumb Code    26  stm32f10x_dma.o(.text)
    DMA_Cmd                                  0x0800111b   Thumb Code    24  stm32f10x_dma.o(.text)
    DMA_ITConfig                             0x08001133   Thumb Code    18  stm32f10x_dma.o(.text)
    DMA_SetCurrDataCounter                   0x08001145   Thumb Code     4  stm32f10x_dma.o(.text)
    DMA_GetCurrDataCounter                   0x08001149   Thumb Code     8  stm32f10x_dma.o(.text)
    DMA_GetFlagStatus                        0x08001151   Thumb Code    38  stm32f10x_dma.o(.text)
    DMA_ClearFlag                            0x08001177   Thumb Code    22  stm32f10x_dma.o(.text)
    DMA_GetITStatus                          0x0800118d   Thumb Code    38  stm32f10x_dma.o(.text)
    DMA_ClearITPendingBit                    0x080011b3   Thumb Code    22  stm32f10x_dma.o(.text)
    GPIO_DeInit                              0x080011d1   Thumb Code   172  stm32f10x_gpio.o(.text)
    GPIO_AFIODeInit                          0x0800127d   Thumb Code    20  stm32f10x_gpio.o(.text)
    GPIO_Init                                0x08001291   Thumb Code   274  stm32f10x_gpio.o(.text)
    GPIO_StructInit                          0x080013a3   Thumb Code    16  stm32f10x_gpio.o(.text)
    GPIO_ReadInputDataBit                    0x080013b3   Thumb Code    18  stm32f10x_gpio.o(.text)
    GPIO_ReadInputData                       0x080013c5   Thumb Code     8  stm32f10x_gpio.o(.text)
    GPIO_ReadOutputDataBit                   0x080013cd   Thumb Code    18  stm32f10x_gpio.o(.text)
    GPIO_ReadOutputData                      0x080013df   Thumb Code     8  stm32f10x_gpio.o(.text)
    GPIO_SetBits                             0x080013e7   Thumb Code     4  stm32f10x_gpio.o(.text)
    GPIO_ResetBits                           0x080013eb   Thumb Code     4  stm32f10x_gpio.o(.text)
    GPIO_WriteBit                            0x080013ef   Thumb Code    10  stm32f10x_gpio.o(.text)
    GPIO_Write                               0x080013f9   Thumb Code     4  stm32f10x_gpio.o(.text)
    GPIO_PinLockConfig                       0x080013fd   Thumb Code    18  stm32f10x_gpio.o(.text)
    GPIO_EventOutputConfig                   0x0800140f   Thumb Code    26  stm32f10x_gpio.o(.text)
    GPIO_EventOutputCmd                      0x08001429   Thumb Code     6  stm32f10x_gpio.o(.text)
    GPIO_PinRemapConfig                      0x0800142f   Thumb Code   138  stm32f10x_gpio.o(.text)
    GPIO_EXTILineConfig                      0x080014b9   Thumb Code    66  stm32f10x_gpio.o(.text)
    GPIO_ETH_MediaInterfaceConfig            0x080014fb   Thumb Code     6  stm32f10x_gpio.o(.text)
    RCC_DeInit                               0x08001529   Thumb Code    64  stm32f10x_rcc.o(.text)
    RCC_HSEConfig                            0x08001569   Thumb Code    70  stm32f10x_rcc.o(.text)
    RCC_GetFlagStatus                        0x080015af   Thumb Code    56  stm32f10x_rcc.o(.text)
    RCC_WaitForHSEStartUp                    0x080015e7   Thumb Code    56  stm32f10x_rcc.o(.text)
    RCC_AdjustHSICalibrationValue            0x0800161f   Thumb Code    20  stm32f10x_rcc.o(.text)
    RCC_HSICmd                               0x08001633   Thumb Code     6  stm32f10x_rcc.o(.text)
    RCC_PLLConfig                            0x08001639   Thumb Code    24  stm32f10x_rcc.o(.text)
    RCC_PLLCmd                               0x08001651   Thumb Code     6  stm32f10x_rcc.o(.text)
    RCC_SYSCLKConfig                         0x08001657   Thumb Code    18  stm32f10x_rcc.o(.text)
    RCC_GetSYSCLKSource                      0x08001669   Thumb Code    10  stm32f10x_rcc.o(.text)
    RCC_HCLKConfig                           0x08001673   Thumb Code    18  stm32f10x_rcc.o(.text)
    RCC_PCLK1Config                          0x08001685   Thumb Code    18  stm32f10x_rcc.o(.text)
    RCC_PCLK2Config                          0x08001697   Thumb Code    20  stm32f10x_rcc.o(.text)
    RCC_ITConfig                             0x080016ab   Thumb Code    26  stm32f10x_rcc.o(.text)
    RCC_USBCLKConfig                         0x080016c5   Thumb Code     6  stm32f10x_rcc.o(.text)
    RCC_ADCCLKConfig                         0x080016cb   Thumb Code    18  stm32f10x_rcc.o(.text)
    RCC_LSEConfig                            0x080016dd   Thumb Code    44  stm32f10x_rcc.o(.text)
    RCC_LSICmd                               0x08001709   Thumb Code     6  stm32f10x_rcc.o(.text)
    RCC_RTCCLKConfig                         0x0800170f   Thumb Code    12  stm32f10x_rcc.o(.text)
    RCC_RTCCLKCmd                            0x0800171b   Thumb Code     8  stm32f10x_rcc.o(.text)
    RCC_GetClocksFreq                        0x08001723   Thumb Code   192  stm32f10x_rcc.o(.text)
    RCC_AHBPeriphClockCmd                    0x080017e3   Thumb Code    26  stm32f10x_rcc.o(.text)
    RCC_APB2PeriphClockCmd                   0x080017fd   Thumb Code    26  stm32f10x_rcc.o(.text)
    RCC_APB1PeriphClockCmd                   0x08001817   Thumb Code    26  stm32f10x_rcc.o(.text)
    RCC_APB2PeriphResetCmd                   0x08001831   Thumb Code    26  stm32f10x_rcc.o(.text)
    RCC_APB1PeriphResetCmd                   0x0800184b   Thumb Code    26  stm32f10x_rcc.o(.text)
    RCC_BackupResetCmd                       0x08001865   Thumb Code     8  stm32f10x_rcc.o(.text)
    RCC_ClockSecuritySystemCmd               0x0800186d   Thumb Code     6  stm32f10x_rcc.o(.text)
    RCC_MCOConfig                            0x08001873   Thumb Code     6  stm32f10x_rcc.o(.text)
    RCC_ClearFlag                            0x08001879   Thumb Code    14  stm32f10x_rcc.o(.text)
    RCC_GetITStatus                          0x08001887   Thumb Code    20  stm32f10x_rcc.o(.text)
    RCC_ClearITPendingBit                    0x0800189b   Thumb Code     6  stm32f10x_rcc.o(.text)
    TIM_DeInit                               0x080018cd   Thumb Code   424  stm32f10x_tim.o(.text)
    TIM_TimeBaseInit                         0x08001a75   Thumb Code   122  stm32f10x_tim.o(.text)
    TIM_OC1Init                              0x08001aef   Thumb Code   132  stm32f10x_tim.o(.text)
    TIM_OC2Init                              0x08001b73   Thumb Code   154  stm32f10x_tim.o(.text)
    TIM_OC3Init                              0x08001c0d   Thumb Code   150  stm32f10x_tim.o(.text)
    TIM_OC4Init                              0x08001ca3   Thumb Code   182  stm32f10x_tim.o(.text)
    TIM_SetIC4Prescaler                      0x08001d59   Thumb Code    26  stm32f10x_tim.o(.text)
    TIM_SetIC3Prescaler                      0x08001df5   Thumb Code    18  stm32f10x_tim.o(.text)
    TIM_SetIC2Prescaler                      0x08001e81   Thumb Code    26  stm32f10x_tim.o(.text)
    TIM_SetIC1Prescaler                      0x08001f1d   Thumb Code    18  stm32f10x_tim.o(.text)
    TIM_ICInit                               0x08001f9b   Thumb Code   150  stm32f10x_tim.o(.text)
    TIM_PWMIConfig                           0x08002031   Thumb Code   124  stm32f10x_tim.o(.text)
    TIM_BDTRConfig                           0x080020ad   Thumb Code    32  stm32f10x_tim.o(.text)
    TIM_TimeBaseStructInit                   0x080020cd   Thumb Code    18  stm32f10x_tim.o(.text)
    TIM_OCStructInit                         0x080020df   Thumb Code    20  stm32f10x_tim.o(.text)
    TIM_ICStructInit                         0x080020f3   Thumb Code    18  stm32f10x_tim.o(.text)
    TIM_BDTRStructInit                       0x08002105   Thumb Code    40  stm32f10x_tim.o(.text)
    TIM_Cmd                                  0x0800212d   Thumb Code    24  stm32f10x_tim.o(.text)
    TIM_CtrlPWMOutputs                       0x08002145   Thumb Code    30  stm32f10x_tim.o(.text)
    TIM_ITConfig                             0x08002163   Thumb Code    18  stm32f10x_tim.o(.text)
    TIM_GenerateEvent                        0x08002175   Thumb Code     4  stm32f10x_tim.o(.text)
    TIM_DMAConfig                            0x08002179   Thumb Code    10  stm32f10x_tim.o(.text)
    TIM_DMACmd                               0x08002183   Thumb Code    18  stm32f10x_tim.o(.text)
    TIM_InternalClockConfig                  0x08002195   Thumb Code    12  stm32f10x_tim.o(.text)
    TIM_SelectInputTrigger                   0x080021a1   Thumb Code    18  stm32f10x_tim.o(.text)
    TIM_ITRxExternalClockConfig              0x080021b3   Thumb Code    24  stm32f10x_tim.o(.text)
    TIM_TIxExternalClockConfig               0x080021cb   Thumb Code    62  stm32f10x_tim.o(.text)
    TIM_ETRConfig                            0x08002209   Thumb Code    28  stm32f10x_tim.o(.text)
    TIM_ETRClockMode1Config                  0x08002225   Thumb Code    54  stm32f10x_tim.o(.text)
    TIM_ETRClockMode2Config                  0x0800225b   Thumb Code    32  stm32f10x_tim.o(.text)
    TIM_PrescalerConfig                      0x0800227b   Thumb Code     6  stm32f10x_tim.o(.text)
    TIM_CounterModeConfig                    0x08002281   Thumb Code    18  stm32f10x_tim.o(.text)
    TIM_EncoderInterfaceConfig               0x08002293   Thumb Code    66  stm32f10x_tim.o(.text)
    TIM_ForcedOC1Config                      0x080022d5   Thumb Code    18  stm32f10x_tim.o(.text)
    TIM_ForcedOC2Config                      0x080022e7   Thumb Code    26  stm32f10x_tim.o(.text)
    TIM_ForcedOC3Config                      0x08002301   Thumb Code    18  stm32f10x_tim.o(.text)
    TIM_ForcedOC4Config                      0x08002313   Thumb Code    26  stm32f10x_tim.o(.text)
    TIM_ARRPreloadConfig                     0x0800232d   Thumb Code    24  stm32f10x_tim.o(.text)
    TIM_SelectCOM                            0x08002345   Thumb Code    24  stm32f10x_tim.o(.text)
    TIM_SelectCCDMA                          0x0800235d   Thumb Code    24  stm32f10x_tim.o(.text)
    TIM_CCPreloadControl                     0x08002375   Thumb Code    24  stm32f10x_tim.o(.text)
    TIM_OC1PreloadConfig                     0x0800238d   Thumb Code    18  stm32f10x_tim.o(.text)
    TIM_OC2PreloadConfig                     0x0800239f   Thumb Code    26  stm32f10x_tim.o(.text)
    TIM_OC3PreloadConfig                     0x080023b9   Thumb Code    18  stm32f10x_tim.o(.text)
    TIM_OC4PreloadConfig                     0x080023cb   Thumb Code    26  stm32f10x_tim.o(.text)
    TIM_OC1FastConfig                        0x080023e5   Thumb Code    18  stm32f10x_tim.o(.text)
    TIM_OC2FastConfig                        0x080023f7   Thumb Code    26  stm32f10x_tim.o(.text)
    TIM_OC3FastConfig                        0x08002411   Thumb Code    18  stm32f10x_tim.o(.text)
    TIM_OC4FastConfig                        0x08002423   Thumb Code    26  stm32f10x_tim.o(.text)
    TIM_ClearOC1Ref                          0x0800243d   Thumb Code    18  stm32f10x_tim.o(.text)
    TIM_ClearOC2Ref                          0x0800244f   Thumb Code    24  stm32f10x_tim.o(.text)
    TIM_ClearOC3Ref                          0x08002467   Thumb Code    18  stm32f10x_tim.o(.text)
    TIM_ClearOC4Ref                          0x08002479   Thumb Code    24  stm32f10x_tim.o(.text)
    TIM_OC1PolarityConfig                    0x08002491   Thumb Code    18  stm32f10x_tim.o(.text)
    TIM_OC1NPolarityConfig                   0x080024a3   Thumb Code    18  stm32f10x_tim.o(.text)
    TIM_OC2PolarityConfig                    0x080024b5   Thumb Code    26  stm32f10x_tim.o(.text)
    TIM_OC2NPolarityConfig                   0x080024cf   Thumb Code    26  stm32f10x_tim.o(.text)
    TIM_OC3PolarityConfig                    0x080024e9   Thumb Code    26  stm32f10x_tim.o(.text)
    TIM_OC3NPolarityConfig                   0x08002503   Thumb Code    26  stm32f10x_tim.o(.text)
    TIM_OC4PolarityConfig                    0x0800251d   Thumb Code    26  stm32f10x_tim.o(.text)
    TIM_CCxCmd                               0x08002537   Thumb Code    30  stm32f10x_tim.o(.text)
    TIM_CCxNCmd                              0x08002555   Thumb Code    30  stm32f10x_tim.o(.text)
    TIM_SelectOCxM                           0x08002573   Thumb Code    82  stm32f10x_tim.o(.text)
    TIM_UpdateDisableConfig                  0x080025c5   Thumb Code    24  stm32f10x_tim.o(.text)
    TIM_UpdateRequestConfig                  0x080025dd   Thumb Code    24  stm32f10x_tim.o(.text)
    TIM_SelectHallSensor                     0x080025f5   Thumb Code    24  stm32f10x_tim.o(.text)
    TIM_SelectOnePulseMode                   0x0800260d   Thumb Code    18  stm32f10x_tim.o(.text)
    TIM_SelectOutputTrigger                  0x0800261f   Thumb Code    18  stm32f10x_tim.o(.text)
    TIM_SelectSlaveMode                      0x08002631   Thumb Code    18  stm32f10x_tim.o(.text)
    TIM_SelectMasterSlaveMode                0x08002643   Thumb Code    18  stm32f10x_tim.o(.text)
    TIM_SetCounter                           0x08002655   Thumb Code     4  stm32f10x_tim.o(.text)
    TIM_SetAutoreload                        0x08002659   Thumb Code     4  stm32f10x_tim.o(.text)
    TIM_SetCompare1                          0x0800265d   Thumb Code     4  stm32f10x_tim.o(.text)
    TIM_SetCompare2                          0x08002661   Thumb Code     4  stm32f10x_tim.o(.text)
    TIM_SetCompare3                          0x08002665   Thumb Code     4  stm32f10x_tim.o(.text)
    TIM_SetCompare4                          0x08002669   Thumb Code     6  stm32f10x_tim.o(.text)
    TIM_SetClockDivision                     0x0800266f   Thumb Code    18  stm32f10x_tim.o(.text)
    TIM_GetCapture1                          0x08002681   Thumb Code     6  stm32f10x_tim.o(.text)
    TIM_GetCapture2                          0x08002687   Thumb Code     6  stm32f10x_tim.o(.text)
    TIM_GetCapture3                          0x0800268d   Thumb Code     6  stm32f10x_tim.o(.text)
    TIM_GetCapture4                          0x08002693   Thumb Code     8  stm32f10x_tim.o(.text)
    TIM_GetCounter                           0x0800269b   Thumb Code     6  stm32f10x_tim.o(.text)
    TIM_GetPrescaler                         0x080026a1   Thumb Code     6  stm32f10x_tim.o(.text)
    TIM_GetFlagStatus                        0x080026a7   Thumb Code    18  stm32f10x_tim.o(.text)
    TIM_ClearFlag                            0x080026b9   Thumb Code     6  stm32f10x_tim.o(.text)
    TIM_GetITStatus                          0x080026bf   Thumb Code    34  stm32f10x_tim.o(.text)
    TIM_ClearITPendingBit                    0x080026e1   Thumb Code     6  stm32f10x_tim.o(.text)
    USART_DeInit                             0x080026e9   Thumb Code   134  stm32f10x_usart.o(.text)
    USART_Init                               0x0800276f   Thumb Code   210  stm32f10x_usart.o(.text)
    USART_StructInit                         0x08002841   Thumb Code    24  stm32f10x_usart.o(.text)
    USART_ClockInit                          0x08002859   Thumb Code    34  stm32f10x_usart.o(.text)
    USART_ClockStructInit                    0x0800287b   Thumb Code    12  stm32f10x_usart.o(.text)
    USART_Cmd                                0x08002887   Thumb Code    24  stm32f10x_usart.o(.text)
    USART_ITConfig                           0x0800289f   Thumb Code    74  stm32f10x_usart.o(.text)
    USART_DMACmd                             0x080028e9   Thumb Code    18  stm32f10x_usart.o(.text)
    USART_SetAddress                         0x080028fb   Thumb Code    18  stm32f10x_usart.o(.text)
    USART_WakeUpConfig                       0x0800290d   Thumb Code    18  stm32f10x_usart.o(.text)
    USART_ReceiverWakeUpCmd                  0x0800291f   Thumb Code    24  stm32f10x_usart.o(.text)
    USART_LINBreakDetectLengthConfig         0x08002937   Thumb Code    18  stm32f10x_usart.o(.text)
    USART_LINCmd                             0x08002949   Thumb Code    24  stm32f10x_usart.o(.text)
    USART_SendData                           0x08002961   Thumb Code     8  stm32f10x_usart.o(.text)
    USART_ReceiveData                        0x08002969   Thumb Code    10  stm32f10x_usart.o(.text)
    USART_SendBreak                          0x08002973   Thumb Code    10  stm32f10x_usart.o(.text)
    USART_SetGuardTime                       0x0800297d   Thumb Code    16  stm32f10x_usart.o(.text)
    USART_SetPrescaler                       0x0800298d   Thumb Code    16  stm32f10x_usart.o(.text)
    USART_SmartCardCmd                       0x0800299d   Thumb Code    24  stm32f10x_usart.o(.text)
    USART_SmartCardNACKCmd                   0x080029b5   Thumb Code    24  stm32f10x_usart.o(.text)
    USART_HalfDuplexCmd                      0x080029cd   Thumb Code    24  stm32f10x_usart.o(.text)
    USART_OverSampling8Cmd                   0x080029e5   Thumb Code    22  stm32f10x_usart.o(.text)
    USART_OneBitMethodCmd                    0x080029fb   Thumb Code    24  stm32f10x_usart.o(.text)
    USART_IrDAConfig                         0x08002a13   Thumb Code    18  stm32f10x_usart.o(.text)
    USART_IrDACmd                            0x08002a25   Thumb Code    24  stm32f10x_usart.o(.text)
    USART_GetFlagStatus                      0x08002a3d   Thumb Code    26  stm32f10x_usart.o(.text)
    USART_ClearFlag                          0x08002a57   Thumb Code    18  stm32f10x_usart.o(.text)
    USART_GetITStatus                        0x08002a69   Thumb Code    84  stm32f10x_usart.o(.text)
    USART_ClearITPendingBit                  0x08002abd   Thumb Code    52  stm32f10x_usart.o(.text)
    ADC_DeInit                               0x08002af1   Thumb Code    78  stm32f10x_adc.o(.text)
    ADC_Init                                 0x08002b3f   Thumb Code    70  stm32f10x_adc.o(.text)
    ADC_StructInit                           0x08002b85   Thumb Code    18  stm32f10x_adc.o(.text)
    ADC_Cmd                                  0x08002b97   Thumb Code    22  stm32f10x_adc.o(.text)
    ADC_DMACmd                               0x08002bad   Thumb Code    22  stm32f10x_adc.o(.text)
    ADC_ITConfig                             0x08002bc3   Thumb Code    24  stm32f10x_adc.o(.text)
    ADC_ResetCalibration                     0x08002bdb   Thumb Code    10  stm32f10x_adc.o(.text)
    ADC_GetResetCalibrationStatus            0x08002be5   Thumb Code    20  stm32f10x_adc.o(.text)
    ADC_StartCalibration                     0x08002bf9   Thumb Code    10  stm32f10x_adc.o(.text)
    ADC_GetCalibrationStatus                 0x08002c03   Thumb Code    20  stm32f10x_adc.o(.text)
    ADC_SoftwareStartConvCmd                 0x08002c17   Thumb Code    22  stm32f10x_adc.o(.text)
    ADC_GetSoftwareStartConvStatus           0x08002c2d   Thumb Code    20  stm32f10x_adc.o(.text)
    ADC_DiscModeChannelCountConfig           0x08002c41   Thumb Code    24  stm32f10x_adc.o(.text)
    ADC_DiscModeCmd                          0x08002c59   Thumb Code    22  stm32f10x_adc.o(.text)
    ADC_RegularChannelConfig                 0x08002c6f   Thumb Code   184  stm32f10x_adc.o(.text)
    ADC_ExternalTrigConvCmd                  0x08002d27   Thumb Code    22  stm32f10x_adc.o(.text)
    ADC_GetConversionValue                   0x08002d3d   Thumb Code     8  stm32f10x_adc.o(.text)
    ADC_GetDualModeConversionValue           0x08002d45   Thumb Code     8  stm32f10x_adc.o(.text)
    ADC_AutoInjectedConvCmd                  0x08002d4d   Thumb Code    22  stm32f10x_adc.o(.text)
    ADC_InjectedDiscModeCmd                  0x08002d63   Thumb Code    22  stm32f10x_adc.o(.text)
    ADC_ExternalTrigInjectedConvConfig       0x08002d79   Thumb Code    16  stm32f10x_adc.o(.text)
    ADC_ExternalTrigInjectedConvCmd          0x08002d89   Thumb Code    22  stm32f10x_adc.o(.text)
    ADC_SoftwareStartInjectedConvCmd         0x08002d9f   Thumb Code    22  stm32f10x_adc.o(.text)
    ADC_GetSoftwareStartInjectedConvCmdStatus 0x08002db5   Thumb Code    20  stm32f10x_adc.o(.text)
    ADC_InjectedChannelConfig                0x08002dc9   Thumb Code   130  stm32f10x_adc.o(.text)
    ADC_InjectedSequencerLengthConfig        0x08002e4b   Thumb Code    24  stm32f10x_adc.o(.text)
    ADC_SetInjectedOffset                    0x08002e63   Thumb Code    20  stm32f10x_adc.o(.text)
    ADC_GetInjectedConversionValue           0x08002e77   Thumb Code    28  stm32f10x_adc.o(.text)
    ADC_AnalogWatchdogCmd                    0x08002e93   Thumb Code    16  stm32f10x_adc.o(.text)
    ADC_AnalogWatchdogThresholdsConfig       0x08002ea3   Thumb Code     6  stm32f10x_adc.o(.text)
    ADC_AnalogWatchdogSingleChannelConfig    0x08002ea9   Thumb Code    16  stm32f10x_adc.o(.text)
    ADC_TempSensorVrefintCmd                 0x08002eb9   Thumb Code    64  stm32f10x_adc.o(.text)
    ADC_GetFlagStatus                        0x08002ef9   Thumb Code    18  stm32f10x_adc.o(.text)
    ADC_ClearFlag                            0x08002f0b   Thumb Code     6  stm32f10x_adc.o(.text)
    ADC_GetITStatus                          0x08002f11   Thumb Code    36  stm32f10x_adc.o(.text)
    ADC_ClearITPendingBit                    0x08002f35   Thumb Code    10  stm32f10x_adc.o(.text)
    SystemInit                               0x0800301d   Thumb Code    78  system_stm32f10x.o(.text)
    SystemCoreClockUpdate                    0x0800306b   Thumb Code   142  system_stm32f10x.o(.text)
    TIM4_Configration                        0x0800311d   Thumb Code   248  tim_init.o(.text)
    TIM2_Configuration                       0x08003215   Thumb Code    64  tim_init.o(.text)
    GPIO_Configration                        0x0800325d   Thumb Code   282  gpio_init.o(.text)
    __aeabi_fdiv                             0x08003381   Thumb Code   128  fdiv.o(.text)
    __aeabi_dmul                             0x08003401   Thumb Code   228  dmul.o(.text)
    __aeabi_ui2f                             0x080034e5   Thumb Code    10  ffltui.o(.text)
    __aeabi_f2d                              0x080034ef   Thumb Code    38  f2d.o(.text)
    __aeabi_cdcmpeq                          0x08003515   Thumb Code     0  cdcmple.o(.text)
    __aeabi_cdcmple                          0x08003515   Thumb Code    38  cdcmple.o(.text)
    __aeabi_cdrcmple                         0x0800353d   Thumb Code    38  cdrcmple.o(.text)
    __aeabi_d2f                              0x08003565   Thumb Code    56  d2f.o(.text)
    __I$use$fp                               0x0800359d   Thumb Code     0  iusefp.o(.text)
    _float_round                             0x0800359d   Thumb Code    18  fepilogue.o(.text)
    _float_epilogue                          0x080035af   Thumb Code    90  fepilogue.o(.text)
    _double_round                            0x08003609   Thumb Code    26  depilogue.o(.text)
    _double_epilogue                         0x08003623   Thumb Code   164  depilogue.o(.text)
    __scatterload                            0x080036c9   Thumb Code    28  init.o(.text)
    __scatterload_rt2                        0x080036c9   Thumb Code     0  init.o(.text)
    __aeabi_llsl                             0x080036ed   Thumb Code    30  llshl.o(.text)
    _ll_shift_l                              0x080036ed   Thumb Code     0  llshl.o(.text)
    __aeabi_llsr                             0x0800370b   Thumb Code    32  llushr.o(.text)
    _ll_ushift_r                             0x0800370b   Thumb Code     0  llushr.o(.text)
    SVC_Count                                0x0800372c   Data           4  SVC_Table.o(SVC_TABLE)
    SVC_Table                                0x08003730   Data           0  SVC_Table.o(SVC_TABLE)
    __scatterload_copy                       0x08003731   Thumb Code    14  handlers.o(i.__scatterload_copy)
    __scatterload_null                       0x0800373f   Thumb Code     2  handlers.o(i.__scatterload_null)
    __scatterload_zeroinit                   0x08003741   Thumb Code    14  handlers.o(i.__scatterload_zeroinit)
    _init_box                                0x0800374f   Thumb Code    70  rt_membox.o(i._init_box)
    dbg_init                                 0x08003795   Thumb Code    34  hal_cm3.o(i.dbg_init)
    dbg_task_notify                          0x080037c5   Thumb Code    32  hal_cm3.o(i.dbg_task_notify)
    dbg_task_switch                          0x080037e5   Thumb Code    16  hal_cm3.o(i.dbg_task_switch)
    isr_evt_set                              0x080037f5   Thumb Code    34  rt_event.o(i.isr_evt_set)
    os_tick_init                             0x0800381d   Thumb Code    32  rt_system.o(i.os_tick_init)
    os_tick_irqack                           0x08003845   Thumb Code     2  rt_system.o(i.os_tick_irqack)
    rt_alloc_box                             0x08003847   Thumb Code    26  rt_membox.o(i.rt_alloc_box)
    rt_block                                 0x08003861   Thumb Code    48  rt_task.o(i.rt_block)
    rt_chk_robin                             0x08003899   Thumb Code    60  rt_robin.o(i.rt_chk_robin)
    rt_dec_dly                               0x080038e1   Thumb Code   106  rt_list.o(i.rt_dec_dly)
    rt_dispatch                              0x08003955   Thumb Code    60  rt_task.o(i.rt_dispatch)
    rt_dly_wait                              0x08003999   Thumb Code     6  rt_time.o(i.rt_dly_wait)
    rt_evt_psh                               0x080039a1   Thumb Code    72  rt_event.o(i.rt_evt_psh)
    rt_evt_wait                              0x080039ed   Thumb Code    56  rt_event.o(i.rt_evt_wait)
    rt_free_box                              0x08003a29   Thumb Code    32  rt_membox.o(i.rt_free_box)
    rt_get_first                             0x08003a49   Thumb Code    40  rt_list.o(i.rt_get_first)
    rt_init_robin                            0x08003ab5   Thumb Code    14  rt_robin.o(i.rt_init_robin)
    rt_init_stack                            0x08003acd   Thumb Code    70  hal_cm3.o(i.rt_init_stack)
    rt_mbx_psh                               0x08003b1d   Thumb Code   188  rt_mailbox.o(i.rt_mbx_psh)
    rt_pop_req                               0x08003bdd   Thumb Code   106  rt_system.o(i.rt_pop_req)
    rt_psh_req                               0x08003c55   Thumb Code    22  rt_system.o(i.rt_psh_req)
    rt_psq_enq                               0x08003c75   Thumb Code    82  rt_list.o(i.rt_psq_enq)
    rt_put_dly                               0x08003ccd   Thumb Code    68  rt_list.o(i.rt_put_dly)
    rt_put_prio                              0x08003d15   Thumb Code    54  rt_list.o(i.rt_put_prio)
    rt_put_rdy_first                         0x08003d4d   Thumb Code    14  rt_list.o(i.rt_put_rdy_first)
    rt_rmv_dly                               0x08003d61   Thumb Code    40  rt_list.o(i.rt_rmv_dly)
    rt_rmv_list                              0x08003d89   Thumb Code    44  rt_list.o(i.rt_rmv_list)
    rt_sem_psh                               0x08003db9   Thumb Code    46  rt_semaphore.o(i.rt_sem_psh)
    rt_stk_check                             0x08003ded   Thumb Code    28  rt_system.o(i.rt_stk_check)
    rt_switch_req                            0x08003e11   Thumb Code    30  rt_task.o(i.rt_switch_req)
    rt_sys_init                              0x08003e39   Thumb Code   266  rt_task.o(i.rt_sys_init)
    rt_systick                               0x08003f91   Thumb Code    48  rt_system.o(i.rt_systick)
    rt_tmr_tick                              0x08003fcd   Thumb Code    56  rt_timer.o(i.rt_tmr_tick)
    rt_tsk_create                            0x0800400d   Thumb Code   126  rt_task.o(i.rt_tsk_create)
    rt_tsk_delete                            0x080040a1   Thumb Code   162  rt_task.o(i.rt_tsk_delete)
    rt_tsk_lock                              0x0800415d   Thumb Code    70  rt_system.o(i.rt_tsk_lock)
    rt_tsk_self                              0x080041ad   Thumb Code    12  rt_task.o(i.rt_tsk_self)
    rt_tsk_unlock                            0x080041bd   Thumb Code    70  rt_system.o(i.rt_tsk_unlock)
    os_maxtaskrun                            0x0800420c   Data           2  rtx_config.o(.constdata)
    os_stackinfo                             0x08004210   Data           4  rtx_config.o(.constdata)
    os_rrobin                                0x08004214   Data           4  rtx_config.o(.constdata)
    os_trv                                   0x08004218   Data           4  rtx_config.o(.constdata)
    os_flags                                 0x0800421c   Data           1  rtx_config.o(.constdata)
    os_clockrate                             0x08004220   Data           4  rtx_config.o(.constdata)
    os_timernum                              0x08004224   Data           4  rtx_config.o(.constdata)
    mp_tcb_size                              0x08004228   Data           2  rtx_config.o(.constdata)
    mp_stk_size                              0x0800422c   Data           4  rtx_config.o(.constdata)
    os_fifo_size                             0x08004230   Data           1  rtx_config.o(.constdata)
    mp_tmr_size                              0x08004232   Data           2  rtx_config.o(.constdata)
    Region$$Table$$Base                      0x08004234   Number         0  anon$$obj.o(Region$$Table)
    Region$$Table$$Limit                     0x08004254   Number         0  anon$$obj.o(Region$$Table)
    DMA_Statue                               0x20000000   Data           4  main.o(.data)
    crc_error_count                          0x20000004   Data           4  main.o(.data)
    ADC_ConvertedValue                       0x20000008   Data           2  main.o(.data)
    IMU_DATA_TRANS_1_9_ID                    0x2000000c   Data           4  main.o(.data)
    IMU_DATA_TRANS_10_18_ID                  0x20000010   Data           4  main.o(.data)
    IMU_DATA_TRANS_13_18_ID                  0x20000014   Data           4  main.o(.data)
    crc_mutex                                0x20000018   Data           1  main.o(.data)
    m_tmr                                    0x2000001c   Data           4  rtx_config.o(.data)
    SystemCoreClock                          0x20000034   Data           4  system_stm32f10x.o(.data)
    AHBPrescTable                            0x20000038   Data          16  system_stm32f10x.o(.data)
    os_tsk                                   0x20000048   Data           8  rt_task.o(.data)
    os_tick_irqn                             0x20000054   Data           4  rt_system.o(.data)
    os_time                                  0x20000058   Data           4  rt_time.o(.data)
    dbg_msg                                  0x2000005c   Data           1  hal_cm3.o(.data)
    os_tmr                                   0x20000060   Data           8  rt_timer.o(.data)
    os_robin                                 0x20000068   Data           8  rt_robin.o(.data)
    USART1_DMA_RX_BUF                        0x20000070   Data          30  main.o(.bss)
    USART2_DMA_RX_BUF                        0x2000008e   Data          30  main.o(.bss)
    USART3_DMA_RX_BUF                        0x200000ac   Data          30  main.o(.bss)
    UART4_DMA_RX_BUF                         0x200000ca   Data          30  main.o(.bss)
    UART5_DMA_RX_BUF                         0x200000e8   Data          30  main.o(.bss)
    USART1_RX_DATA                           0x20000106   Data          30  main.o(.bss)
    USART2_RX_DATA                           0x20000124   Data          30  main.o(.bss)
    USART3_RX_DATA                           0x20000142   Data          30  main.o(.bss)
    UART4_RX_DATA                            0x20000160   Data          30  main.o(.bss)
    UART5_RX_DATA                            0x2000017e   Data          30  main.o(.bss)
    Uart_Send_Buffer                         0x2000019c   Data         100  main.o(.bss)
    TX_FIFO                                  0x20000200   Data        1006  main.o(.bss)
    testlist                                 0x200005ee   Data          10  main.o(.bss)
    crc_error_list                           0x200005f8   Data        1000  main.o(.bss)
    mp_tcb                                   0x200009e0   Data         780  rtx_config.o(.bss)
    mp_stk                                   0x20000cf0   Data        3416  rtx_config.o(.bss)
    os_fifo                                  0x20001a48   Data         132  rtx_config.o(.bss)
    os_active_TCB                            0x20001acc   Data          64  rtx_config.o(.bss)
    os_idle_TCB                              0x20001b0c   Data          48  rt_task.o(.bss)
    os_rdy                                   0x20001b3c   Data          24  rt_list.o(.bss)
    os_dly                                   0x20001b54   Data          24  rt_list.o(.bss)
    __initial_sp                             0x20001f70   Data           0  startup_stm32f10x_md.o(STACK)



==============================================================================

Memory Map of the image

  Image Entry point : 0x080000ed

  Load Region LR_IROM1 (Base: 0x08000000, Size: 0x000042c4, Max: 0x00040000, ABSOLUTE)

    Execution Region ER_IROM1 (Base: 0x08000000, Size: 0x00004254, Max: 0x00040000, ABSOLUTE)

    Base Addr    Size         Type   Attr      Idx    E Section Name        Object

    0x08000000   0x000000ec   Data   RO          192    RESET               startup_stm32f10x_md.o
    0x080000ec   0x00000000   Code   RO         1037  * .ARM.Collect$$$$00000000  mc_w.l(entry.o)
    0x080000ec   0x00000004   Code   RO         1054    .ARM.Collect$$$$00000001  mc_w.l(entry2.o)
    0x080000f0   0x00000004   Code   RO         1057    .ARM.Collect$$$$00000004  mc_w.l(entry5.o)
    0x080000f4   0x00000000   Code   RO         1059    .ARM.Collect$$$$00000008  mc_w.l(entry7b.o)
    0x080000f4   0x00000000   Code   RO         1061    .ARM.Collect$$$$0000000A  mc_w.l(entry8b.o)
    0x080000f4   0x00000008   Code   RO         1062    .ARM.Collect$$$$0000000B  mc_w.l(entry9a.o)
    0x080000fc   0x00000000   Code   RO         1064    .ARM.Collect$$$$0000000D  mc_w.l(entry10a.o)
    0x080000fc   0x00000000   Code   RO         1066    .ARM.Collect$$$$0000000F  mc_w.l(entry11a.o)
    0x080000fc   0x00000004   Code   RO         1055    .ARM.Collect$$$$00002712  mc_w.l(entry2.o)
    0x08000100   0x00000154   Code   RO          748    .emb_text           RTX_CM3.LIB(hal_cm3.o)
    0x08000254   0x00000c20   Code   RO            3    .text               main.o
    0x08000e74   0x0000000a   Code   RO          170    .text               rtx_config.o
    0x08000e7e   0x00000002   PAD
    0x08000e80   0x00000024   Code   RO          193    .text               startup_stm32f10x_md.o
    0x08000ea4   0x000000dc   Code   RO          199    .text               misc.o
    0x08000f80   0x00000250   Code   RO          259    .text               stm32f10x_dma.o
    0x080011d0   0x00000358   Code   RO          299    .text               stm32f10x_gpio.o
    0x08001528   0x000003a4   Code   RO          319    .text               stm32f10x_rcc.o
    0x080018cc   0x00000e1a   Code   RO          341    .text               stm32f10x_tim.o
    0x080026e6   0x00000002   PAD
    0x080026e8   0x00000408   Code   RO          361    .text               stm32f10x_usart.o
    0x08002af0   0x0000044e   Code   RO          381    .text               stm32f10x_adc.o
    0x08002f3e   0x00000002   PAD
    0x08002f40   0x000001dc   Code   RO          401    .text               system_stm32f10x.o
    0x0800311c   0x00000140   Code   RO          427    .text               tim_init.o
    0x0800325c   0x00000124   Code   RO          468    .text               gpio_init.o
    0x08003380   0x00000080   Code   RO         1040    .text               mf_w.l(fdiv.o)
    0x08003400   0x000000e4   Code   RO         1042    .text               mf_w.l(dmul.o)
    0x080034e4   0x0000000a   Code   RO         1044    .text               mf_w.l(ffltui.o)
    0x080034ee   0x00000026   Code   RO         1046    .text               mf_w.l(f2d.o)
    0x08003514   0x00000028   Code   RO         1048    .text               mf_w.l(cdcmple.o)
    0x0800353c   0x00000028   Code   RO         1050    .text               mf_w.l(cdrcmple.o)
    0x08003564   0x00000038   Code   RO         1052    .text               mf_w.l(d2f.o)
    0x0800359c   0x00000000   Code   RO         1068    .text               mc_w.l(iusefp.o)
    0x0800359c   0x0000006c   Code   RO         1069    .text               mf_w.l(fepilogue.o)
    0x08003608   0x000000be   Code   RO         1071    .text               mf_w.l(depilogue.o)
    0x080036c6   0x00000002   PAD
    0x080036c8   0x00000024   Code   RO         1073    .text               mc_w.l(init.o)
    0x080036ec   0x0000001e   Code   RO         1075    .text               mc_w.l(llshl.o)
    0x0800370a   0x00000020   Code   RO         1077    .text               mc_w.l(llushr.o)
    0x0800372a   0x00000002   PAD
    0x0800372c   0x00000004   Code   RO         1034    SVC_TABLE           RTX_CM3.LIB(SVC_Table.o)
    0x08003730   0x0000000e   Code   RO         1081    i.__scatterload_copy  mc_w.l(handlers.o)
    0x0800373e   0x00000002   Code   RO         1082    i.__scatterload_null  mc_w.l(handlers.o)
    0x08003740   0x0000000e   Code   RO         1083    i.__scatterload_zeroinit  mc_w.l(handlers.o)
    0x0800374e   0x00000046   Code   RO         1005    i._init_box         RTX_CM3.LIB(rt_membox.o)
    0x08003794   0x00000030   Code   RO          749    i.dbg_init          RTX_CM3.LIB(hal_cm3.o)
    0x080037c4   0x00000020   Code   RO          750    i.dbg_task_notify   RTX_CM3.LIB(hal_cm3.o)
    0x080037e4   0x00000010   Code   RO          751    i.dbg_task_switch   RTX_CM3.LIB(hal_cm3.o)
    0x080037f4   0x00000028   Code   RO          673    i.isr_evt_set       RTX_CM3.LIB(rt_event.o)
    0x0800381c   0x00000028   Code   RO          586    i.os_tick_init      RTX_CM3.LIB(rt_system.o)
    0x08003844   0x00000002   Code   RO          587    i.os_tick_irqack    RTX_CM3.LIB(rt_system.o)
    0x08003846   0x0000001a   Code   RO         1006    i.rt_alloc_box      RTX_CM3.LIB(rt_membox.o)
    0x08003860   0x00000038   Code   RO          486    i.rt_block          RTX_CM3.LIB(rt_task.o)
    0x08003898   0x00000048   Code   RO          983    i.rt_chk_robin      RTX_CM3.LIB(rt_robin.o)
    0x080038e0   0x00000074   Code   RO          789    i.rt_dec_dly        RTX_CM3.LIB(rt_list.o)
    0x08003954   0x00000044   Code   RO          487    i.rt_dispatch       RTX_CM3.LIB(rt_task.o)
    0x08003998   0x00000006   Code   RO          715    i.rt_dly_wait       RTX_CM3.LIB(rt_time.o)
    0x0800399e   0x00000002   PAD
    0x080039a0   0x0000004c   Code   RO          676    i.rt_evt_psh        RTX_CM3.LIB(rt_event.o)
    0x080039ec   0x0000003c   Code   RO          678    i.rt_evt_wait       RTX_CM3.LIB(rt_event.o)
    0x08003a28   0x00000020   Code   RO         1007    i.rt_free_box       RTX_CM3.LIB(rt_membox.o)
    0x08003a48   0x00000028   Code   RO          790    i.rt_get_first      RTX_CM3.LIB(rt_list.o)
    0x08003a70   0x00000044   Code   RO          488    i.rt_init_context   RTX_CM3.LIB(rt_task.o)
    0x08003ab4   0x00000018   Code   RO          984    i.rt_init_robin     RTX_CM3.LIB(rt_robin.o)
    0x08003acc   0x00000050   Code   RO          752    i.rt_init_stack     RTX_CM3.LIB(hal_cm3.o)
    0x08003b1c   0x000000c0   Code   RO          872    i.rt_mbx_psh        RTX_CM3.LIB(rt_mailbox.o)
    0x08003bdc   0x00000078   Code   RO          588    i.rt_pop_req        RTX_CM3.LIB(rt_system.o)
    0x08003c54   0x00000020   Code   RO          589    i.rt_psh_req        RTX_CM3.LIB(rt_system.o)
    0x08003c74   0x00000058   Code   RO          792    i.rt_psq_enq        RTX_CM3.LIB(rt_list.o)
    0x08003ccc   0x00000048   Code   RO          793    i.rt_put_dly        RTX_CM3.LIB(rt_list.o)
    0x08003d14   0x00000036   Code   RO          794    i.rt_put_prio       RTX_CM3.LIB(rt_list.o)
    0x08003d4a   0x00000002   PAD
    0x08003d4c   0x00000014   Code   RO          795    i.rt_put_rdy_first  RTX_CM3.LIB(rt_list.o)
    0x08003d60   0x00000028   Code   RO          797    i.rt_rmv_dly        RTX_CM3.LIB(rt_list.o)
    0x08003d88   0x00000030   Code   RO          798    i.rt_rmv_list       RTX_CM3.LIB(rt_list.o)
    0x08003db8   0x00000034   Code   RO          922    i.rt_sem_psh        RTX_CM3.LIB(rt_semaphore.o)
    0x08003dec   0x00000024   Code   RO          591    i.rt_stk_check      RTX_CM3.LIB(rt_system.o)
    0x08003e10   0x00000028   Code   RO          489    i.rt_switch_req     RTX_CM3.LIB(rt_task.o)
    0x08003e38   0x00000158   Code   RO          490    i.rt_sys_init       RTX_CM3.LIB(rt_task.o)
    0x08003f90   0x0000003c   Code   RO          593    i.rt_systick        RTX_CM3.LIB(rt_system.o)
    0x08003fcc   0x00000040   Code   RO          958    i.rt_tmr_tick       RTX_CM3.LIB(rt_timer.o)
    0x0800400c   0x00000094   Code   RO          491    i.rt_tsk_create     RTX_CM3.LIB(rt_task.o)
    0x080040a0   0x000000bc   Code   RO          492    i.rt_tsk_delete     RTX_CM3.LIB(rt_task.o)
    0x0800415c   0x00000050   Code   RO          594    i.rt_tsk_lock       RTX_CM3.LIB(rt_system.o)
    0x080041ac   0x00000010   Code   RO          495    i.rt_tsk_self       RTX_CM3.LIB(rt_task.o)
    0x080041bc   0x00000050   Code   RO          595    i.rt_tsk_unlock     RTX_CM3.LIB(rt_system.o)
    0x0800420c   0x00000028   Data   RO          172    .constdata          rtx_config.o
    0x08004234   0x00000020   Data   RO         1079    Region$$Table       anon$$obj.o


    Execution Region RW_IRAM1 (Base: 0x20000000, Size: 0x00001f70, Max: 0x0000c000, ABSOLUTE)

    Base Addr    Size         Type   Attr      Idx    E Section Name        Object

    0x20000000   0x00000019   Data   RW            5    .data               main.o
    0x20000019   0x00000003   PAD
    0x2000001c   0x00000004   Data   RW          173    .data               rtx_config.o
    0x20000020   0x00000014   Data   RW          320    .data               stm32f10x_rcc.o
    0x20000034   0x00000014   Data   RW          402    .data               system_stm32f10x.o
    0x20000048   0x00000008   Data   RW          497    .data               RTX_CM3.LIB(rt_task.o)
    0x20000050   0x00000008   Data   RW          596    .data               RTX_CM3.LIB(rt_system.o)
    0x20000058   0x00000004   Data   RW          719    .data               RTX_CM3.LIB(rt_time.o)
    0x2000005c   0x00000001   Data   RW          753    .data               RTX_CM3.LIB(hal_cm3.o)
    0x2000005d   0x00000003   PAD
    0x20000060   0x00000008   Data   RW          959    .data               RTX_CM3.LIB(rt_timer.o)
    0x20000068   0x00000008   Data   RW          985    .data               RTX_CM3.LIB(rt_robin.o)
    0x20000070   0x00000970   Zero   RW            4    .bss                main.o
    0x200009e0   0x0000112c   Zero   RW          171    .bss                rtx_config.o
    0x20001b0c   0x00000030   Zero   RW          496    .bss                RTX_CM3.LIB(rt_task.o)
    0x20001b3c   0x00000030   Zero   RW          799    .bss                RTX_CM3.LIB(rt_list.o)
    0x20001b6c   0x00000004   PAD
    0x20001b70   0x00000400   Zero   RW          190    STACK               startup_stm32f10x_md.o


==============================================================================

Image component sizes


      Code (inc. data)   RO Data    RW Data    ZI Data      Debug   Object Name

       292         10          0          0          0        608   gpio_init.o
      3104        214          0         25       2416     285708   main.o
       220         20          0          0          0       1865   misc.o
        10          0         40          4       4396       1860   rtx_config.o
        36          8        236          0       1024        852   startup_stm32f10x_md.o
      1102         26          0          0          0      10897   stm32f10x_adc.o
       592          8          0          0          0       4394   stm32f10x_dma.o
       856         40          0          0          0       5709   stm32f10x_gpio.o
       932         44          0         20          0       8880   stm32f10x_rcc.o
      3610         88          0          0          0      22196   stm32f10x_tim.o
      1032         22          0          0          0       8436   stm32f10x_usart.o
       476         36          0         20          0       1979   system_stm32f10x.o
       320          8          0          0          0        863   tim_init.o

    ----------------------------------------------------------------------
     12588        524        308         72       7836     354247   Object Totals
         0          0         32          0          0          0   (incl. Generated)
         6          0          0          3          0          0   (incl. Padding)

    ----------------------------------------------------------------------

      Code (inc. data)   RO Data    RW Data    ZI Data      Debug   Library Member Name

         4          4          0          0          0        140   SVC_Table.o
       516         56          0          1          0       2477   hal_cm3.o
       176         14          0          0          0       1537   rt_event.o
       478         30          0          0         48       6348   rt_list.o
       192          4          0          0          0        609   rt_mailbox.o
       128          0          0          0          0       1497   rt_membox.o
        96         22          0          8          0        974   rt_robin.o
        52          6          0          0          0        453   rt_semaphore.o
       450         72          0          8          0       4193   rt_system.o
       928        160          0          8         48       6664   rt_task.o
         6          0          0          4          0        504   rt_time.o
        64          8          0          8          0        583   rt_timer.o
         0          0          0          0          0          0   entry.o
         0          0          0          0          0          0   entry10a.o
         0          0          0          0          0          0   entry11a.o
         8          4          0          0          0          0   entry2.o
         4          0          0          0          0          0   entry5.o
         0          0          0          0          0          0   entry7b.o
         0          0          0          0          0          0   entry8b.o
         8          4          0          0          0          0   entry9a.o
        30          0          0          0          0          0   handlers.o
        36          8          0          0          0         68   init.o
         0          0          0          0          0          0   iusefp.o
        30          0          0          0          0         68   llshl.o
        32          0          0          0          0         68   llushr.o
        40          2          0          0          0         68   cdcmple.o
        40          2          0          0          0         68   cdrcmple.o
        56          0          0          0          0         88   d2f.o
       190          0          0          0          0        176   depilogue.o
       228          0          0          0          0         92   dmul.o
        38          0          0          0          0         68   f2d.o
       128          0          0          0          0         88   fdiv.o
       108          0          0          0          0        168   fepilogue.o
        10          0          0          0          0         68   ffltui.o

    ----------------------------------------------------------------------
      4084        396          0         40        100      27067   Library Totals
         8          0          0          3          4          0   (incl. Padding)

    ----------------------------------------------------------------------

      Code (inc. data)   RO Data    RW Data    ZI Data      Debug   Library Name

      3090        376          0         37         96      25979   RTX_CM3.LIB
       148         16          0          0          0        204   mc_w.l
       838          4          0          0          0        884   mf_w.l

    ----------------------------------------------------------------------
      4084        396          0         40        100      27067   Library Totals

    ----------------------------------------------------------------------

==============================================================================


      Code (inc. data)   RO Data    RW Data    ZI Data      Debug   

     16672        920        308        112       7936     377362   Grand Totals
     16672        920        308        112       7936     377362   ELF Image Totals
     16672        920        308        112          0          0   ROM Totals

==============================================================================

    Total RO  Size (Code + RO Data)                16980 (  16.58kB)
    Total RW  Size (RW Data + ZI Data)              8048 (   7.86kB)
    Total ROM Size (Code + RO Data + RW Data)      17092 (  16.69kB)

==============================================================================

